0/!CYBER~1.GIF
0/!FOX8.JPG
0/001_ECLP.GIF
0/002_ECLP.GIF
0/003_ECLP.GIF
0/01_FIR~1.GIF
0/156TIG~1.GIF
0/1SIDEF~1.GIF
0/1STBASE.GIF
0/2DIEFUR.GIF
0/2F-BIZAR.GIF
0/2F-INNOG.GIF
0/2F-PATRL.GIF
0/2F-SKETC.GIF
0/2F-TWERP.GIF
0/2FLOWER.GIF
0/3-MECH~1.GIF
0/3D-BEACH.JPG
0/3D_VERA.JPG
0/3FRIENDS.JPG
0/3FURRI~1.GIF
0/3PTAILS.GIF
0/40KCAT~1.GIF
0/4TAD.GIF
0/555-MEEP.JPG
A/A-GURE~1.GIF
A/AA13FP.GIF
A/AA3.JPG
A/AA5.JPG
A/AAAAAR!.GIF
A/AAARROOO.GIF
A/AARON1.JPG
A/AAWED1.JPG
A/AAWED2.JPG
A/AA_CHOOO.GIF
A/ABAP.JPG
A/ABE12.GIF
A/ABFREEZ.JPG
A/ABIGAI~1.GIF
A/ABLUFOXY.GIF
A/ABSKUNK.JPG
A/ABSOLUT.GIF
A/ACHEN-~1.GIF
A/ADASTR~1.GIF
A/ADMRL_CL.GIF
A/ADMRL_NK.GIF
A/ADOODLE.JPG
A/ADVERT1.GIF
A/ADVERT2.GIF
A/AELFIN~1.GIF
A/AEMBER~1.GIF
A/AENTON~1.GIF
A/AEONIA~1.GIF
A/AEONIA~2.GIF
A/AETHAN~1.JPG
A/AETOBA~1.GIF
A/AFITAMY.GIF
A/AFTERBAT.GIF
A/AFT_HE~1.JPG
A/AFURRY7.GIF
A/AGILITY.JPG
A/AHA!.GIF
A/AHA-AH.GIF
A/AHWTSHBK.GIF
A/AHWTSHFR.GIF
A/AHWTSHSD.GIF
A/AILEEN~1.GIF
A/AINEN-GW.GIF
A/AIRSHI~1.GIF
A/AJ-N-C~1.GIF
A/AJA-AD~1.GIF
A/AJWOLF.GIF
A/AKAIRY~1.GIF
A/AKAIRY~2.GIF
A/AKELA-GG.GIF
A/AKI-CW.GIF
A/AKI-N-~1.GIF
A/AKI-RW.GIF
A/AL-N-S~1.GIF
A/ALARI.JPG
A/ALBEDO~1.GIF
A/ALEEOOP.GIF
A/ALEGANA.GIF
A/ALEGANA.JPG
A/ALEGAN~1.GIF
A/ALENBIKE.GIF
A/ALENDR~1.GIF
A/ALENDR~2.GIF
A/ALENDR~3.GIF
A/ALEX-A~1.GIF
A/ALEXEI01.GIF
A/ALEXTAUR.GIF
A/ALGIERS.JPG
A/ALGIERS1.GIF
A/ALICE.GIF
A/ALICE_RL.GIF
A/ALICIA~1.GIF
A/ALICIA~2.GIF
A/ALIKSA~1.GIF
A/ALLEN-GW.GIF
A/ALLESS~1.GIF
A/ALLRIGHT.GIF
A/ALMACKEY.GIF
A/ALONE.GIF
A/ALTONA~1.JPG
A/ALTOON~1.GIF
A/ALYSHA~1.GIF
A/ALYSTIN.JPG
A/ALYT-GW.GIF
A/ALYT2.GIF
A/ALYTLUNA.GIF
A/ALYTMONA.GIF
A/AMANDA~1.GIF
A/AMARAK~1.GIF
A/AMAZON1.GIF
A/AMBER.JPG
A/AMBERL~1.GIF
A/AMBERL~2.GIF
A/AMELIA.GIF
A/AMICUE~1.GIF
A/AMINA-~1.GIF
A/AMONGU~1.GIF
A/AMY-FOX.GIF
A/AMY.GIF
A/AMYAWARD.GIF
A/AMYCLRCT.GIF
A/AMYMITS.GIF
A/AMY_HI~1.GIF
A/AMY_HI~2.GIF
A/AMY_HI~3.GIF
A/AMY_HI~4.GIF
A/AMY_HI~5.GIF
A/AMY_HI~6.GIF
A/AMY_HI~7.GIF
A/AMY_HI~8.GIF
A/AMY_HI~9.GIF
A/AMY_H~10.GIF
A/AMY_SQ~1.GIF
A/AN.JPG
A/ANASSE~1.GIF
A/ANDEE.JPG
A/ANDELIN.JPG
A/ANDREA~1.GIF
A/ANDREA~2.GIF
A/ANGEL-~1.GIF
A/ANGEL-~2.GIF
A/ANGEL.GIF
A/ANGELINE.JPG
A/ANGLWEEP.GIF
A/ANGUISH.GIF
A/ANIELL~1.GIF
A/ANIME-P3.GIF
A/ANIME-~1.GIF
A/ANN-SW~1.GIF
A/ANTHONYF.GIF
A/ANTICI~1.GIF
A/ANTOIN~1.GIF
A/AP-CAR~1.GIF
A/AP-DAY~1.GIF
A/AP-DON~1.GIF
A/AP-DRA~1.JPG
A/AP-HIG~1.GIF
A/AP-POL~1.GIF
A/AP-POS~1.JPG
A/APCAT.GIF
A/APDETECT.GIF
A/APHURTS.GIF
A/APLMAGIC.GIF
A/APPANTS.GIF
A/APRIKAL1.GIF
A/APRIL_~1.GIF
A/APRIVER.GIF
A/APRIVER.JPG
A/APSNAKE.GIF
A/APTUG2.GIF
A/AP_ARMA.GIF
A/AP_BAR.GIF
A/AP_BEADY.GIF
A/AP_BEAST.GIF
A/AP_BILBY.GIF
A/AP_COUGR.GIF
A/AP_DANCE.GIF
A/AP_DF.GIF
A/AP_DRAGN.GIF
A/AP_EVIL.GIF
A/AP_FIGHT.GIF
A/AP_FLE.GIF
A/AP_FOX1.GIF
A/AP_FOX2.GIF
A/AP_GARG.GIF
A/AP_GDZIL.GIF
A/AP_GROUP.GIF
A/AP_JERRY.GIF
A/AP_LEXRO.GIF
A/AP_LEXY1.GIF
A/AP_LEXY2.GIF
A/AP_LOVE.GIF
A/AP_MAGE.GIF
A/AP_ME.GIF
A/AP_ME2.GIF
A/AP_ME3.GIF
A/AP_MEME1.GIF
A/AP_MEME2.GIF
A/AP_MEME3.GIF
A/AP_MICE1.GIF
A/AP_MICE2.GIF
A/AP_MINE.GIF
A/AP_MONTA.GIF
A/AP_MSKUL.GIF
A/AP_NEWT.GIF
A/AP_NEXT.GIF
A/AP_ORYX.GIF
A/AP_PATCH.GIF
A/AP_PUNK.GIF
A/AP_RACC1.GIF
A/AP_RACC2.GIF
A/AP_RODY1.GIF
A/AP_RODY2.GIF
A/AP_RUDE.GIF
A/AP_SFL3.GIF
A/AP_SLEEP.GIF
A/AP_THING.GIF
A/AP_TTRO.GIF
A/AP_WOOF.GIF
A/ARAGH-FH.JPG
A/ARAGH.JPG
A/ARAGH1.JPG
A/ARAGH_BN.JPG
A/ARAN18.GIF
A/ARCANE.JPG
A/ARCFOX1.GIF
A/ARCH.GIF
A/ARCTIC~1.DES
A/ARCTIC~1.GIF
A/ARCTIC~2.GIF
A/ARCTIC~3.GIF
A/ARCWOLF1.GIF
A/ARCWOLF2.GIF
A/ARCWOLF3.GIF
A/ARCWOLF4.GIF
A/ARCWOLF5.GIF
A/ARCWOLF6.GIF
A/ARIAJA~1.GIF
A/ARIALN~1.GIF
A/ARIALS~1.GIF
A/ARIALS~2.GIF
A/ARIALT~1.GIF
A/ARIALZ~1.GIF
A/ARIAND~1.JPG
A/ARIASS~1.JPG
A/ARIC.GIF
A/ARIC2.GIF
A/ARIC3.GIF
A/ARIEL-GW.GIF
A/ARILIN.GIF
A/ARISTA~1.GIF
A/ARLENE.GIF
A/ARLENE~1.DES
A/ARMOR.GIF
A/ARMORF~1.GIF
A/ARMRWO~1.GIF
A/AROUND~1.GIF
A/ARTIST.GIF
A/ARTIST~1.GIF
A/ARTIST~1.JPG
A/ARTS.GIF
A/ARYA.GIF
A/ASHCHT~1.GIF
A/ASHFOX.GIF
A/ASHFOX~1.GIF
A/ASHLEY~1.GIF
A/ASHTOR~1.GIF
A/ASHY.GIF
A/ASLAN-~1.GIF
A/ASPHOD~1.GIF
A/ASPIRIN.GIF
A/ASPIRI~1.GIF
A/ASPIRI~1.JPG
A/ASPIRI~2.GIF
A/ASTRDOME.GIF
A/ATHENACL.GIF
A/ATHENANK.GIF
A/ATM-AR~1.GIF
A/ATM-BR~1.GIF
A/ATM-CO~1.GIF
A/ATM-CO~2.GIF
A/ATM-CO~3.GIF
A/ATM-CUTE.GIF
A/ATM-HA~1.GIF
A/ATM-KA~1.GIF
A/ATM-KA~1.JPG
A/ATM-ME~1.GIF
A/ATM-MP~1.GIF
A/ATM-NO~1.GIF
A/ATM-NO~2.GIF
A/ATM-NO~3.GIF
A/ATM-NO~4.GIF
A/ATM-NO~5.GIF
A/ATM-NO~6.GIF
A/ATM-NO~7.GIF
A/ATM-NO~8.GIF
A/ATM-NO~9.GIF
A/ATM-N~10.GIF
A/ATM-N~11.GIF
A/ATM-PEN1.GIF
A/ATM-SA~1.GIF
A/ATM-WI~1.GIF
A/AURORA.GIF
A/AUSTSU~1.GIF
A/AVALIA.JPG
A/AVATAR.GIF
A/AVBUFF.GIF
A/AVENG-PL.GIF
A/AVENGER1.GIF
A/AVENGE~1.JPG
A/AYK01.JPG
A/AYK02.JPG
A/AYK03.JPG
A/AYK05.JPG
A/AYK06.JPG
A/AYK07.JPG
A/AYK08.JPG
A/AYK09.JPG
A/AYK10.JPG
A/AYSHANTU.GIF
A/AZAGTH~1.PIC
A/AZAG_O~1.GIF
A/AZARA.JPG
A/AZHTAR~1.GIF
A/AZHTAR~2.GIF
A/AZURE-~1.GIF
A/AZURE-~2.GIF
A/AZURE-~3.GIF
A/AZYUR.GIF
A/A_BAD_~1.GIF
A/A_BAD_~2.GIF
A/A_FILL~1.GIF
B/AP_ME.GIF
B/B-AND-~1.GIF
B/BACKFIRE.GIF
B/BADBUNNY.GIF
B/BADDAY.GIF
B/BADGE.GIF
B/BADGER.GIF
B/BADGERS.GIF
B/BADGRBCK.GIF
B/BADPUN.GIF
B/BAIJHA.GIF
B/BAKERST.JPG
B/BAL-1.GIF
B/BALANCE.GIF
B/BALCON~1.GIF
B/BALCON~2.GIF
B/BALLPAD.GIF
B/BAMBO-GW.GIF
B/BAMBO-~1.GIF
B/BANANA3D.JPG
B/BANDGF~1.GIF
B/BANDITJN.GIF
B/BANSIL.GIF
B/BANZAL~1.GIF
B/BARB-2~1.GIF
B/BARB-FL.GIF
B/BARB-MDC.GIF
B/BARB.GIF
B/BARBAR~1.GIF
B/BARBTIGR.JPG
B/BARLEY~1.GIF
B/BARONA~1.GIF
B/BARONB.GIF
B/BART-GW.GIF
B/BART_F~1.GIF
B/BART_F~2.GIF
B/BART_F~3.GIF
B/BASEBALL.GIF
B/BASEBA~1.GIF
B/BAST_CL.GIF
B/BAST_NK.GIF
B/BAT-1-GW.GIF
B/BAT-2-GW.GIF
B/BAT-AN~1.GIF
B/BAT-AP~1.GIF
B/BAT-BO~1.GIF
B/BAT-DA~1.GIF
B/BAT-FA~1.GIF
B/BAT-GY~1.GIF
B/BAT-MA~1.GIF
B/BAT-PI~1.GIF
B/BAT-PO~1.GIF
B/BAT-RE~1.GIF
B/BAT-SH~1.GIF
B/BAT-SR.GIF
B/BAT-ST~1.GIF
B/BATBAT~1.GIF
B/BATBIKE.GIF
B/BATTLE~1.GIF
B/BAX&RNNA.GIF
B/BAXJOBGG.GIF
B/BAXJOBGG.JPG
B/BAXTRR01.GIF
B/BAXTRR~1.GIF
B/BAXTRR~2.GIF
B/BAXTRR~3.GIF
B/BAXTRR~4.GIF
B/BAZAAR~1.GIF
B/BBOUNTY.GIF
B/BBWOLF.GIF
B/BCHBUNTF.GIF
B/BDGRHA~1.GIF
B/BEA-AD-1.GIF
B/BEACH-AH.JPG
B/BEACH-~1.GIF
B/BEACH-~2.GIF
B/BEACH-~3.GIF
B/BEACHMSE.GIF
B/BEACHWUF.GIF
B/BEACH_~1.JPG
B/BEAR-T~1.GIF
B/BEAR.GIF
B/BEARPAWS.GIF
B/BEASTIEB.GIF
B/BEASTM~1.GIF
B/BEDTIME.GIF
B/BEERRAT.GIF
B/BEERWOLF.GIF
B/BEGONIA.GIF
B/BELL01.GIF
B/BELLE-GW.GIF
B/BELZAR~1.GIF
B/BENMOUSE.GIF
B/BENTARIN.GIF
B/BEN_MO~1.GIF
B/BEN_MO~2.GIF
B/BEN_MO~3.GIF
B/BEN_MO~4.GIF
B/BER&SNT.GIF
B/BERIOS~1.GIF
B/BERIOS~2.GIF
B/BERIOS~3.GIF
B/BERIOS~4.GIF
B/BERLIN~1.JPG
B/BETH-D~1.GIF
B/BETH-S~1.GIF
B/BETHAN~1.GIF
B/BF-MORPH.JPG
B/BGBENFOX.GIF
B/BGHOOTRS.GIF
B/BIANCA1.GIF
B/BIANCA3.GIF
B/BIANCA~1.GIF
B/BIBBITY.JPG
B/BIG-TYGR.GIF
B/BIGBUN.GIF
B/BIGCAT~1.GIF
B/BIGCRANE.GIF
B/BIGEARS.JPG
B/BIGGUN.GIF
B/BIGHUG.GIF
B/BIGHYENA.GIF
B/BIGKITTY.GIF
B/BIGMOUSE.GIF
B/BIGVALA.GIF
B/BIGVEGAN.GIF
B/BIKER-GW.GIF
B/BIKER-~1.GIF
B/BIKERM~1.GIF
B/BIKING~1.JPG
B/BIKINIMS.GIF
B/BIKNMONG.JPG
B/BIOT.GIF
B/BIRDBOT1.GIF
B/BIRDBOT2.GIF
B/BIRTHDAY.GIF
B/BIRTHT~1.GIF
B/BITE-O~1.GIF
B/BLACK-~1.GIF
B/BLACKH~1.GIF
B/BLACKM~1.GIF
B/BLACKU~1.GIF
B/BLACKW~1.GIF
B/BLIGHT.GIF
B/BLIND-~1.GIF
B/BLINDATE.JPG
B/BLINK.GIF
B/BLITZ-~1.GIF
B/BLKVEL~1.GIF
B/BLOCKADE.GIF
B/BLONMARE.GIF
B/BLOODLIN.GIF
B/BLOODT~1.GIF
B/BLOODT~2.GIF
B/BLOWLOCK.GIF
B/BLUE-C~1.GIF
B/BLUE-GW.GIF
B/BLUEBA~1.GIF
B/BLUEFO~1.GIF
B/BLUEFO~2.GIF
B/BLUE_S~1.GIF
B/BNL-FRAN.GIF
B/BOBCAT~1.GIF
B/BOBCAT~2.GIF
B/BOBCAT~3.GIF
B/BOBCAT~4.GIF
B/BOBCT-SR.GIF
B/BOGHAZ~1.GIF
B/BOING!~1.GIF
B/BOINGD~1.GIF
B/BOINGD~2.GIF
B/BOINGD~3.GIF
B/BOINGD~4.GIF
B/BOINGD~5.GIF
B/BOINK.GIF
B/BOJO-1~1.GIF
B/BOJO-2~1.GIF
B/BOJO-JC.GIF
B/BOJO-JE.GIF
B/BOJO-JR.GIF
B/BOJO-N~1.GIF
B/BOJO-OIL.GIF
B/BOMBER-F.GIF
B/BOMBER~1.GIF
B/BOMBER~2.GIF
B/BONEDEMO.GIF
B/BONES.GIF
B/BOOGA1B.GIF
B/BOOGA2.GIF
B/BOOGA3.GIF
B/BOOGAROO.GIF
B/BOOJUM1.GIF
B/BOOKWY~1.GIF
B/BOUSE-GW.GIF
B/BOVINE01.GIF
B/BOVINE~1.GIF
B/BOVUS.JPG
B/BOWLOR~1.JPG
B/BOXFOX~1.GIF
B/BOYS1-JB.GIF
B/BRACKEN.GIF
B/BRANDY.GIF
B/BRAVE-JW.JPG
B/BRAX-H~1.GIF
B/BREA-GW.GIF
B/BREAKOUT.JPG
B/BREETIE.JPG
B/BRIDGET1.GIF
B/BRIDGE~1.GIF
B/BRIGHT~1.JPG
B/BRISCO.JPG
B/BRISTO~1.GIF
B/BRITTANY.GIF
B/BROSHARE.GIF
B/BRUNO.GIF
B/BRUSH.GIF
B/BRUSHING.GIF
B/BRUSHP~1.JPG
B/BRWNLAGO.JPG
B/BRYCE-ER.GIF
B/BRYCEO~1.GIF
B/BSFOX_DW.JPG
B/BSFOX_~1.DES
B/BSKUNK1.GIF
B/BSMFH.GIF
B/BSMFH2.GIF
B/BTIGER~1.DES
B/BTIGER~1.GIF
B/BTTNS_LG.GIF
B/BTTNS_SM.GIF
B/BUBBLINA.JPG
B/BUFFSILV.GIF
B/BUN-JR.GIF
B/BUNATIVE.GIF
B/BUNBALL.JPG
B/BUNBD-KB.JPG
B/BUNJEE.GIF
B/BUNNELL.GIF
B/BUNNELL2.GIF
B/BUNNELLA.GIF
B/BUNNEL~1.GIF
B/BUNNEL~2.GIF
B/BUNNEL~3.GIF
B/BUNNEL~4.GIF
B/BUNNEL~5.GIF
B/BUNNEL~6.GIF
B/BUNNEL~7.GIF
B/BUNNICOR.GIF
B/BUNNIE.GIF
B/BUNNIEC.GIF
B/BUNNSHIP.GIF
B/BUNNY-GW.GIF
B/BUNNY-~1.GIF
B/BUNNY.GIF
B/BUNNYFLY.GIF
B/BUNNY_DW.JPG
B/BUNROG.GIF
B/BURAN-AH.JPG
B/BUST-JG.GIF
B/BUSTYFOX.GIF
B/BUSTY_~1.JPG
B/BUTRCUP1.JPG
B/BUTTERUP.GIF
B/BUTTHEAD.GIF
B/BW-FOX.GIF
B/BW-TIGER.JPG
B/BWOLF2.GIF
B/BWOLFCAR.GIF
B/BY-BLAKE.JPG
B/BY-BRIDD.GIF
B/BY-CHAR.JPG
B/BY-CURT.JPG
B/BY-DARK.JPG
B/BY-DAR~1.DES
B/BY-DEER.GIF
B/BY-FOX.GIF
B/BY-MORN.GIF
B/BY-MOR~1.DES
B/BY-MUZ.GIF
B/BY-MUZ~1.DES
B/BY-RED.JPG
B/BY-RED~1.DES
B/BY-SMASH.JPG
B/BY-THINK.GIF
B/BY-THI~1.DES
B/BY-TOONS.GIF
B/BY-TOO~1.DES
B/BY-WOLF2.GIF
B/BY-WOLF3.GIF
B/BY-WOLF5.GIF
B/BY-WOLF6.GIF
B/BYECLIFF.GIF
B/B_LUNC~1.GIF
B/B_ROBBOT.GIF
C/C'BOAT~1.GIF
C/CAB.GIF
C/CABIN_~1.GIF
C/CAEALBRI.GIF
C/CAJNWOLF.GIF
C/CAL.GIF
C/CALDERA.GIF
C/CALIFO~1.GIF
C/CALLAHAN.JPG
C/CALLAH~1.DES
C/CALLIST2.GIF
C/CALLIST3.GIF
C/CALLISTA.GIF
C/CALLIS~1.DES
C/CALMBE~1.GIF
C/CALMFOX.GIF
C/CAMELGAL.GIF
C/CAMPFI~1.GIF
C/CAMWYNNE.GIF
C/CANDICE.JPG
C/CANDY1.GIF
C/CANONCOV.GIF
C/CANYON.GIF
C/CAPALWT.JPG
C/CAPHOOK1.GIF
C/CAPHOOK2.GIF
C/CAPNHOOK.JPG
C/CAPPY.JPG
C/CAPT_D~1.GIF
C/CAPYDREM.JPG
C/CARABACK.GIF
C/CARAMNCL.GIF
C/CARAMNNK.GIF
C/CAREJOIN.GIF
C/CARELIA.GIF
C/CARICA~1.GIF
C/CAROUSEL.GIF
C/CARPTCAT.GIF
C/CARRISSA.GIF
C/CASEY-31.GIF
C/CASIUS-J.GIF
C/CASSIUM.GIF
C/CASTRIA2.GIF
C/CASUAL.GIF
C/CAT-AH.GIF
C/CAT-PE~1.GIF
C/CATCHPHR.GIF
C/CATHERI0.GIF
C/CATHRN1-.GIF
C/CATHWI~1.GIF
C/CATHY.GIF
C/CATLADY.GIF
C/CATLADY.JPG
C/CATMAN.GIF
C/CATNG-GS.GIF
C/CATNIP.GIF
C/CATRE.GIF
C/CATRE2.GIF
C/CATROO01.GIF
C/CATROO02.GIF
C/CATROO03.GIF
C/CATROO04.GIF
C/CATROO05.GIF
C/CATROO06.GIF
C/CATROO11.GIF
C/CATSAR~1.GIF
C/CAT_AN~1.JPG
C/CAT_BA~1.GIF
C/CAT_FANG.GIF
C/CAT_LA~1.GIF
C/CAT_RE~1.GIF
C/CAT_SW~1.GIF
C/CAVAL1.GIF
C/CAVAL2.GIF
C/CBEAK-NB.GIF
C/CBROCK~1.GIF
C/CC-CATS.GIF
C/CC-COREY.GIF
C/CC-COW.GIF
C/CC-FRA~1.GIF
C/CC-LYON1.GIF
C/CC-LYON2.GIF
C/CC-MYTU.GIF
C/CCA-ES~1.GIF
C/CCBEAN~1.JPG
C/CCCCC-GW.GIF
C/CCHEET~1.GIF
C/CCSSC-GW.GIF
C/CEA.GIF
C/CECFAITH.GIF
C/CECILIA1.GIF
C/CELINE~1.GIF
C/CELON-GW.GIF
C/CEMBRAC2.JPG
C/CENTAUR.GIF
C/CENTAUR2.GIF
C/CENTAURS.GIF
C/CENTAU~1.GIF
C/CENTAU~1.JPG
C/CENTAU~2.GIF
C/CENTR_DW.JPG
C/CERBERUS.GIF
C/CERI.JPG
C/CERVAN~1.GIF
C/CF401~1.JPE
C/CF402~1.JPE
C/CF403~1.JPE
C/CF404~1.JPE
C/CF405~1.JPE
C/CF407~1.JPE
C/CF409~1.JPE
C/CF410~1.JPE
C/CF413~1.JPE
C/CF414~1.JPE
C/CF416~1.JPE
C/CF417~1.JPE
C/CF420~1.JPE
C/CF422~1.JPE
C/CF424~1.JPE
C/CF429.JPG
C/CF440.JPG
C/CF442.JPG
C/CF443.JPG
C/CF445.JPG
C/CF451.JPG
C/CF452.JPG
C/CF454.JPG
C/CF455.JPG
C/CF456.JPG
C/CF462.JPG
C/CF464.JPG
C/CF467.JPG
C/CF468.JPG
C/CF469.JPG
C/CF4_GU~1.JPG
C/CF601.JPG
C/CF602.JPG
C/CF603.JPG
C/CF608.JPG
C/CF610.JPG
C/CF611.JPG
C/CF614.JPG
C/CF617.JPG
C/CF619.JPG
C/CF623.JPG
C/CF624.JPG
C/CF625.JPG
C/CF628.JPG
C/CF632.JPG
C/CF633.JPG
C/CF634.JPG
C/CF636.JPG
C/CF645.JPG
C/CF651.JPG
C/CF654.JPG
C/CF655.JPG
C/CF656.JPG
C/CF657.JPG
C/CF658.JPG
C/CF659.JPG
C/CF660.JPG
C/CF662.JPG
C/CF663.JPG
C/CF664.JPG
C/CF666.JPG
C/CF667.JPG
C/CF674.JPG
C/CF675.JPG
C/CF679.JPG
C/CF681.JPG
C/CF682.JPG
C/CF688.JPG
C/CF691.JPG
C/CF692.JPG
C/CF693.JPG
C/CF694.JPG
C/CF695.JPG
C/CF696.JPG
C/CF697.JPG
C/CF698.JPG
C/CF699.JPG
C/CF6G-DR.GIF
C/CF6G2-DR.GIF
C/CF6IDX1.JPG
C/CF6IDX2.JPG
C/CF7-CO~1.GIF
C/CF7-CO~2.GIF
C/CF7-CO~3.GIF
C/CF7-CO~4.GIF
C/CF7-CO~5.GIF
C/CF7-CO~6.GIF
C/CF7-CO~7.GIF
C/CF7-CO~8.GIF
C/CF7-CO~9.GIF
C/CF7-C~10.GIF
C/CF7-C~11.GIF
C/CF7-DI~1.GIF
C/CFE96_01.JPG
C/CFE96_02.JPG
C/CFE96_03.JPG
C/CFE96_04.JPG
C/CFE96_05.JPG
C/CFE96_06.JPG
C/CFE96_07.JPG
C/CFE96_08.JPG
C/CFE96_09.JPG
C/CFE96_10.JPG
C/CFE96_11.JPG
C/CFE96_12.JPG
C/CFE96_13.JPG
C/CFE96_14.JPG
C/CFE96_15.JPG
C/CFE96_16.JPG
C/CFE96_17.JPG
C/CFE96_18.JPG
C/CFE96_19.JPG
C/CFE96_20.JPG
C/CFE96_21.JPG
C/CFE96_22.JPG
C/CFE96_23.JPG
C/CFE96_24.JPG
C/CFE96_25.JPG
C/CFE96_26.JPG
C/CFE96_27.JPG
C/CFE96_28.JPG
C/CFE96_29.JPG
C/CFE96_30.JPG
C/CFE96_31.JPG
C/CFE96_32.JPG
C/CFE96_33.JPG
C/CFE96_34.JPG
C/CFE96_35.JPG
C/CFE96_36.JPG
C/CFE96_37.JPG
C/CFE96_38.JPG
C/CFE96_39.JPG
C/CFE96_40.JPG
C/CFE96_41.JPG
C/CFE96_42.JPG
C/CFE96_43.JPG
C/CFE96_44.JPG
C/CFE96_45.JPG
C/CFE96_46.JPG
C/CFE96_47.JPG
C/CFE96_48.JPG
C/CFE96_49.JPG
C/CFE96_50.JPG
C/CFE96_51.JPG
C/CFEAST1.JPG
C/CFEAST2.JPG
C/CFEAST3.JPG
C/CFEAST4.JPG
C/CFEAST5.JPG
C/CFEAST6.JPG
C/CFEAST7.JPG
C/CH-BORED.GIF
C/CH-CAT~1.JPG
C/CH-COMP.GIF
C/CH-DOZED.JPG
C/CH-DRAW.GIF
C/CH-DREAM.GIF
C/CH-EAS~1.JPG
C/CH-FOR~1.JPG
C/CH-GOOSE.GIF
C/CH-HKITN.JPG
C/CH-LIM~1.GIF
C/CH-LIM~2.GIF
C/CH-LIM~3.GIF
C/CH-LIM~4.GIF
C/CH-LIM~5.GIF
C/CH-LIM~6.GIF
C/CH-LIM~7.GIF
C/CH-LIM~8.GIF
C/CH-LIM~9.GIF
C/CH-LI~10.GIF
C/CH-LI~11.GIF
C/CH-LI~12.GIF
C/CH-LI~13.GIF
C/CH-LI~14.GIF
C/CH-LI~15.GIF
C/CH-LI~16.GIF
C/CH-LI~17.GIF
C/CH-LI~18.GIF
C/CH-LI~19.GIF
C/CH-LI~20.GIF
C/CH-LI~21.GIF
C/CH-LI~22.GIF
C/CH-LI~23.GIF
C/CH-LI~24.GIF
C/CH-LI~25.GIF
C/CH-LI~26.GIF
C/CH-LI~27.GIF
C/CH-LI~28.GIF
C/CH-LI~29.GIF
C/CH-LI~30.GIF
C/CH-LI~31.GIF
C/CH-LI~32.GIF
C/CH-LI~33.GIF
C/CH-LI~34.GIF
C/CH-LI~35.GIF
C/CH-LI~36.GIF
C/CH-LI~37.GIF
C/CH-LI~38.GIF
C/CH-LI~39.GIF
C/CH-LI~40.GIF
C/CH-LI~41.GIF
C/CH-LI~42.GIF
C/CH-LI~43.GIF
C/CH-LI~44.GIF
C/CH-LI~45.GIF
C/CH-LI~46.GIF
C/CH-LI~47.GIF
C/CH-LI~48.GIF
C/CH-LI~49.GIF
C/CH-LI~50.GIF
C/CH-LI~51.GIF
C/CH-LI~52.GIF
C/CH-LI~53.GIF
C/CH-LI~54.GIF
C/CH-LI~55.GIF
C/CH-LI~56.GIF
C/CH-LI~57.GIF
C/CH-LI~58.GIF
C/CH-LI~59.GIF
C/CH-LI~60.GIF
C/CH-LI~61.GIF
C/CH-LI~62.GIF
C/CH-LI~63.GIF
C/CH-LI~64.GIF
C/CH-LI~65.GIF
C/CH-LI~66.GIF
C/CH-LI~67.GIF
C/CH-LI~68.GIF
C/CH-LI~69.GIF
C/CH-LI~70.GIF
C/CH-LI~71.GIF
C/CH-LI~72.GIF
C/CH-LI~73.GIF
C/CH-LI~74.GIF
C/CH-LI~75.GIF
C/CH-LI~76.GIF
C/CH-LI~77.GIF
C/CH-LI~78.GIF
C/CH-LI~79.GIF
C/CH-LI~80.GIF
C/CH-LI~81.GIF
C/CH-LI~82.GIF
C/CH-LI~83.GIF
C/CH-LI~84.GIF
C/CH-LI~85.GIF
C/CH-LI~86.GIF
C/CH-LI~87.GIF
C/CH-LI~88.GIF
C/CH-LLOGO.JPG
C/CH-LXM~1.JPG
C/CH-MLOGO.GIF
C/CH-SKTCH.GIF
C/CH-TOO~1.GIF
C/CH-VALEN.GIF
C/CHAD-ATH.GIF
C/CHAINED.GIF
C/CHAIR-~1.JPG
C/CHAIR.GIF
C/CHAMPI~1.GIF
C/CHANGE4.JPG
C/CHANNA~1.GIF
C/CHANNA~2.GIF
C/CHANUR.GIF
C/CHARCO~1.GIF
C/CHASTITY.JPG
C/CHE-BH.GIF
C/CHEE01.GIF
C/CHEER.GIF
C/CHEERC.GIF
C/CHEESK~1.GIF
C/CHEETAHA.GIF
C/CHEETAHG.GIF
C/CHEETAHO.GIF
C/CHEETA~1.GIF
C/CHEETA~2.GIF
C/CHEETA~3.GIF
C/CHEETA~4.GIF
C/CHEETLPD.JPG
C/CHEET_DW.JPG
C/CHERCHEZ.GIF
C/CHERYLYN.GIF
C/CHESTN~1.GIF
C/CHETA-NB.GIF
C/CHEVY-~1.GIF
C/CHEWFIT.GIF
C/CHEYYA~1.GIF
C/CHEYYA~2.GIF
C/CHI-N-~1.GIF
C/CHIARO-1.JPG
C/CHIARO-2.JPG
C/CHIARO~1.GIF
C/CHIARO~2.GIF
C/CHIARO~3.GIF
C/CHIFFO~1.GIF
C/CHIFFO~2.GIF
C/CHIKNFOX.GIF
C/CHILI.GIF
C/CHIN-FOX.GIF
C/CHINCH~1.GIF
C/CHIP-G~1.GIF
C/CHIP-U~1.GIF
C/CHIRIK.GIF
C/CHOCPO~1.GIF
C/CHOW-'68.JPG
C/CHRAIA~1.JPG
C/CHRIS.GIF
C/CHRISEY.GIF
C/CHRISG~1.GIF
C/CHRISG~2.GIF
C/CHRIST~1.GIF
C/CHRIST~2.GIF
C/CHROMJCK.GIF
C/CHTAKA~1.GIF
C/CHTATIGR.GIF
C/CHUKIN.JPG
C/CHUN-L~1.JPG
C/CINO1.GIF
C/CINO10.GIF
C/CINO11.GIF
C/CINO12.GIF
C/CINO13.GIF
C/CINO14.GIF
C/CINO15.GIF
C/CINO16.GIF
C/CINO17.GIF
C/CINO18.GIF
C/CINO19.GIF
C/CINO2.GIF
C/CINO20.GIF
C/CINO21.GIF
C/CINO22.GIF
C/CINO23.GIF
C/CINO24.GIF
C/CINO25.GIF
C/CINO26.GIF
C/CINO27.GIF
C/CINO28.GIF
C/CINO29.GIF
C/CINO3.GIF
C/CINO30.GIF
C/CINO31.GIF
C/CINO32.GIF
C/CINO33.GIF
C/CINO34.GIF
C/CINO35.GIF
C/CINO36.GIF
C/CINO4.GIF
C/CINO5.GIF
C/CINO6.GIF
C/CINO7.GIF
C/CINO8.GIF
C/CINO9.GIF
C/CINOSA~1.GIF
C/CINOSNAP.GIF
C/CITYFOPS.GIF
C/CITYFOPS.JPG
C/CITYFOXP.GIF
C/CLARA-GW.GIF
C/CLEARW~1.JPG
C/CLIP.GIF
C/CLNSTR~1.GIF
C/CLOAKED.GIF
C/CLOAKING.JPG
C/CLUB-A~1.GIF
C/CLUB-A~2.GIF
C/CLYDSDLE.JPG
C/CMDR-P~1.GIF
C/CMDR-P~2.GIF
C/CMDR-P~3.GIF
C/CMDR-P~4.GIF
C/CMKLION.GIF
C/CMKWOLF.GIF
C/CNBUN-GS.GIF
C/CNFUSCOL.GIF
C/CNRACOON.GIF
C/COBALT~1.GIF
C/COFFEE.GIF
C/COFFEE~1.GIF
C/COKEBEAR.GIF
C/COL-RY~1.GIF
C/COLABEAR.GIF
C/COLDBL~1.JPE
C/COLORVIX.JPG
C/COME_H~1.GIF
C/COMFORT.GIF
C/COMIC.GIF
C/COMPUD~1.GIF
C/CONEJA.JPG
C/CONNECT.GIF
C/CONNIE.GIF
C/COON.GIF
C/COON1.GIF
C/COONDAN.JPG
C/COON_FOX.GIF
C/COPPER~1.GIF
C/COQUETTE.JPG
C/CORAL1~1.GIF
C/CORAL_~1.GIF
C/CORNAL~1.GIF
C/CORNERED.GIF
C/CORNER~1.GIF
C/CORNNOCT.GIF
C/COSMO4.GIF
C/COSMO_~1.GIF
C/COSMO_~2.GIF
C/COSMO_~3.GIF
C/COSMO_~4.GIF
C/COUCH.JPG
C/COUGAR.GIF
C/COUNCLGR.GIF
C/COUPLEGG.GIF
C/COVERB~1.GIF
C/COWAN-JC.GIF
C/COWS_DW.JPG
C/COYBUNNY.GIF
C/COYOTE~1.GIF
C/COYOTE~2.GIF
C/CPEG.GIF
C/CPEG.JPG
C/CPTLHARE.GIF
C/CP_COON.GIF
C/CRAGGEN.GIF
C/CRAYON~1.GIF
C/CREG.GIF
C/CREMTEDY.JPG
C/CRISSA.JPG
C/CRISTA~1.GIF
C/CRISTA~2.GIF
C/CRITAS~1.JPG
C/CRITIC.JPG
C/CRITTE~1.GIF
C/CRM-GW.GIF
C/CRNFUSED.GIF
C/CROSSU~1.GIF
C/CRT-AD~1.GIF
C/CRTD-GW.GIF
C/CRYOSA~1.GIF
C/CRYS.GIF
C/CRYSTALL.JPG
C/CRYSTA~1.JPG
C/CS3EYE~1.GIF
C/CS3EYE~2.GIF
C/CSBRIDGE.GIF
C/CSWOLFBR.GIF
C/CTAUR-SR.GIF
C/CUGARS.GIF
C/CUGARS02.GIF
C/CUHCU.JPG
C/CUHSM.JPG
C/CUISINRT.GIF
C/CULTFI~1.JPG
C/CUSTER.GIF
C/CUT-N-~1.GIF
C/CUTCAT.GIF
C/CUTEAS~1.GIF
C/CUTEFOPS.JPG
C/CYANNF~1.JPG
C/CYB-TO~1.GIF
C/CYBBUNN.GIF
C/CYBER-NB.GIF
C/CYBER-~1.GIF
C/CYBER-~2.GIF
C/CYBERD~1.GIF
C/CYBERS~1.GIF
C/CYBERS~2.GIF
C/CYBERS~3.GIF
C/CYBERS~4.GIF
C/CYBERS~5.GIF
C/CYBERS~6.GIF
C/CYBERS~7.GIF
C/CYBERS~8.GIF
C/CYBERT~1.GIF
C/CYBRAC~1.GIF
C/CYBRSK~1.GIF
C/CYCLE.GIF
C/CYELLE~1.GIF
C/CYGER-1.GIF
C/CYGER1.GIF
C/CYINTH~1.JPG
C/CYMORY~1.GIF
C/CYMORY~2.GIF
C/CYMORY~3.GIF
C/CYMORY~4.GIF
C/CYTH.GIF
D/D-CON01.JPG
D/D-CON05.JPG
D/D-CON06.JPG
D/D-CON16.JPG
D/D-CON17.JPG
D/DACHS.GIF
D/DAEMON1.GIF
D/DAEMON2.GIF
D/DAHAN1~1.JPG
D/DAISY-GW.GIF
D/DALE-GW.GIF
D/DALTON~1.GIF
D/DANCERS.GIF
D/DANDE-~1.GIF
D/DANDEL~1.GIF
D/DANDEL~2.GIF
D/DANDEL~3.GIF
D/DANDEL~4.GIF
D/DANDEL~5.GIF
D/DANDEL~6.GIF
D/DANDS.GIF
D/DANESO~1.GIF
D/DANIEL~1.GIF
D/DAPHNIE.GIF
D/DAPHNI~1.GIF
D/DARCON.GIF
D/DARKIN~1.GIF
D/DARLA.GIF
D/DARLA2.GIF
D/DARSGAME.GIF
D/DARSHAK1.GIF
D/DARWIGS.GIF
D/DARWIN.GIF
D/DASHIN~1.GIF
D/DAVEPE~1.GIF
D/DAVMES~1.GIF
D/DAWGIE2.GIF
D/DAWN.GIF
D/DAYDRE~1.GIF
D/DAYDRE~2.GIF
D/DAYTON~1.GIF
D/DB1.GIF
D/DB10.GIF
D/DB11.GIF
D/DB2.GIF
D/DB3.GIF
D/DB4.GIF
D/DB5.GIF
D/DB6.GIF
D/DBLINU~1.GIF
D/DBZ.GIF
D/DBZAP5.GIF
D/DC_FURRY.GIF
D/DEADMECH.GIF
D/DEANZA~1.GIF
D/DEATHTEA.GIF
D/DECELE~1.GIF
D/DEERFI~1.GIF
D/DEERLADY.JPG
D/DEL-THYU.GIF
D/DELACH~1.GIF
D/DELACH~2.GIF
D/DELACH~3.GIF
D/DELIA.GIF
D/DELICA~1.GIF
D/DELPHAI3.GIF
D/DELPHA~1.GIF
D/DELPHI~1.GIF
D/DELVARAN.GIF
D/DELVIC.GIF
D/DEMONV~1.GIF
D/DEMO_CL.GIF
D/DEMO_NK.GIF
D/DEMURE~1.GIF
D/DERMOTT1.JPG
D/DESERT.GIF
D/DESERT~1.GIF
D/DESTINY.GIF
D/DESTINYC.GIF
D/DESTIN~1.GIF
D/DEUCE-~1.GIF
D/DEUCE-~1.JPG
D/DEUCE-~2.JPG
D/DEUCE-~3.JPG
D/DEUCE-~4.JPG
D/DEUCE-~5.JPG
D/DEVI-3~1.GIF
D/DEVI-GW.GIF
D/DEVI-PC.GIF
D/DEVILISH.JPG
D/DEVIN.GIF
D/DEVI_C~1.GIF
D/DEVON.GIF
D/DEVRONIS.GIF
D/DEXTER~1.GIF
D/DEXTER~2.GIF
D/DGMEAT~1.JPG
D/DIAMONDB.GIF
D/DIANAS2.GIF
D/DIGITALF.ZIP
D/DIGITA~1.GIF
D/DIKEWA~1.GIF
D/DINGOPRA.GIF
D/DINGOPRA.TXT
D/DISCO.GIF
D/DISTAN~1.GIF
D/DISTRACT.GIF
D/DITZIA~1.GIF
D/DIVERSNS.JPG
D/DIXIE.JPG
D/DJ940914.GIF
D/DJ940922.GIF
D/DJ941117.GIF
D/DJ941124.GIF
D/DJ950908.GIF
D/DJ950921.GIF
D/DJ951005.GIF
D/DJ951013.GIF
D/DJ951020.GIF
D/DJ951102.GIF
D/DJ951109.GIF
D/DJ951116.GIF
D/DJ951123.GIF
D/DJ951130.GIF
D/DMITRI~1.GIF
D/DNCRMOUS.GIF
D/DOE.GIF
D/DOEC.GIF
D/DOESITHU.GIF
D/DOGBOTBW.JPG
D/DOGFIGHT.GIF
D/DOGFIGHT.JPG
D/DOGHOUSE.GIF
D/DOJO.GIF
D/DOLONE~1.JPG
D/DOLPHIN.GIF
D/DOLPHI~1.GIF
D/DOLTHR~1.JPG
D/DOLTWO~1.JPG
D/DON-DF.GIF
D/DONATIEN.JPG
D/DONTFIT.GIF
D/DOODLES.GIF
D/DOODLE~1.GIF
D/DOODLE~2.GIF
D/DOOMPT~1.GIF
D/DOOMVI~1.GIF
D/DOTING.GIF
D/DOW_MS~1.GIF
D/DOZER86.GIF
D/DPARTY.GIF
D/DPTRLC~1.JPG
D/DR-HOF~1.GIF
D/DR-KEITH.GIF
D/DR-PETE.GIF
D/DR-SASTA.GIF
D/DR-WF1.GIF
D/DR-WF2.GIF
D/DRABEK~1.GIF
D/DRAC1-NB.GIF
D/DRACHMAP.GIF
D/DRACHM~1.GIF
D/DRACMOON.GIF
D/DRACONIA.GIF
D/DRACONIC.GIF
D/DRACON~1.DES
D/DRACSWRD.GIF
D/DRACWING.GIF
D/DRAG1-NB.GIF
D/DRAGHATC.JPG
D/DRAGNT~1.JPG
D/DRAGON.GIF
D/DRAGON.JPG
D/DRAGON.PNG
D/DRAGONB5.GIF
D/DRAGONH.GIF
D/DRAGONHE.GIF
D/DRAGON~1.BMP
D/DRAGON~1.GIF
D/DRAGON~1.JPG
D/DRAGON~1.PIC
D/DRAGON~2.GIF
D/DRAGON~2.JPG
D/DRAGON~3.GIF
D/DRAGON~3.JPG
D/DRAGON~4.GIF
D/DRAGON~4.JPG
D/DRAGON~5.GIF
D/DRAGON~5.JPG
D/DRAGON~6.GIF
D/DRAGON~7.GIF
D/DRAGON~8.GIF
D/DRAGON~9.GIF
D/DRAGO~10.GIF
D/DRAGO~11.GIF
D/DRAGO~12.GIF
D/DRBK00RL.GIF
D/DRBK01RL.GIF
D/DREAMW.GIF
D/DREW-GW.GIF
D/DRGNESS.JPG
D/DRGNPTGR.GIF
D/DRGON_DW.JPG
D/DRINKING.GIF
D/DRLYSO2.JPG
D/DRONON~1.GIF
D/DROOL.GIF
D/DRPROC~1.JPG
D/DRWVRCAR.GIF
D/DSALYA~1.GIF
D/DSLED.GIF
D/DSQURL1.GIF
D/DSTEVE~1.GIF
D/DUEL.GIF
D/DUESEN~1.GIF
D/DUH.GIF
D/DULCIE.GIF
D/DUMONT~1.GIF
D/DUOBABS.GIF
D/DUSTY-~1.GIF
D/DUSTY-~2.GIF
D/DUSTY.GIF
D/DUSTY_~1.GIF
D/DW1.GIF
D/DW2.GIF
D/D_KIRA1.GIF
D/D_KIRA2S.GIF
E/EAGLNDLE.GIF
E/EARSCRCH.GIF
E/EB-JC-JH.GIF
E/EBONY.GIF
E/ECELON~1.GIF
E/ECELON~2.GIF
E/EDA-1-GW.GIF
E/EDA-1-~1.GIF
E/EDERYN~1.GIF
E/EDERYN~2.GIF
E/EDF2GRY.GIF
E/EDFRPG.GIF
E/EE-6GR.GIF
E/EE-BRWN.GIF
E/EE-CAT.GIF
E/EE-COUG.GIF
E/EE-CYTE.GIF
E/EE-EE.GIF
E/EE-FACE.GIF
E/EE-FLYFX.GIF
E/EE-FOX1.GIF
E/EE-FOX3.GIF
E/EE-FOX9.GIF
E/EE-FOXME.GIF
E/EE-FTWLF.GIF
E/EE-HAR~1.GIF
E/EE-JAX.GIF
E/EE-NAGEL.GIF
E/EE-OUCH.GIF
E/EE-ROX~1.JPG
E/EE-TIGR.GIF
E/EE-VIXN1.GIF
E/EE-VIXN2.GIF
E/EE-WER~1.GIF
E/EE-WOLF.GIF
E/EE-WOLF2.GIF
E/EE-WOLF3.GIF
E/EE-WOLF4.GIF
E/EE-WOLF7.GIF
E/EE-YOW.GIF
E/EEEE-1~1.GIF
E/EEEE-GW.GIF
E/EEEEDI~1.GIF
E/EETEEL~1.GIF
E/EE_WILD.JPG
E/EF-VIXEN.GIF
E/EF2_FO~1.GIF
E/EF2_ME~1.GIF
E/EF2_OR~1.GIF
E/EF2_SH~1.GIF
E/EF2_TL~1.GIF
E/EF2_VD~1.GIF
E/EFLTOWER.GIF
E/EGSCM-ML.GIF
E/EG_BICAT.GIF
E/EG_CJ1.GIF
E/EG_CJ2.GIF
E/EG_CJ3.GIF
E/EG_DABUN.GIF
E/EG_SKUNK.GIF
E/EG_TDGUT.GIF
E/EG_ZAPPA.GIF
E/EHLANA~1.GIF
E/EILEEN.GIF
E/EKREAL-B.GIF
E/EKREAL-C.GIF
E/ELENA-~1.GIF
E/ELF_ST~1.GIF
E/ELI-GW.GIF
E/ELISE_SM.GIF
E/ELVIS.GIF
E/EM-GRY~1.GIF
E/EMBRACE4.GIF
E/EMILY1.GIF
E/EMILY10C.GIF
E/EMILY11C.GIF
E/EMILY2.GIF
E/EMILY3.GIF
E/EMILY4.GIF
E/EMILY5.GIF
E/EMILY6.GIF
E/EMILY7.GIF
E/EMILY8.GIF
E/EMILY9.GIF
E/ENOCH.JPG
E/ENROUTE.GIF
E/ENVOY-~1.GIF
E/ENVOY-~2.GIF
E/ENVOY-~3.GIF
E/EN_GARDE.GIF
E/EQUEST~1.GIF
E/EQUEST~2.GIF
E/EQUEST~3.GIF
E/EQUIBO~1.GIF
E/ERIC-L1.GIF
E/ERIC-L2.GIF
E/ERICA-GW.GIF
E/ERIDANI2.GIF
E/ERIDANI3.GIF
E/ERIDANI4.GIF
E/ERIN-C~1.GIF
E/ERIN-GW.GIF
E/ERISSA.GIF
E/ERMAFE~1.GIF
E/ERMAFE~2.GIF
E/EROTICA.GIF
E/ERRICK1.GIF
E/ERRICK~1.DES
E/ERWIN-~1.GIF
E/ERWYN-BO.GIF
E/ERYCH-GW.GIF
E/ERYCH-~1.GIF
E/ESOTER~1.GIF
E/ESTHER~1.GIF
E/ETEN.JPG
E/EUROFUR2.GIF
E/EUROFU~1.GIF
E/EUROPA.GIF
E/EVADANCE.GIF
E/EVILFOP3.JPG
E/EVILFOPS.JPG
E/EXCHAN~1.JPG
E/EXCUSE.GIF
E/EXEC_ROO.GIF
E/EXPRESS.GIF
E/EYE_OF_T.GIF
E/EY_2034.GIF
F/F&V-NB.GIF
F/FALCON~1.GIF
F/FALFEN~1.GIF
F/FANTAS~1.GIF
F/FANTAS~2.GIF
F/FANTAS~3.GIF
F/FANTAS~4.GIF
F/FANTAS~5.GIF
F/FANTAS~6.GIF
F/FANTAS~7.GIF
F/FANTAS~8.GIF
F/FANTAS~9.GIF
F/FANTA~10.GIF
F/FANTA~11.GIF
F/FANTA~12.GIF
F/FANTA~13.GIF
F/FANTA~14.GIF
F/FANTA~15.GIF
F/FANTOM~1.GIF
F/FAONRU~1.GIF
F/FAQ_WOLF.GIF
F/FAR-AWAY.GIF
F/FARTHI~1.GIF
F/FARTHI~2.GIF
F/FARTHI~3.GIF
F/FASCINAT.GIF
F/FATBOY.GIF
F/FATHER~1.GIF
F/FATIMA.JPG
F/FAUST.GIF
F/FAWN-TZ.GIF
F/FCENT.JPG
F/FCENTBOW.GIF
F/FCENTRL.GIF
F/FEEDER.GIF
F/FEELNICE.GIF
F/FEHNNIK.GIF
F/FEK_IS.JPG
F/FEL1.GIF
F/FEL2.GIF
F/FELICIA1.GIF
F/FELICIA2.GIF
F/FELICI~1.DES
F/FELICI~1.GIF
F/FELICI~1.JPG
F/FELIN-~1.GIF
F/FELIN_DW.JPG
F/FELIX2~1.DES
F/FELIX2~1.GIF
F/FELIX2~2.GIF
F/FELIX2~3.GIF
F/FEMBOI~1.GIF
F/FEMCENT1.GIF
F/FENCIN~1.GIF
F/FENCIN~2.GIF
F/FENDER.GIF
F/FENDER~1.JPG
F/FENDER~2.JPG
F/FENTHE~1.GIF
F/FENTHE~2.GIF
F/FENTHE~3.GIF
F/FEONA.GIF
F/FERRET.GIF
F/FERRIS.GIF
F/FERRO1~1.GIF
F/FF-ARGUE.GIF
F/FF-BABY.GIF
F/FF-BATS.GIF
F/FF-BUNNY.GIF
F/FF-CALIF.GIF
F/FF-CAT.GIF
F/FF-CONE.GIF
F/FF-DIG.GIF
F/FF-ICE.GIF
F/FF-NITE.GIF
F/FF-ROOS.GIF
F/FF-SQRRL.GIF
F/FF-TURTL.GIF
F/FF-VIXEN.GIF
F/FF-XMAS.GIF
F/FF02-0~1.GIF
F/FFLLY-CK.GIF
F/FFSYL-TZ.GIF
F/FHA-CAT1.GIF
F/FHA-GAW1.GIF
F/FHA-HAW1.GIF
F/FHA-LPD1.GIF
F/FHA-NAT1.GIF
F/FHA-SSA1.GIF
F/FHA-TIG1.GIF
F/FHA-WOL1.GIF
F/FHAOLAN1.GIF
F/FIELD-~1.GIF
F/FIELDH~1.GIF
F/FIFI-GW.GIF
F/FIGHT.GIF
F/FILLY-MD.GIF
F/FINEVIXN.GIF
F/FINGER~1.JPG
F/FINKY1.GIF
F/FIORA1.GIF
F/FIRE-NB.GIF
F/FIRE-N~1.GIF
F/FIREBA~1.GIF
F/FIREBA~2.GIF
F/FIREXTNG.GIF
F/FISHRA~1.GIF
F/FL-HOV~1.GIF
F/FL-HOV~2.GIF
F/FL-ZEP~1.GIF
F/FLAME-ON.GIF
F/FLAME-R.GIF
F/FLAMEKIK.GIF
F/FLASHCAT.GIF
F/FLECHE~1.GIF
F/FLINT-~1.GIF
F/FLINT1.GIF
F/FLINT1~1.GIF
F/FLINT4.GIF
F/FLINT8.GIF
F/FLINT9C.GIF
F/FLOKI-~1.GIF
F/FLOKI-~2.GIF
F/FLORIA~1.GIF
F/FLYER-~1.GIF
F/FLYFX_DW.JPG
F/FLYNGFOX.GIF
F/FMAP01.GIF
F/FMAP02.GIF
F/FMAP02B.GIF
F/FMAP03.GIF
F/FMAP04.GIF
F/FMAP05.GIF
F/FMAP06.GIF
F/FMAP06B.GIF
F/FMAP07.GIF
F/FMAP08.GIF
F/FMAP09.GIF
F/FMUCK01.GIF
F/FOGCITY.GIF
F/FOODFIGT.GIF
F/FOOFANG.GIF
F/FOOZLE~1.GIF
F/FOUNTA~1.GIF
F/FOX-4-~1.GIF
F/FOX-AD~1.GIF
F/FOX-DR.GIF
F/FOX-HUNK.GIF
F/FOX-JR.GIF
F/FOX.GIF
F/FOX.JPG
F/FOX1.GIF
F/FOX2-AH.GIF
F/FOX2.GIF
F/FOX3.GIF
F/FOX4.GIF
F/FOX5.GIF
F/FOX6.GIF
F/FOX7.GIF
F/FOXANG~1.GIF
F/FOXANNE.GIF
F/FOXBAR~1.JPG
F/FOXBATA.GIF
F/FOXBAT~1.GIF
F/FOXBRIDE.GIF
F/FOXBRI~1.GIF
F/FOXCOON1.GIF
F/FOXCOON2.GIF
F/FOXCOON3.GIF
F/FOXCOON4.GIF
F/FOXCOON5.GIF
F/FOXCOON6.GIF
F/FOXDUDE.GIF
F/FOXEN-CL.GIF
F/FOXEN-GW.GIF
F/FOXEN-~1.GIF
F/FOXEN.GIF
F/FOXEY2.GIF
F/FOXFLYTE.GIF
F/FOXFOLIO.GIF
F/FOXFOX~1.GIF
F/FOXHEAD.GIF
F/FOXHUNT.GIF
F/FOXHUNTC.GIF
F/FOXHUN~1.GIF
F/FOXINA-T.GIF
F/FOXINA.GIF
F/FOXINA~1.GIF
F/FOXINCHA.GIF
F/FOXKIT~1.JPG
F/FOXLOO~1.JPG
F/FOXMAGE.JPG
F/FOXMUNCH.GIF
F/FOXNEWS.GIF
F/FOXNUDE.GIF
F/FOXONA~1.GIF
F/FOXPER~1.GIF
F/FOXPL_DW.JPG
F/FOXRYSS.GIF
F/FOXRYSS_.GIF
F/FOXSUI~1.GIF
F/FOXSWE~1.GIF
F/FOXTON~1.GIF
F/FOXTON~2.GIF
F/FOXWOR~1.GIF
F/FOXX-STR.GIF
F/FOXX2-JF.GIF
F/FOXXFO~1.GIF
F/FOXX_F~1.GIF
F/FOXY1.GIF
F/FOXYAW~1.JPG
F/FOXYLADY.GIF
F/FOXYROXY.GIF
F/FOX_BEAR.GIF
F/FPAIR.GIF
F/FRANG-GW.GIF
F/FRE'TA.GIF
F/FREDDI~1.JPG
F/FREE.GIF
F/FRIENDS.GIF
F/FRIEND~1.GIF
F/FRISBEE.GIF
F/FRNKZK.GIF
F/FRNKZK2.GIF
F/FRNKZK3.GIF
F/FRR-PU~1.GIF
F/FRUIT-~1.JPG
F/FUGAZI.JPG
F/FULGAN.GIF
F/FULGAN2.GIF
F/FULGAN~1.GIF
F/FULTON.GIF
F/FUR-LOW1.GIF
F/FUR-TN.GIF
F/FUR-TN~1.PIC
F/FUR.GIF
F/FURBAB~1.GIF
F/FURCOUCH.GIF
F/FURGIRL1.GIF
F/FURGIRL2.GIF
F/FURGIRL3.GIF
F/FURGIRL4.GIF
F/FURGOYL1.GIF
F/FURGOYL2.GIF
F/FURGOYL3.GIF
F/FURGOYL4.GIF
F/FURIAN~1.GIF
F/FURIAN~2.GIF
F/FURLOGO.GIF
F/FURLUP.GIF
F/FURLUP.JPG
F/FURNET~1.GIF
F/FURNIS~1.GIF
F/FURRAER.GIF
F/FURRLO~1.JPG
F/FURROT~1.GIF
F/FURRYM~1.GIF
F/FURRYS~1.GIF
F/FUR_FRIE.GIF
F/FUSION.GIF
F/FUSOYA~1.JPG
F/FUZWOLF1.GIF
F/FUZZPROB.GIF
F/FUZZYF~1.GIF
F/FUZZYF~2.GIF
F/FUZZYF~3.GIF
F/FUZZYF~4.GIF
F/FUZZYF~5.GIF
F/FUZZYF~6.GIF
F/FUZZYF~7.GIF
F/FUZZYF~8.GIF
F/FUZZYF~9.GIF
F/FUZZY~10.GIF
F/FUZZY~11.GIF
F/FUZZY~12.GIF
F/FUZZY~13.GIF
F/FUZZY~14.GIF
F/FWUMPED.GIF
F/FY-NIKI.JPG
F/FY-NIK~1.JPG
F/FY-NIK~2.JPG
G/GAELIF~1.GIF
G/GALLOWAY.GIF
G/GALLOW~1.GIF
G/GAMES-DR.GIF
G/GAN-B-PD.GIF
G/GAN-PDC.GIF
G/GAN-RL~1.GIF
G/GAN-WI~1.GIF
G/GAN-WI~2.GIF
G/GAN-WI~3.GIF
G/GARGOYLE.GIF
G/GARGOY~1.GIF
G/GARLANBW.GIF
G/GARY-C~1.GIF
G/GAUSS.GIF
G/GAUSS2.GIF
G/GB-ARCAD.GIF
G/GB-AUSTN.JPG
G/GB-BBPNK.JPG
G/GB-BGBUN.GIF
G/GB-HPHOP.GIF
G/GB-KEANU.JPG
G/GB-PUNK.GIF
G/GB-SKATE.GIF
G/GB-UMO.JPG
G/GDFUR-BH.GIF
G/GEDDWIMP.JPG
G/GEIN.GIF
G/GEMIRA.GIF
G/GEN-1-GW.GIF
G/GEN-2-GW.GIF
G/GENDEVIC.GIF
G/GENECENT.JPG
G/GENECNT2.JPG
G/GENIAL1.GIF
G/GENIAL2.GIF
G/GENMA.JPG
G/GENNA_~1.GIF
G/GERRI1BW.GIF
G/GETFAM~1.GIF
G/GETFAM~2.GIF
G/GETFAM~3.GIF
G/GF-DALT1.JPG
G/GF-SWAT.JPG
G/GIMME.JPG
G/GLADIA~1.GIF
G/GLADIA~1.JPG
G/GM-DOU~1.GIF
G/GMBH-M~1.GIF
G/GMBH-M~2.GIF
G/GOBLYN~1.GIF
G/GOLDRU~1.GIF
G/GOODIES1.GIF
G/GREENL~1.JPG
G/GREYCU~1.GIF
G/GREYFOX1.GIF
G/GREYWO~1.GIF
G/GREYWO~2.GIF
G/GREYWO~3.GIF
G/GREYWO~4.GIF
G/GREYWO~5.GIF
G/GREYWO~6.GIF
G/GREYWO~7.GIF
G/GREYWO~8.GIF
G/GRIFFI~1.GIF
G/GRYN-GW.GIF
G/GRYPHO~1.GIF
G/GUESTA~1.GIF
G/GUPPY-JC.GIF
G/GUPPY.GIF
G/GUPPY2~1.GIF
G/GUTTER~1.GIF
G/GUTTER~2.GIF
G/GUYBRUSH.GIF
G/GWENET~1.GIF
L/LADYCT~1.GIF
L/LADYSW~1.GIF
L/LAERTES.GIF
L/LAFEMME.GIF
L/LALA.GIF
L/LAMASU.GIF
L/LANCE-~1.GIF
L/LANCE-~2.GIF
L/LANCE-~3.GIF
L/LANCE-~4.GIF
L/LANYA-GW.GIF
L/LAODICE.GIF
L/LARETT~1.GIF
L/LARNA01.GIF
L/LARNA01C.GIF
L/LARNA01I.GIF
L/LARNA02I.GIF
L/LARNA1.GIF
L/LARNA2.GIF
L/LARVA-~1.GIF
L/LASTRIAG.GIF
L/LAUNCHER.GIF
L/LAURACAT.GIF
L/LAZULI~1.GIF
L/LAZULI~2.GIF
L/LAZYHORS.JPG
L/LBRTYMMM.GIF
L/LCASTRIA.GIF
L/LCAT.GIF
L/LD_CLA~1.GIF
L/LD_XMA~1.GIF
L/LD_XMA~2.GIF
L/LEA-FOX.GIF
L/LEAH-1~1.GIF
L/LEAP'N.GIF
L/LEAPWOLF.GIF
L/LEAP_FOX.GIF
L/LEILA_~1.JPG
L/LEKAI-GW.GIF
L/LEMUR07.GIF
L/LEMUR19.JPG
L/LEMUR28.JPG
L/LEMURZ.JPG
L/LEMURZ~1.DES
L/LENNYFOX.GIF
L/LENNYF~1.DES
L/LEONIE~1.GIF
L/LEONIE~2.GIF
L/LEOPARD.GIF
L/LEOPAR~1.GIF
L/LESSON.GIF
L/LETTERS.JPG
L/LETTER~1.JPG
L/LEYAVE~1.GIF
L/LEYAVE~2.GIF
L/LEYAVE~3.GIF
L/LEYAVE~4.GIF
L/LEYAVE~5.GIF
L/LEYAVE~6.GIF
L/LIA-RL.GIF
L/LIANNA.JPG
L/LIFTOFF.JPG
L/LIGHT-~1.GIF
L/LIGHTNIN.GIF
L/LIGHTN~1.GIF
L/LIGHTN~2.GIF
L/LIL-ALLY.GIF
L/LILFOX~1.GIF
L/LILLAN~1.GIF
L/LILLIAN.GIF
L/LILLIA~1.GIF
L/LIMBAU~1.GIF
L/LIMBO.GIF
L/LINE-GW.GIF
L/LINEAR~1.GIF
L/LION-N~1.GIF
L/LION-S~1.GIF
L/LION-TBK.GIF
L/LION1-AR.GIF
L/LIONESS_.GIF
L/LIONES~1.GIF
L/LIONES~2.GIF
L/LIONM-BW.GIF
L/LIONMAN.GIF
L/LIONMA~1.GIF
L/LIONNAP.GIF
L/LIONNAP.JPG
L/LIONPRD.GIF
L/LIONS.GIF
L/LIONS.JPG
L/LIONUNI1.GIF
L/LIONUNI2.GIF
L/LIPS.GIF
L/LIRAN_~1.GIF
L/LISADOG.GIF
L/LISA_LIL.JPG
L/LITEHARE.GIF
L/LITTLE~1.GIF
L/LITTLE~2.GIF
L/LITTLE~3.GIF
L/LIYIRA~1.GIF
L/LKOALA~1.GIF
L/LLEW.GIF
L/LLOBACA.JPG
L/LLOBACA2.JPG
L/LNXMC-BH.GIF
L/LNXSM-BH.GIF
L/LOAM.GIF
L/LOBSTE~1.JPG
L/LOCKD_PT.GIF
L/LOCKE1.GIF
L/LOCKEH~1.GIF
L/LOCKES~1.GIF
L/LOCKLE~1.GIF
L/LOCKLE~2.GIF
L/LOGGIN~1.GIF
L/LONE-W01.GIF
L/LONE-W01.JPG
L/LONGDAY.GIF
L/LOOK-TO.GIF
L/LOONEY.GIF
L/LOOPY-NB.GIF
L/LOQUAX.GIF
L/LORELI~1.GIF
L/LORI2.GIF
L/LORIKE~1.GIF
L/LOSING~1.GIF
L/LOSTBOY.GIF
L/LOTOR-RL.JPG
L/LOTOR.JPG
L/LOTSH-~1.GIF
L/LOTSH-~2.GIF
L/LOTSH-~3.GIF
L/LOTUS1.JPG
L/LOUISE.GIF
L/LOVE-K.GIF
L/LOVE-TZ.GIF
L/LOVECAT.GIF
L/LOVEJOY.GIF
L/LOVEJOY2.GIF
L/LOVERS1.JPG
L/LOVERS2.JPG
L/LOW3C.GIF
L/LOWCOL~1.GIF
L/LOZETT~1.GIF
L/LPII-MU.GIF
L/LSD.GIF
L/LSGL-MU.GIF
L/LTAILWVR.GIF
L/LUAGHABW.GIF
L/LUFYBW.GIF
L/LUM-BW.GIF
L/LUM.GIF
L/LUMI2.GIF
L/LUMPY_~1.GIF
L/LUNA-C.JPG
L/LUNA2_CL.GIF
L/LUNAJRDN.GIF
L/LUNAOVER.GIF
L/LUNASIDE.GIF
L/LUNAWIDE.GIF
L/LUNA_AT3.GIF
L/LUNA_CL.GIF
L/LUNA_CL2.GIF
L/LUNA_NK.GIF
L/LUNDBDR.GIF
L/LUNDBSID.GIF
L/LUNDBSLM.GIF
L/LUNTAUR2.GIF
L/LUPEGARG.GIF
L/LUPEGARG.JPG
L/LUPEGRG2.GIF
L/LURKER.GIF
L/LV_BESS.GIF
L/LV_COM~1.GIF
L/LV_GOS~1.GIF
L/LV_LES.GIF
L/LV_TESS.GIF
L/LYC&KIRI.GIF
L/LYCANTH0.GIF
L/LYCANTH1.GIF
L/LYCANTH2.GIF
L/LYCANT~1.GIF
L/LYCEUS.GIF
L/LYIN-B~1.GIF
L/LYIN-B~1.JPG
L/LYNX-1~1.GIF
L/LYNX-2~1.GIF
L/LYNX-3~1.GIF
L/LYNX-F~1.GIF
L/LYNX-I~1.GIF
L/LYNX-L~1.GIF
L/LYNX-NB.GIF
L/LYNX-N~1.GIF
L/LYNX-N~2.GIF
L/LYNX-P~1.GIF
L/LYNX-RL.GIF
L/LYNX.GIF
L/LYNX1.JPG
L/LYNX2.JPG
L/LYNXBOOK.GIF
L/LYNXKO~1.GIF
L/LYNXXMAS.GIF
L/LYNZIE~1.GIF
L/LYONZ-AH.JPG
L/LYRIC.JPG
L/LYRICS.GIF
L/LYSANDER.GIF
L/LYSODARK.JPG
L/LYSOSKI.JPG
L/LYSSA-GW.GIF
L/LYTEHARE.GIF
M/M'DME_~1.GIF
M/M'SHOD~1.GIF
M/M-CHRO~1.GIF
M/M-CHRO~2.GIF
M/M-O'DOUR.GIF
M/MACAVITY.GIF
M/MADARUA1.JPG
M/MADBUNNY.GIF
M/MADMOLLY.GIF
M/MADOCH~1.GIF
M/MADRAR~1.GIF
M/MADRAR~2.GIF
M/MADRAR~3.GIF
M/MADRAR~4.GIF
M/MAG1-JBW.JPG
M/MAGGIE~1.GIF
M/MAGIC-NB.GIF
M/MAGKAT01.GIF
M/MAJESTA.GIF
M/MAJOR-~1.GIF
M/MAL-CMON.JPG
M/MALCHUS.GIF
M/MALCOM~1.JPG
M/MALIA1.JPG
M/MALKBROS.GIF
M/MANDRA~1.GIF
M/MANDY.GIF
M/MANDY2.GIF
M/MANEDW~1.GIF
M/MANTIC~1.JPG
M/MAORI_RL.GIF
M/MARATA~1.GIF
M/MARC.GIF
M/MARCHE~1.GIF
M/MARILYN.GIF
M/MARILY~1.GIF
M/MARVIN.GIF
M/MASK-JR.GIF
M/MASON-SL.GIF
M/MASONB~1.JPG
M/MASONS~1.JPG
M/MATCH-~1.GIF
M/MATHIU~1.GIF
M/MATHUE~1.GIF
M/MATHUE~2.GIF
M/MATING~1.GIF
M/MAX.GIF
M/MAXBACK.GIF
M/MAXDHERM.GIF
M/MAXDRESS.GIF
M/MAXI.GIF
M/MAXIMI~1.GIF
M/MAXIMUS.GIF
M/MAX_NK.GIF
M/MAZA.GIF
M/MAZA.JPG
M/MBAT-CK.GIF
M/MCA-SIL.GIF
M/MCMAHO~1.GIF
M/MCMAHO~2.GIF
M/MCMAHO~3.GIF
M/MCMAHO~4.GIF
M/MCMAHO~5.GIF
M/MCMAHO~6.GIF
M/MCMAHO~7.GIF
M/MDRAG.GIF
M/ME-AND~1.GIF
M/MEATMS~1.JPG
M/MECHA-GW.GIF
M/MECHAB~1.GIF
M/MECHAFOX.GIF
M/MECHDRAG.GIF
M/MEGAN-~1.GIF
M/MEGANE.GIF
M/MEGANEA1.GIF
M/MEJEEP~1.GIF
M/MEK-1-GW.GIF
M/MEK-2-GW.GIF
M/MEK-3-GW.GIF
M/MEK-4-GW.GIF
M/MEK-5-GW.GIF
M/MEL-001.GIF
M/MEL-002.GIF
M/MEL-003.GIF
M/MEL-004.GIF
M/MEL-005.GIF
M/MEL-006.GIF
M/MEL-007.GIF
M/MEL-008.GIF
M/MEL-009.GIF
M/MEL-010.GIF
M/MEL-011.GIF
M/MEL-012.GIF
M/MEL-013.GIF
M/MEL-014.GIF
M/MEL-015.GIF
M/MEL-016.GIF
M/MEL-017.GIF
M/MEL-018.GIF
M/MEL-019.GIF
M/MEL-020.GIF
M/MEL-021.GIF
M/MEL-022.GIF
M/MEL-023.GIF
M/MEL-024.GIF
M/MEL-025.GIF
M/MEL-026.GIF
M/MEL-027.GIF
M/MEL-028.GIF
M/MEL-029.GIF
M/MEL-030.GIF
M/MEL-031.GIF
M/MEL-032.GIF
M/MEL-033.GIF
M/MEL-034.GIF
M/MEL-036.GIF
M/MEL-037.GIF
M/MEL-038.GIF
M/MEL-039.GIF
M/MEL-040.GIF
M/MEL-042.GIF
M/MEL-046.JPG
M/MEL-047.JPG
M/MEL-048.JPG
M/MEL-049.JPG
M/MEL-050.GIF
M/MEL-051.GIF
M/MEL-052.JPG
M/MEL-053.JPG
M/MEL-054.JPG
M/MEL-055.JPG
M/MEL-056.JPG
M/MEL-057.GIF
M/MEL-058.GIF
M/MEL-059.GIF
M/MEL-060.GIF
M/MEL-061.JPG
M/MEL-062.JPG
M/MEL-063.JPG
M/MEL-064.GIF
M/MELANI2.GIF
M/MELANI3.GIF
M/MELCHI~1.GIF
M/MELODY~1.GIF
M/MELODY~2.GIF
M/MELODY~3.GIF
M/MELODY~4.GIF
M/MELODY~5.GIF
M/MELODY~6.GIF
M/MEME-PO.GIF
M/MEOWMIX.GIF
M/MERMAI~1.GIF
M/MERMD_DW.JPG
M/MERRY0~1.GIF
M/MERRY0~2.GIF
M/MERRY0~3.GIF
M/MERWOLF1.GIF
M/MERWOLF2.GIF
M/MERYOTE1.GIF
M/MERYOT~1.GIF
M/MERYOT~2.GIF
M/METALH~1.GIF
M/MF-BALON.GIF
M/MF-BASKT.GIF
M/MF-BC.GIF
M/MF-BNZAI.GIF
M/MF-BRZ50.GIF
M/MF-BWC.GIF
M/MF-CANUS.GIF
M/MF-CCVIX.GIF
M/MF-CHRSY.GIF
M/MF-CNS1.GIF
M/MF-DEVON.GIF
M/MF-FOX1.GIF
M/MF-GATOR.GIF
M/MF-GDNIT.GIF
M/MF-J&H.GIF
M/MF-KNIT.GIF
M/MF-LITTR.GIF
M/MF-LIVE.GIF
M/MF-MF.GIF
M/MF-MIRRA.GIF
M/MF-MJRTE.GIF
M/MF-MSU.GIF
M/MF-OTTR.GIF
M/MF-SDNY1.GIF
M/MF-SKIER.GIF
M/MF-SLUGR.GIF
M/MF-SNOWL.GIF
M/MF-SPINY.GIF
M/MF-TIGRS.GIF
M/MF-VIXN1.GIF
M/MF-VIXN2.GIF
M/MF-VMAG.GIF
M/MF-WACHR.GIF
M/MF-WARFX.GIF
M/MFMNAA~1.GIF
M/MFMNAI~1.GIF
M/MFOX1.GIF
M/MFOX2.GIF
M/MHARI-RL.GIF
M/MH_CAC~1.JPG
M/MH_CLEO.JPG
M/MH_KIT~1.GIF
M/MH_KIT~1.JPG
M/MH_REB~1.GIF
M/MH_SCA~1.JPG
M/MH_STA~1.GIF
M/MH_THO~1.JPG
M/MH_ZVALI.JPG
M/MIAMMI~1.GIF
M/MICE4.GIF
M/MICE6.GIF
M/MICKEY~1.GIF
M/MIDI2.GIF
M/MIDIAN2.GIF
M/MIDKNGHT.GIF
M/MIDNYMPH.JPG
M/MIDORI~1.GIF
M/MIELL_CW.GIF
M/MIEL_A~1.GIF
M/MIEL_C~1.GIF
M/MIEL_D~1.GIF
M/MIEL_D~2.GIF
M/MIEL_G~1.GIF
M/MIEL_K&L.GIF
M/MIEL_K2.GIF
M/MIEL_K3.GIF
M/MIEL_P~1.GIF
M/MIEL_REN.GIF
M/MIEL_R~1.GIF
M/MIEL_R~2.GIF
M/MIEL_V0.GIF
M/MIEL_WO.GIF
M/MIKA-GW.GIF
M/MIKE-C~1.GIF
M/MIKESGRL.GIF
M/MIKESTRI.GIF
M/MIK_PIC.GIF
M/MIK_TS~1.GIF
M/MILES-DR.GIF
M/MILES-RL.JPG
M/MILILAN1.JPG
M/MILLER~1.GIF
M/MINER-~1.GIF
M/MINIGO~1.GIF
M/MINIMAY.GIF
M/MINO1-DS.JPG
M/MINOTA~1.GIF
M/MIRA.GIF
M/MIRAGE.GIF
M/MIRAGE2.GIF
M/MIRAGE~1.GIF
M/MIRBEAR.GIF
M/MIRIAM~1.GIF
M/MIRIAM~2.GIF
M/MIRRA_~1.JPG
M/MISHAE~1.GIF
M/MISHKA.GIF
M/MISS-YOU.GIF
M/MISTER~1.GIF
M/MIYALA~1.GIF
M/MIZ-FOXX.GIF
M/MKATHENA.GIF
M/MKSTRIKR.GIF
M/ML_KIN~1.JPG
M/ML_MEL~1.GIF
M/ML_MEL~2.GIF
M/ML_RIF~1.GIF
M/MM-RBTOR.GIF
M/MMARE1.GIF
M/MMMBARN.GIF
M/MMM_TALI.GIF
M/MMOUSE1.GIF
M/MNABET~1.GIF
M/MNACOV~1.JPG
M/MNAMAL~1.GIF
M/MNANAS~1.GIF
M/MNANSS~1.GIF
M/MNASAT~1.JPG
M/MNASNO~1.GIF
M/MNASTR~1.GIF
M/MNASTR~2.GIF
M/MNAWAI~1.GIF
M/MNEMAR~1.GIF
M/MNEMOR~1.GIF
M/MODEST.JPG
M/MOLLYXMC.GIF
M/MOLLY_~1.GIF
M/MOLYXMAS.GIF
M/MOM-AN~1.JPG
M/MOM-ROO.GIF
M/MONA.GIF
M/MONA12BR.GIF
M/MONACHTA.GIF
M/MONAHAIR.GIF
M/MONICA-J.GIF
M/MONICA~1.GIF
M/MONTY-GW.GIF
M/MOONBATH.GIF
M/MOONCA~1.GIF
M/MOONGLOW.GIF
M/MOONLORD.GIF
M/MOONSONG.GIF
M/MOONWIND.GIF
M/MORBIUS.GIF
M/MORELE~1.GIF
M/MORGAN-G.GIF
M/MORGANA.GIF
M/MORGAN~1.JPG
M/MORNIN~1.GIF
M/MORPHC~1.GIF
M/MORPHC~1.JPG
M/MORPHL~1.JPG
M/MORPHL~2.JPG
M/MORPHN~1.GIF
M/MORPHR~1.GIF
M/MORPHT~1.JPG
M/MORRIG.GIF
M/MORRIG~1.GIF
M/MOUSE-~1.GIF
M/MOUSE.GIF
M/MOUSE.JPG
M/MOUSE1~1.JPG
M/MOUSE2~1.JPG
M/MOUSEN~1.GIF
M/MOUSET~1.GIF
M/MOUSPN~1.GIF
M/MOUSSPAS.GIF
M/MPILOK.JPG
M/MRC.JPG
M/MRISS-~1.GIF
M/MRISST~1.GIF
M/MRISST~2.GIF
M/MRMAD_DW.JPG
M/MRRELL~1.GIF
M/MRRELL~2.GIF
M/MRRELL~3.GIF
M/MRRELL~4.GIF
M/MRRELL~5.GIF
M/MSALIS.GIF
M/MSNOVAYA.GIF
M/MSTUD1.GIF
M/MS_SIL~1.GIF
M/MTORDEER.JPG
M/MTORRN~1.GIF
M/MUCHA.GIF
M/MUKNAKED.GIF
M/MUKRAK01.GIF
M/MUKRAK02.GIF
M/MUKRAK03.GIF
M/MUKRAK04.GIF
M/MUKRAK05.GIF
M/MULBERRY.GIF
M/MULBOOJ.JPG
M/MULTIS~1.GIF
M/MULTIS~2.GIF
M/MUNGRUMP.GIF
M/MURDER.GIF
M/MUSE-AH.JPG
M/MUSEUM.GIF
M/MUTTBEAV.GIF
M/MUTTLSD.GIF
M/MY-OWN-P.GIF
M/MYAH1-JB.GIF
M/MYK_RL.GIF
M/MYLEAUX.GIF
M/MYLY-JR.GIF
M/MYNX.GIF
M/MYRNA-BO.GIF
M/MYSTIQUE.GIF
M/MYTU-JR.GIF
M/MYTU2-JR.GIF
NEW/BOGHAZ~1.GIF
NEW/CH-EAS~1.JPG
NEW/CHEESK~1.GIF
NEW/CHIARO~1.GIF
NEW/CHIARO~2.GIF
NEW/CHIARO~3.GIF
NEW/ENVOY-~1.GIF
NEW/PUZZLE~1.GIF
NEW/ROHO-C~1.GIF
P/P-TAIS~1.GIF
P/PACKBRO.GIF
P/PACKBRO2.GIF
P/PACKSIS1.GIF
P/PACKSIS2.GIF
P/PACKSIS3.GIF
P/PACKSIS4.JPG
P/PAINBU~1.GIF
P/PAINT.GIF
P/PAIR.GIF
P/PAIRC.GIF
P/PAIRCAPT.GIF
P/PALACE~1.GIF
P/PALEFO~1.GIF
P/PALOMA.GIF
P/PALOSKOO.JPG
P/PANAMAGR.GIF
P/PANDA-ML.GIF
P/PANDA.GIF
P/PANDEIR1.GIF
P/PANDORA3.GIF
P/PAND_RL1.GIF
P/PANTHER.GIF
P/PANTHE~1.GIF
P/PANTXAN.GIF
P/PANTXA~1.DES
P/PAR-FOX.GIF
P/PAR-SELF.GIF
P/PARAGNCL.GIF
P/PARAGNNK.GIF
P/PARANOID.GIF
P/PARA_CL.GIF
P/PARA_NK.GIF
P/PARENTHO.GIF
P/PATCHY.JPG
P/PATTI.GIF
P/PAW-ST~1.GIF
P/PBEAR-RL.GIF
P/PEARLP~1.JPG
P/PEDRO.GIF
P/PEEKABOO.GIF
P/PEGARA.GIF
P/PEGASU~1.GIF
P/PEGGY.GIF
P/PEGVAL~1.GIF
P/PEGZBRCN.GIF
P/PERIWB~1.JPG
P/PERSONAL.GIF
P/PERYTO~1.GIF
P/PETEROO.GIF
P/PEWERE.JPG
P/PFERUSAG.GIF
P/PHAED1.JPG
P/PHAEDL~1.GIF
P/PHAEDRBW.GIF
P/PHAEDRIA.JPG
P/PHAEDR~1.GIF
P/PHAEDR~2.GIF
P/PHAEDR~3.GIF
P/PHAEDR~4.GIF
P/PHAEDR~5.GIF
P/PHESIUS1.GIF
P/PHESIU~1.GIF
P/PHESIU~2.GIF
P/PHESIU~3.GIF
P/PHESIU~4.GIF
P/PHIL.GIF
P/PHILOB~1.GIF
P/PHILPA~1.GIF
P/PHOENI~1.GIF
P/PHOTON-F.GIF
P/PI-SHEMA.GIF
P/PICKUP.GIF
P/PICNIC.GIF
P/PICT-DR.GIF
P/PIG-N-~1.GIF
P/PILLOW~1.GIF
P/PING-AH.JPG
P/PIRATE1.GIF
P/PIRATE2.GIF
P/PIRATES.GIF
P/PISAHARE.GIF
P/PIXYSTIX.GIF
P/PIZZAUGH.GIF
P/PK-BLAZE.GIF
P/PK-IMP~1.GIF
P/PK-SHA~1.GIF
P/PK-SHA~2.GIF
P/PK-SHO~1.GIF
P/PLATINUM.GIF
P/PLAYSA~1.GIF
P/PM-FOX.GIF
P/PNE-URI.GIF
P/POGO.GIF
P/POINTS~1.GIF
P/POINTS~2.GIF
P/POINTS~3.GIF
P/POLEKI~1.GIF
P/PONY-GW.GIF
P/POOLRA~1.JPG
P/POOLSKNK.GIF
P/POOMAH~1.GIF
P/POOMAH~2.GIF
P/POOMAH~3.GIF
P/PORQPINE.GIF
P/PORT.GIF
P/PORTAL.GIF
P/PORTIA~1.GIF
P/PORTRATE.GIF
P/PORTRA~1.GIF
P/POSSUM~1.GIF
P/POTTER~1.GIF
P/POTTER~2.GIF
P/POUNCEBW.GIF
P/POUNCE~1.GIF
P/POUNCE~2.GIF
P/POUPON1.GIF
P/POWR.JPG
P/PPG0995.JPG
P/PPG_AD01.JPG
P/PRC.JPG
P/PRELUDE.GIF
P/PRETZEL.GIF
P/PRICKV~1.GIF
P/PRIESTES.GIF
P/PRISMO.JPG
P/PRISS-RN.GIF
P/PRIZEDOE.GIF
P/PROX-K3.GIF
P/PROX-K4.GIF
P/PROXIMA.GIF
P/PROXIMA8.GIF
P/PRRELL~1.GIF
P/PRRELL~2.GIF
P/PRRELL~3.GIF
P/PRSMOCLR.JPG
P/PSI-FOX.GIF
P/PSI-FOX2.GIF
P/PSI-FOX3.GIF
P/PSI-FOX4.GIF
P/PSY94.GIF
P/PSY95.GIF
P/PSYCHE.GIF
P/PSYCHMOR.GIF
P/PSYCHO.GIF
P/PSYCHO1.GIF
P/PSYFUR1.GIF
P/PSYFUR2.GIF
P/PSYGIT.GIF
P/PSYPLUSH.GIF
P/PTCHOBLK.JPG
P/PUDLMOUS.GIF
P/PUFFRBUN.GIF
P/PUMA-MW.GIF
P/PUMA.GIF
P/PUMPED.GIF
P/PUNCHCP.GIF
P/PUNICO~1.GIF
P/PURGBALL.JPG
P/PURPLE~1.GIF
P/PURTHY~1.GIF
P/PUZZLE~1.GIF
P/PWLSHADO.JPG
P/PWOLF-~1.GIF
P/PXZRDTRP.GIF
P/PYRAMID.GIF
P/PYRENE~1.GIF
P/PYRENE~2.GIF
P/PYXXEL~1.JPG
P/PYXXEL~2.JPG
Q/QSEAL-GW.GIF
Q/QSEAL-~1.GIF
Q/QSEALM~1.GIF
Q/QTZAIN~1.GIF
Q/QTZAIN~1.JPG
Q/QTZAIN~2.GIF
Q/QTZAIN~2.JPG
Q/QUAKE2~1.GIF
Q/QUANTUM.GIF
Q/QUETZL.JPG
Q/QUICKF~1.GIF
Q/QUICKPAW.GIF
Q/QUICKS~1.GIF
Q/QUICKS~2.GIF
Q/QUIKDIP.GIF
R/R-KEEVEC.GIF
R/R-KIYOMI.GIF
R/R-KYOKO.GIF
R/RABBITFM.GIF
R/RABBITT.GIF
R/RABBIT~1.GIF
R/RABBOT.JPG
R/RABBUCK.GIF
R/RACCOON.GIF
R/RACCOON2.GIF
R/RACGIRL.GIF
R/RACHELOC.GIF
R/RACHEL~1.GIF
R/RACHEL~1.JPG
R/RACHEL~2.GIF
R/RACHEL~2.JPG
R/RACHEL~3.GIF
R/RACHEL~4.GIF
R/RACHEL~5.GIF
R/RACHEL~6.GIF
R/RACHEL~7.GIF
R/RACHEL~8.GIF
R/RACHEL~9.GIF
R/RACHE~10.GIF
R/RADAR-GW.GIF
R/RADJAH~1.GIF
R/RADSHA~1.GIF
R/RAFEKI.GIF
R/RAFEKI1.GIF
R/RAFTIN~1.GIF
R/RAHZR-JB.GIF
R/RAILEE~1.GIF
R/RALEIG~1.GIF
R/RALEIG~2.GIF
R/RALEIG~3.GIF
R/RAM-BO.GIF
R/RAMPAGE.GIF
R/RAMSEY~1.GIF
R/RAMSEY~2.GIF
R/RAMSEY~3.GIF
R/RANDI.GIF
R/RANDY.GIF
R/RANGER~1.JPG
R/RAPHAEL.GIF
R/RAPTOR.GIF
R/RAPTOR2.GIF
R/RAPTOR3.GIF
R/RASPBER2.GIF
R/RASPBR~1.GIF
R/RASTER.JPG
R/RASTER03.JPG
R/RASTERSM.GIF
R/RASTER~1.GIF
R/RASTER~2.GIF
R/RAT1.GIF
R/RAT2.GIF
R/RATLASS.GIF
R/RATNCAT.GIF
R/RAVEN-~1.GIF
R/RAVENS~1.GIF
R/RAVENS~2.GIF
R/RAWN-GW.GIF
R/RAYAAR~1.GIF
R/RAYGRO~1.DES
R/RAYGRO~1.GIF
R/RAYGRO~1.JPG
R/RCBLUBLK.GIF
R/RCBREBER.GIF
R/RCBREE.GIF
R/RCBREEPG.GIF
R/RCCOURIE.GIF
R/RCFAWN.GIF
R/RCFLYAWY.GIF
R/RCJILL.GIF
R/RCORCHID.GIF
R/RCQUICK.GIF
R/RCSELIRA.GIF
R/RCSHAKAR.GIF
R/RCSHEPRD.GIF
R/RCSTRIPE.GIF
R/RCTEMPST.GIF
R/RDW-SE~1.GIF
R/READ.GIF
R/REAH-GW.GIF
R/REAH-JC.GIF
R/REAH.GIF
R/RECLIN~1.GIF
R/RECLIN~1.JPG
R/RED-SH~1.GIF
R/RED-SH~2.GIF
R/RED-SH~3.GIF
R/REDARMY.GIF
R/REDDRESS.GIF
R/REDFRANC.GIF
R/REDJCK2.GIF
R/REDNUDE.GIF
R/REDNURSE.GIF
R/REDPANDA.GIF
R/REDPAN~1.JPG
R/REDSHET.GIF
R/REDSHET.TIF
R/REDSHI~1.GIF
R/REDUTI~1.GIF
R/REDWICKD.GIF
R/REDWINE.GIF
R/REECHAE.JPG
R/REFLEC~1.GIF
R/REIKODRN.GIF
R/REINPO~1.GIF
R/RELAXING.GIF
R/REN-1-GW.GIF
R/REN-TN-C.GIF
R/REN-TN.GIF
R/REN-TZ.JPG
R/REN.GIF
R/RENGEB~1.GIF
R/RENGEC~1.GIF
R/REN~1.HTM
R/REPTILE.JPG
R/RESTSTOP.GIF
R/RESURECT.GIF
R/REV-HE~1.GIF
R/REV-N-ST.GIF
R/REVAR-~1.GIF
R/REVAR-~2.GIF
R/REVAR-~3.GIF
R/REVAR-~4.GIF
R/REVENGE1.GIF
R/REVERSAL.GIF
R/REVERS~1.GIF
R/REYNARD.GIF
R/REYNAR~1.GIF
R/REYNAR~2.GIF
R/REYNAR~3.GIF
R/RF-AND~1.GIF
R/RHUMAAL.GIF
R/RIBBON~1.GIF
R/RICKBLAS.JPG
R/RIDING.GIF
R/RIESHAL.GIF
R/RIFFRA~1.GIF
R/RIFFRA~2.GIF
R/RIFKIN.GIF
R/RIGELC~1.GIF
R/RIKER-~1.GIF
R/RIKERS~1.GIF
R/RIMA.GIF
R/RIMKRYT.GIF
R/RINGTAIL.GIF
R/RIO1-16.GIF
R/RIO1.GIF
R/RIO2.GIF
R/RIO3.GIF
R/RIPIT.JPG
R/RISH1-JB.JPG
R/RISH2-JB.JPG
R/RITZ.GIF
R/RIVERO~1.GIF
R/RIVERO~2.GIF
R/RK-MECH.JPG
R/RL-HORSE.GIF
R/RL-URI.GIF
R/RM.TIF
R/RN01.GIF
R/RN02.GIF
R/RN03.GIF
R/RN04.GIF
R/RN05.GIF
R/RN06.GIF
R/RN07.GIF
R/RN08.GIF
R/RN09.GIF
R/RN10.GIF
R/RN11.GIF
R/RN12.GIF
R/RN13.GIF
R/RN14.GIF
R/RN15.GIF
R/RN16.GIF
R/ROAR-RN.GIF
R/ROBBER.GIF
R/ROBERTO.GIF
R/ROBERT~1.GIF
R/ROBIN.GIF
R/ROBODE~1.GIF
R/ROBYN.GIF
R/ROBYN_~1.GIF
R/ROCH5W1.GIF
R/ROCKET~1.GIF
R/ROCKET~2.GIF
R/ROCKET~3.GIF
R/ROCKKATS.GIF
R/ROCKY.GIF
R/ROCKY2.GIF
R/RODENTR.GIF
R/RODENTT.GIF
R/RODENT~1.GIF
R/RODS9.GIF
R/ROHO-C~1.GIF
R/ROHO01~1.JPG
R/ROLAND~1.GIF
R/ROMANO~1.GIF
R/ROMANO~2.GIF
R/RONI'S~1.JPE
R/RONIN-~1.GIF
R/RONINS.GIF
R/RONNIE~1.JPG
R/ROO&FOX.GIF
R/ROO.GIF
R/ROOCOUCH.GIF
R/ROOF.GIF
R/ROOF.JPG
R/ROOL.JPG
R/ROOREC.JPG
R/ROOTH1.GIF
R/ROOTH2.GIF
R/ROOTHF~1.GIF
R/RORI1.GIF
R/RORI2.GIF
R/ROSEWO~1.JPG
R/ROWAN-~1.GIF
R/ROWAN-~2.GIF
R/ROWAN-~3.GIF
R/ROXANN~1.GIF
R/ROXANN~2.GIF
R/ROXANN~3.GIF
R/ROXANN~4.GIF
R/ROXANN~5.GIF
R/ROXANN~6.GIF
R/ROXI-C.GIF
R/ROXI-C01.GIF
R/ROXI.GIF
R/ROXI1-JB.GIF
R/ROXI2-JB.JPG
R/ROXIANTH.GIF
R/ROXIAN~1.GIF
R/ROXIAN~2.GIF
R/ROXIKAT1.JPG
R/ROXIKAT2.JPG
R/ROXIKAT3.GIF
R/ROXIMRPH.GIF
R/ROXIPET1.GIF
R/ROXY.JPG
R/ROXYSOMB.JPG
R/ROYBUCK.GIF
R/ROYCONC.GIF
R/ROYDOOD.GIF
R/ROYDRAG.GIF
R/ROYGER.GIF
R/ROYNBM.GIF
R/ROYNGERM.GIF
R/ROYRAKH.GIF
R/ROYRED.GIF
R/ROYSHET.GIF
R/ROYWHIFF.GIF
R/RRRAOUL.GIF
R/RS-ALY~1.JPG
R/RS-THING.GIF
R/RSHETL~1.GIF
R/RTALMEID.JPG
R/RTBDA-~1.GIF
R/RTBDA-~2.GIF
R/RTBDA-~3.GIF
R/RTBDA-~4.GIF
R/RTBDA-~5.GIF
R/RTBDAFIT.GIF
R/RTBDANAP.GIF
R/RTGDSKNK.GIF
R/RUBY-GW.GIF
R/RUBY.GIF
R/RUM-TU~1.GIF
R/RUMALLIK.JPG
R/RUNFOX.GIF
R/RUNIF.GIF
R/RUSHLI~1.GIF
R/RUSSEL~1.GIF
R/RWA2-STR.GIF
R/RWA_BACK.GIF
R/RYLAN.GIF
R/RYLAN2.JPG
R/RYLA_T~1.GIF
R/RYN-1-GW.GIF
R/RYOKO.GIF
R/RZARIA~1.GIF
R/RZARIL~1.GIF
R/RZARIT~1.GIF
