CH-LI~64.GIF
COYBUNNY.GIF
Skunkworks Reflections_0059.webp
CH-LI~70.GIF
Little Paw #2_0095.webp
CF7-CO~3.GIF
Wolfette.jpg
RAPTOR.GIF
COMPUD~1.GIF
Yarf! #18-19_0077.webp
BENTARIN.GIF
MUKNAKED.GIF
Randy_Dev.gif
BOING!~1.GIF
Marv-toys.jpg
CINO14.GIF
The American Journal of Anthropomorphics #4_0060.webp
Little Paw #3_0031.webp
RN08.GIF
Box-Lunch.jpg
RHUMAAL.GIF
CH-LI~58.GIF
CC-MOUSE.JPG
QUANTUM.GIF
AP_ORYX.GIF
BLUE-C~1.GIF
FOXFOX~1.GIF
PSY95.GIF
QTZAIN~1.JPG
MAX.GIF
Yarf! #42_0057.webp
COMIC.GIF
Gri-RalphSuit.jpg
0-fel1.jpg
RACHEL~4.GIF
FF-XMAS.GIF
Gri-Spin.jpg
CATNG-GS.GIF
Gri-Danz.jpg
playingbunny.jpg
Yarf! #33_0040.webp
Little Paw #3_0066.webp
CF445.JPG
FURRYS~1.GIF
CHEERC.GIF
FFSYL-TZ.GIF
Yarf! #24_0054.webp
ARCWOLF4.GIF
FUR-TN.GIF
Gri-HFTPortrait.jpg
Stomping-Mad.jpg
Gri-twowoov2.jpg
FF-CAT.GIF
LYSANDER.GIF
REDSHET.GIF
Gri-Robe.jpg
Little Paw #1_0078.webp
Yarf! #33_0017.webp
Hit The Beach #05_0029.webp
ALENDR~1.GIF
FURNET~1.GIF
CALLIST2.GIF
Gri-Mundy.jpg
PACKBRO2.GIF
Little Paw #1_0097.webp
DECELE~1.GIF
Wild Kingdom #10_0025.webp
Gri-OneGref.jpg
CUGARS.GIF
AP-DRA~1.JPG
EEEE-GW.GIF
Yarf! #04_0033.webp
Yarf! #42_0000.webp
Little Paw #3_0089.webp
AP-DAY~1.GIF
The American Journal of Anthropomorphics #2_0094.webp
Gri-kat.jpg
BEAR-T~1.GIF
Gri-Pine.jpg
FY-NIKI.JPG
MCA-SIL.GIF
GB-UMO.JPG
Morning_Stroll.jpg
Little Paw #3_0070.webp
Hit The Beach #07_0021.webp
FF-NITE.GIF
Mbscoug1.jpg
CC-SLUG.JPG
MEL-036.GIF
CTAUR-SR.GIF
MEL-022.GIF
LUNA-C.JPG
GUESTA~1.GIF
CELON-GW.GIF
Yarf! #1_0013.webp
3-MECH~1.GIF
Katmandu Annual #01_0020.webp
BLKVEL~1.GIF
MELODY~3.GIF
Gri-Fiery2Sk.jpg
AP_ME2.GIF
Little Paw #4_0077.webp
RONIN-~1.GIF
Sheri-03.jpg
FRANG-GW.GIF
LEYAVE~5.GIF
cc-dessert.jpg
Yarf! #5_0016.webp
Gri-LionTummy.jpg
MEL-048.JPG
Gri-Fatrat3c.jpg
ZU #09_0024.webp
LOTSH-~1.GIF
Gri-Tailhold.jpg
CYBERS~5.GIF
MF-GATOR.GIF
Katmandu Annual #02_0022.webp
MCMAHO~2.GIF
ppg_2.png
FOXBAT~1.GIF
Yarf! #1_0044.webp
Sabrina Online #1_0000.webp
cc-bigfox.jpg
Yarf! #2_0011.webp
Gri-Overalls.jpg
MORELE~1.GIF
CC-2FUCK.JPG
The American Journal of Anthropomorphics #4_0099.webp
FRIENDS.GIF
Little Paw #3_0027.webp
FUZZY~13.GIF
cc-dot.jpg
Little Paw #4_0098.webp
Yarf! #33_0001.webp
Wild Kingdom #03_0022.webp
morningstar.jpg
Gri-Hurstc.jpg
Towering-Traci.jpg
Gri-Muttc.jpg
Genus - Spotlight On Skunkworks #01_0021.webp
ROOF.GIF
Yarf! #33_0056.webp
AMBERL~1.GIF
FOOZLE~1.GIF
CFE96_43.JPG
FALFEN~1.GIF
MADOCH~1.GIF
cc-pissfox.jpg
Hit The Beach #03_0024.webp
DUSTY_~1.GIF
Little Paw #2_0083.webp
DJ951005.GIF
PYRENE~2.GIF
LV_COM~1.GIF
LYNX.GIF
Gri-Middle.jpg
Guppy-squishes.jpg
Beatrix #02_0007.webp
Yarf! #9_0047.webp
FOXX_F~1.GIF
Yarf! #2_0007.webp
AJA-AD~1.GIF
Gri-Rnd2.jpg
6. South Fur Lands #06_0014.webp
Gri-Attitude.jpg
BIRTHDAY.GIF
abakan-03.jpg
RCSHAKAR.GIF
GARGOY~1.GIF
Little Paw #5_0047.webp
Uni.jpg
PARA_NK.GIF
FUZZY~12.GIF
Gri-C46.jpg
POOLSKNK.GIF
MEL-061.JPG
Little Paw #1_0107.webp
dickisgood.png
nightcat-04.jpg
BARB-2~1.GIF
MF-SPINY.GIF
DR-PETE.GIF
Yarf! #6_0038.webp
Gri-readyc.jpg
Yarf! #04_0009.webp
AP_SFL3.GIF
CYBERS~4.GIF
Gri-Lionus.jpg
ppg_3.png
MCMAHO~3.GIF
Yarf! #01_0010.webp
ARIAJA~1.GIF
Little Paw #1_0042.webp
COVERB~1.GIF
CF451.JPG
Gri-Ozone.jpg
DC_FURRY.GIF
Yarf! #5_0041.webp
BLINK.GIF
Skunkworks Reflections_0018.webp
Giant-Jace.jpg
5000 Fans of Dr.T issue 02_Page_12.webp
BIGVALA.GIF
CINO28.GIF
PXZRDTRP.GIF
8. South Fur Lands #08_0004.webp
cc-lionaround.jpg
DarkHammerSketchV1.jpg
01_FIR~1.GIF
BIRTHT~1.GIF
The American Journal of Anthropomorphics #2_0104.webp
Gri-Aethan2.jpg
CFE96_42.JPG
Gri-Devil.jpg
Little Paw #5_0010.webp
FRNKZK.GIF
LION-S~1.GIF
PUMPED.GIF
MAZA.GIF
Tales of the Fehnnik #01_0000.webp
ALLRIGHT.GIF
MEL-049.JPG
REV-N-ST.GIF
CHEETAHO.GIF
MAXI.GIF
The American Journal of Anthropomorphics #1_0014.webp
CHINCH~1.GIF
MF-SKIER.GIF
RangarigCF12.jpg
FEK_IS.JPG
Skunkworks Reflections_0063.webp
MINER-~1.GIF
AP_ME3.GIF
Little Paw #2_0105.webp
2F-BIZAR.GIF
MEL-037.GIF
CHEETA~4.GIF
AKI-RW.GIF
ASPIRIN.GIF
AP_RODY1.GIF
PARA_CL.GIF
Hit The Beach #06_0011.webp
MELODY~2.GIF
FLOKI-~1.GIF
Yarf! #01_0047.webp
MECHA-GW.GIF
BAT-SR.GIF
Yarf! #02_0004.webp
Little Paw #1_0003.webp
Komatsu.jpg
Arilin-Roof1.jpg
Yarf! #09_0044.webp
PROXIMA8.GIF
CASSIUM.GIF
DRGNESS.JPG
AP_THING.GIF
ANTHONYF.GIF
Hit The Beach #04_0019.webp
Little Paw #5_0114.webp
RAWN-GW.GIF
Gri-norubber.jpg
Gri-fendaxc.jpg
MIEL_G~1.GIF
PEGGY.GIF
CALLIST3.GIF
40KCAT~1.GIF
MERYOT~2.GIF
Little Paw #5_0051.webp
hyena-plant.png
CF7-CO~2.GIF
Gri-SamRik.jpg
CPEG.JPG
FRR-PU~1.GIF
CH-LI~65.GIF
Yarf! #1_0029.webp
Gri-GryphsSk.jpg
RACHEL~5.GIF
Gri-Cane.jpg
CF691.JPG
BTIGER~1.GIF
MILLER~1.GIF
Deidre-Jog.jpg
PSY94.GIF
BIGEARS.JPG
FF-VIXEN.GIF
CARRISSA.GIF
meteor_f.png
PATCHY.JPG
Big-Renee.jpg
Megajf4.jpg
CINOSNAP.GIF
spurt05.png
CH-LI~73.GIF
Yarf! #39_0047.webp
D_KIRA1.GIF
CF693.JPG
PORTAL.GIF
0-fel2.jpg
RACHEL~7.GIF
Gri-Rafferty.jpg
Gri-Lucien.jpg
R-KEEVEC.GIF
Hit The Beach #08_0029.webp
5000 Fans of Dr.T issue 02_Page_08.webp
CF452.JPG
AP-CAR~1.GIF
plant-bukake.png
EG_TDGUT.GIF
Yarf! #8_0041.webp
Brandon-strolls.jpg
Gri-PaunchFox.jpg
Gri-Wastrelc.jpg
MOONGLOW.GIF
ATM-ME~1.GIF
Little Paw #2_0037.webp
LAERTES.GIF
MEL-009.GIF
RTGDSKNK.GIF
Competition1Magnet.jpg
cc-bakar01-01.jpg
ELISE_SM.GIF
Beatrix #01_0009.webp
wolves-n-pig.jpg
LEYAVE~6.GIF
LYSODARK.JPG
Gri-Brokencute.jpg
The American Journal of Anthropomorphics #4_0125.webp
Little Paw #5_0092.webp
Sheri-02.jpg
Sabrina Online #3_0032.webp
Vampiric Albino Squirrels in Vinyl #02_0020.webp
CH-FOR~1.JPG
Little Paw #5_0102.webp
PRC.JPG
LEYAVE~4.GIF
Rogue.jpg
The American Journal of Anthropomorphics #1_0043.webp
Katmandu Annual #04_0042.webp
CCF01202008_000232.jpg
CHEET_DW.JPG
Yarf! #50_0037.webp
FF-CALIF.GIF
BOGHAZ~1.GIF
Gri-Spiral.jpg
AYK01.JPG
MOUSE.GIF
Gri-CanisBroadway.jpg
CHOCPO~1.GIF
The American Journal of Anthropomorphics #2_0112.webp
ISB #03_0021.webp
CH-LI~59.GIF
ROXIMRPH.GIF
PSYPLUSH.GIF
MANDRA~1.GIF
Gri-flabRatSk.jpg
ARCWOLF5.GIF
Gri-MayI.jpg
Gri-Wolflizard.jpg
Gri-Kurisu3.0.jpg
MORNIN~1.GIF
COSMO_~4.GIF
RANGER~1.JPG
PANTHE~1.GIF
QTZAIN~2.JPG
Megarocco-loom.jpg
FOXEN-~1.GIF
BUNNELLA.GIF
COBALT~1.GIF
Little Paw #5_0026.webp
cc-eggplant19.jpg
Hit The Beach #02_0034.webp
Little Paw #3_0093.webp
Gri-Samdragw.jpg
AMELIA.GIF
FULGAN~1.GIF
Skunkworks Reflections_0043.webp
The American Journal of Anthropomorphics #2_0016.webp
Gri-RatWuf2.jpg
PHESIU~4.GIF
MEL-023.GIF
Katmandu Annual #03_0045.webp
DarkHammerSketchV2.jpg
cc-open-up.jpg
LAODICE.GIF
Syber-01.jpg
Gri-BikLoinclothc.jpg
Gri-Nazwuf.jpg
PONY-GW.GIF
CINO29.GIF
DJ940914.GIF
Skunkworks Reflections_0022.webp
RN09.GIF
Gri-DrBear.jpg
Wild Kingdom #06_0001.webp
RUSSEL~1.GIF
GOODIES1.GIF
PROX-K3.GIF
alcarde2.jpg
AVATAR.GIF
DON-DF.GIF
Little Paw #4_0108.webp
CINO15.GIF
Little Paw #1_0054.webp
cc-readin.jpg
Little Paw #2_0001.webp
Gri-God.jpg
Gri-Eeep.jpg
CALMBE~1.GIF
CAT_BA~1.GIF
RAYGRO~1.JPG
A-GURE~1.GIF
CH-LI~71.GIF
Quack! #04_0051.webp
PEGVAL~1.GIF
The Mean, Green, Bondo Machine_0011.webp
Yarf! #02_0024.webp
Gri-MiniPortraits.jpg
DOODLES.GIF
Little Paw #2_0076.webp
Gri-PoleRide.jpg
Hit The Beach #06_0027.webp
EB-JC-JH.GIF
Yarf! #8_0000.webp
ROYRED.GIF
Tanuki_Skatoulaki.jpg
Gri-DocBear.jpg
Yarf! #35_0000.webp
CH-LI~67.GIF
MAX_NK.GIF
Gri-BigCat.jpg
DELACH~1.GIF
Gri-FoxSk.jpg
Little Paw #3_0085.webp
AYK03.JPG
Weasel-wardance.jpg
Dairakko1.jpg
GLADIA~1.GIF
ANGELINE.JPG
CH-LLOGO.JPG
The American Journal of Anthropomorphics #2_0077.webp
Yarf! #39_0010.webp
BARLEY~1.GIF
Yarf! #50_0056.webp
LYCEUS.GIF
AA_CHOOO.GIF
Little Paw #4_0082.webp
PHESIUS1.GIF
Derailed.jpg
Little Paw #1_0074.webp
Gri-MavBetween.jpg
DELACH~3.GIF
Dragon_Hunters.jpg
Gri-Chasm.jpg
FATIMA.JPG
Hit The Beach #02_0022.webp
Vampiric Albino Squirrels in Vinyl #01_0002.webp
CHAINED.GIF
Yarf! #50_0040.webp
FuzzWolfAndCo.jpg
AP_WOOF.GIF
AMY_SQ~1.GIF
The American Journal of Anthropomorphics #2_0061.webp
FOXWOR~1.GIF
Gri-RatRear.jpg
FUZZY~10.GIF
Gri-oGuppy.jpg
Gri-C44.jpg
FRE'TA.GIF
CINO17.GIF
ISB #01_0009.webp
MEL-021.GIF
Ken_Bunny_step.jpg
LEAH-1~1.GIF
REDDRESS.GIF
ALENDR~2.GIF
Yarf! #4_0010.webp
MANDY2.GIF
Bigtaur01.jpg
Yarf! #09_0025.webp
Little Paw #4_0094.webp
CHRAIA~1.JPG
FHA-SSA1.GIF
MH_SCA~1.JPG
MEL-063.JPG
FOXRYSS_.GIF
dai2.jpg
ferret.jpg
ppg_1.png
MCMAHO~1.GIF
Hit The Beach #06_0031.webp
LOTSH-~2.GIF
CYBERS~6.GIF
Gri-racSk.jpg
Gri-DanHlao.jpg
Gri-BanzukeJapan.jpg
RAMPAGE.GIF
Ewwww.jpg
Mousie-patrons.jpg
EXCHAN~1.JPG
Little Paw #1_0035.webp
BUTTERUP.GIF
PYRENE~1.GIF
LOCKD_PT.GIF
Yarf! #24_0019.webp
The American Journal of Anthropomorphics #1_0063.webp
Yarf! #08_0039.webp
CLNSTR~1.GIF
FLINT1~1.GIF
Gri-BrokenwingRough.jpg
DJ951013.GIF
bunnyhop.jpg
Hit The Beach #08_0013.webp
Gri-nSurpriseDoc.jpg
CASUAL.GIF
MYAH1-JB.GIF
3FURRI~1.GIF
Gri-DubSk.jpg
Little Paw #4_0057.webp
The American Journal of Anthropomorphics #3_0006.webp
MELANI2.GIF
BY-WOLF3.GIF
CFE96_41.JPG
ARCH.GIF
CFE96_40.JPG
Gri-BJBP.jpg
BY-WOLF2.GIF
Yarf! #4_0051.webp
Yarf! #7_0004.webp
AMBERL~2.GIF
cc-recycle.jpg
Little Paw #5_0067.webp
FURLUP.JPG
MYLY-JR.GIF
EE-FACE.GIF
MELANI3.GIF
CUT-N-~1.GIF
Gri-rat+rat.jpg
The American Journal of Anthropomorphics #4_0095.webp
Gri-C45.jpg
FOXBRIDE.GIF
FUZZY~11.GIF
GUPPY2~1.GIF
Little Paw #1_0019.webp
DBZAP5.GIF
Gri-batdrac.jpg
BITE-O~1.GIF
BER&SNT.GIF
fel-nap2.jpg
Little Paw #3_0050.webp
DISCO.GIF
Yarf! #08_0042.webp
Gri-SharkChain.jpg
Yarf! #9_0026.webp
The American Journal of Anthropomorphics #1_0018.webp
CASTRIA2.GIF
Yarf! #1_0033.webp
Gri-Drgnss.jpg
MIRRA_~1.JPG
MEL-062.JPG
0-intimate.jpg
Gri-Hurt03.jpg
Yarf! #50_0083.webp
ROAR-RN.GIF
Foxtaur-fun.jpg
The American Journal of Anthropomorphics #2_0108.webp
Dre-destruction.jpg
CYBERS~7.GIF
CATLADY.GIF
LOTSH-~3.GIF
MARCHE~1.GIF
MEL-020.GIF
CREMTEDY.JPG
MEL-008.GIF
RCFLYAWY.GIF
FOXHUN~1.GIF
AAAAAR!.GIF
Sheri-01.jpg
MNANSS~1.GIF
ERRICK1.GIF
CC-LOOM2.JPG
MELODY~1.GIF
FLOKI-~2.GIF
whiterabbit_fel.jpg
AP_RODY2.GIF
REDWICKD.GIF
MORBIUS.GIF
Little Paw #4_0000.webp
Gri-Rnd1.jpg
Gri-AbeShamira.jpg
Gri-Waking.jpg
GAUSS2.GIF
Gri-Survivor.jpg
cc-eggplant18.jpg
MF-VMAG.GIF
Yarf! #6_0063.webp
DESTINYC.GIF
BOJO-1~1.GIF
Gri-WolfyFly.jpg
AMYMITS.GIF
Yarf! #41_0034.webp
rifle.jpg
2Minks.jpg
PHESIU~3.GIF
ARCWOLF2.GIF
CRNFUSED.GIF
PPG-Word2-320-wht.gif
Little Paw #3_0010.webp
Hit The Beach #04_0014.webp
Hit The Beach #07_0041.webp
LOVEJOY.GIF
KipCum.jpg
CHIP-U~1.GIF
CF443.JPG
PALOMA.GIF
Yarf! #24_0022.webp
RONNIE~1.JPG
CARELIA.GIF
Samplepic.jpg
ISB #02_0030.webp
AP_MEME3.GIF
yearosnake_c.jpg
BAT-AN~1.GIF
Yarf! #1_0032.webp
Sabrina Online #2_0023.webp
Gri-boxers.jpg
Yarf! #45_0030.webp
CUSTER.GIF
BAL-1.GIF
PRIESTES.GIF
BROSHARE.GIF
CYBERS~3.GIF
FHA-WOL1.GIF
PING-AH.JPG
CONNIE.GIF
ppg_4.png
MCMAHO~4.GIF
Yarf! #18-19_0017.webp
Gri-Rougle.jpg
Hit The Beach #06_0030.webp
Little Paw #1_0034.webp
CYBERS~2.GIF
COONDAN.JPG
Gri-Rear.jpg
unhealthy.png
MCMAHO~5.GIF
ppg_5.png
BREAKOUT.JPG
5. South Fur Lands #05_0039.webp
MIDNYMPH.JPG
Gri-SamGear.jpg
FEL1.GIF
CRITTE~1.GIF
nightcat-02.jpg
squirrels.png
Little Paw #3_0092.webp
FUZZY~14.GIF
CHUKIN.JPG
Hit The Beach #02_0035.webp
EG_ZAPPA.GIF
BEASTIEB.GIF
FURBAB~1.GIF
CMKWOLF.GIF
OB001179.jpg
capturedmouse.jpg
READ.GIF
LOCKE1.GIF
BETH-D~1.GIF
BOJO-N~1.GIF
CAJNWOLF.GIF
ISB #02_0031.webp
The American Journal of Anthropomorphics #3_0102.webp
Dru-sprawl.jpg
Hit The Beach #03_0012.webp
Gri-Rat.jpg
Little Paw #4_0016.webp
BUN-JR.GIF
The American Journal of Anthropomorphics #3_0047.webp
CBEAK-NB.GIF
Yarf! #33_0060.webp
AYK02.JPG
Gri-Skunk2.jpg
Genus - Spotlight On Skunkworks #01_0017.webp
FEMCENT1.GIF
MERYOT~1.GIF
ALENDR~3.GIF
Sabrina Online #3_0028.webp
Walter-Kitty-in-The-Hollow-Earth-1992-Issue-11_0000.webp
Katmandu Annual #05_0013.webp
MEL-034.GIF
Sabrina Online #1_0020.webp
MF-KNIT.GIF
PORTRATE.GIF
Wild Kingdom #14_0016.webp
The American Journal of Anthropomorphics #4_0113.webp
Hit The Beach #04_0003.webp
MONTY-GW.GIF
Little Paw #1_0058.webp
Gri-DerekHostage.jpg
MATHIU~1.GIF
CC-SSSHH.JPG
Little Paw #4_0104.webp
CC-ITSOK.JPG
Yarf! #33_0037.webp
Little Paw #3_0011.webp
Genus - Spotlight On Skunkworks #03_0009.webp
Hit The Beach #07_0040.webp
CYBRAC~1.GIF
BRIGHT~1.JPG
BALANCE.GIF
The American Journal of Anthropomorphics #4_0105.webp
The American Journal of Anthropomorphics #1_0059.webp
Yarf! #2_0027.webp
cc-valentine01.jpg
LYNX-NB.GIF
Yarf! #03_0043.webp
8. South Fur Lands #08_0024.webp
ARCWOLF6.GIF
Gri-ryzroo.jpg
Timba-run.jpg
Peter-Big1.jpg
BLACKH~1.GIF
CHAIR.GIF
DELACH~2.GIF
The American Journal of Anthropomorphics #4_0040.webp
Yarf! #04_0044.webp
Gri-gettinclosec.jpg
MTORDEER.JPG
Gri-RikRoo.jpg
Spiedo_Dev.gif
CINO16.GIF
Yarf! #18-19_0000.webp
RUSHLI~1.GIF
BRUNO.GIF
CF679.JPG
Katmandu Annual #02_0043.webp
Jeff-grown.jpg
CH-LI~66.GIF
PAINBU~1.GIF
no_sheets.gif
RACHEL~6.GIF
CHAIR-~1.JPG
Pmeridn1.jpg
PPG0995.JPG
CF692.JPG
9. South Fur Lands #09_0008.webp
hunterkitty_pre.jpg
Hit The Beach #08_0005.webp
Blitzy3Sketch.jpg
Katmandu Annual #03_0008.webp
MH_ZVALI.JPG
CF7-CO~1.GIF
Yarf! #42_0020.webp
CH-LI~72.GIF
spurt04.png
ROCKY.GIF
Gri-TheNap.jpg
ROXI1-JB.GIF
Gri-EricTigerfox.jpg
AJWOLF.GIF
misha.jpg
MIRAGE~1.GIF
Hit The Beach #05_0008.webp
PACKBRO.GIF
The American Journal of Anthropomorphics #3_0011.webp
Gri-TygSktch.jpg
MEK-2-GW.GIF
RIKERS~1.GIF
cc-patpat.jpg
CHIARO~3.GIF
BOVUS.JPG
PROX-K4.GIF
GENECENT.JPG
Gri-Squeak5c.jpg
CF655.JPG
Yarf! #34_0031.webp
dragontech.png
CINO12.GIF
Gri-3guys3tails.jpg
CF651.JPG
MOONWIND.GIF
AP_GARG.GIF
CAB.GIF
MOUSET~1.GIF
ASHY.GIF
Pathia_to_Class1.jpg
QUICKF~1.GIF
LIYIRA~1.GIF
LLOBACA2.JPG
EE-TIGR.GIF
Little Paw #3_0046.webp
CF645.JPG
batsketch.jpg
FIORA1.GIF
Gri-showdown.jpg
COSMO_~3.GIF
Yarf! #2_0026.webp
Gri-DCBJ.jpg
REN-TZ.JPG
CECILIA1.GIF
CHIARO-2.JPG
Gri-Schivnorr.jpg
Yarf! #18-19_0056.webp
BALCON~2.GIF
cc-babygup.jpg
Aftermath.jpg
The American Journal of Anthropomorphics #4_0041.webp
CH-LI~76.GIF
Little Paw #4_0040.webp
BUNNELL2.GIF
CF682.JPG
CF7-CO~5.GIF
9. South Fur Lands #09_0009.webp
FLORIA~1.GIF
MIAMMI~1.GIF
FOXTON~2.GIF
Guppaw1.jpg
CHEESK~1.GIF
Hit The Beach #08_0004.webp
CHEE01.GIF
CF696.JPG
RACHEL~2.GIF
CH-LI~62.GIF
Yarf! #42_0021.webp
future.png
gmdrip.jpg
pound.png
FUGAZI.JPG
MULBOOJ.JPG
Little Paw #4_0017.webp
CLEARW~1.JPG
RASTER03.JPG
Yarf! #09_0049.webp
ANASSE~1.GIF
Gri-wfsnk.jpg
AP_BAR.GIF
RUNFOX.GIF
AYK06.JPG
Towering-Trina.jpg
MANDY.GIF
FOXEN-GW.GIF
BART-GW.GIF
Looming-Huskies.jpg
FLASHCAT.GIF
Sabrina Online #1_0021.webp
Yarf! #18-19_0105.webp
Gri-Maxine.jpg
CC-BLOB.JPG
CLUB-A~1.GIF
Uaxac-Beach.jpg
LITTLE~1.GIF
ROXI.GIF
The American Journal of Anthropomorphics #4_0112.webp
LD_XMA~1.GIF
ALLESS~1.GIF
CHEETA~3.GIF
ROHO01~1.JPG
MEL-030.GIF
MNAMAL~1.GIF
ARTS.GIF
EE-FOX3.GIF
MEL-018.GIF
AP_FOX1.GIF
MELODY~5.GIF
MOONLORD.GIF
Gri-CmonCmon.jpg
Gri-Couple.jpg
Katmandu Annual #02_0003.webp
PURGBALL.JPG
Gri-HFT.jpg
Hit The Beach #02_0019.webp
DOW_MS~1.GIF
The American Journal of Anthropomorphics #2_0109.webp
EUROFU~1.GIF
The American Journal of Anthropomorphics #4_0000.webp
Little Paw #4_0001.webp
FOXX2-JF.GIF
Gri-ToonFoxSk.jpg
Little Paw #2_0108.webp
BLACKW~1.GIF
CFNW_collab_grrrfel.jpg
ROOTH2.GIF
LEYAVE~3.GIF
Gri-BearChair.jpg
cc-couch2.jpg
cc-eggplant08.jpg
RAM-BO.GIF
Katmandu Annual #03_0048.webp
LIPS.GIF
biggod2.jpg
Titty-Cougr1.jpg
MONACHTA.GIF
cc-eggplant20.jpg
Genus - Spotlight On Skunkworks #01_0000.webp
Gri-BikchainsSk.jpg
orgywip_2.jpg
Gri-C41.jpg
QUAKE2~1.GIF
CAPHOOK2.GIF
Gri-Meeting.jpg
MEL-024.GIF
DRWVRCAR.GIF
Little Paw #4_0056.webp
MALKBROS.GIF
MARATA~1.GIF
CFE96_45.JPG
Genus - Spotlight On Skunkworks #02_0002.webp
CFE96_51.JPG
Yarf! #17_0015.webp
EUROFUR2.GIF
Little Paw #3_0051.webp
GARLANBW.GIF
Hit The Beach #07_0000.webp
BAT-ST~1.GIF
Katmandu Annual #04_0018.webp
PERIWB~1.JPG
cc-billboard.jpg
LIONES~1.GIF
Sweet Treats_0071.webp
ML_RIF~1.GIF
Gri-Tiptoe.jpg
CFE96_50.JPG
Gri-Foxtrot.jpg
Big-bouncy-stroll.jpg
DEXTER~1.GIF
Little Paw #5_0066.webp
BATTLE~1.GIF
BY-WOLF6.GIF
CFE96_44.JPG
MYLEAUX.GIF
Little Paw #5_0089.webp
ANTICI~1.GIF
RIDING.GIF
The American Journal of Anthropomorphics #2_0037.webp
Yarf! #24_0018.webp
BONEDEMO.GIF
ERWIN-~1.GIF
6. South Fur Lands #06_0035.webp
Yarf! #04_0004.webp
Halav03.jpg
Gri-micetwsm.jpg
MacroFurry-com-vert-clr.gif
Gri-Aethanc.jpg
ANGEL-~1.GIF
COWAN-JC.GIF
cc-archer.jpg
AP_MINE.GIF
Gri-WhackCoon.jpg
Calico-otter.jpg
KSaa-greets.jpg
LPII-MU.GIF
cc-eggplant09.jpg
MacroFurry-Symbol.jpg
DARLA.GIF
Gri-DDRBik.jpg
BADGRBCK.GIF
APRIVER.GIF
LEYAVE~2.GIF
GAN-RL~1.GIF
MIEL_A~1.GIF
Big-Surprise.jpg
Yarf! #8_0017.webp
Gri-Wott.jpg
PAW-ST~1.GIF
Gri-PoorGlenn.jpg
cc-delaware.jpg
Vampiric Albino Squirrels in Vinyl #01_0003.webp
RAT2.GIF
ROBYN.GIF
Yarf! #3_0000.webp
Yarf! #01_0031.webp
officecheetah.jpg
MEL-019.GIF
RCBREBER.GIF
F&V-NB.GIF
Yarf! #8_0040.webp
MELODY~4.GIF
good_puppy_col.jpg
Gri-Dive.jpg
MEL-031.GIF
DOODLE~2.GIF
CHEETA~2.GIF
tiedup.jpg
MEL-025.GIF
GREENL~1.JPG
FELatio.jpg
orgywip_3.jpg
Little Paw #2_0020.webp
Gri-Wolfgirl2.jpg
LION-N~1.GIF
CF456.JPG
Katmandu Annual #03_0025.webp
Hit The Beach #08_0028.webp
COSMO_~2.GIF
MICE4.GIF
ALGIERS.JPG
PHILPA~1.GIF
ARCWOLF3.GIF
Yarf! #35_0056.webp
CF442.JPG
Gri-FoxtaurSk2.jpg
BLOWLOCK.GIF
DOLPHI~1.GIF
AYK07.JPG
PHESIU~2.GIF
RITZ.GIF
DRGON_DW.JPG
FOXSWE~1.GIF
ARAGH1.JPG
ISB #03_0000.webp
MYSTIQUE.GIF
cc-ocelot.jpg
AP_MEME2.GIF
BIGCRANE.GIF
TickleTiger_2002-04-06.jpg
MULTIS~2.GIF
The American Journal of Anthropomorphics #1_0023.webp
The American Journal of Anthropomorphics #2_0076.webp
Yarf! #50_0057.webp
EDFRPG.GIF
CHIARO~2.GIF
CF654.JPG
Tank Vixens Portfolio_0006.webp
EE-ROX~1.JPG
ESTHER~1.GIF
GUPPY-JC.GIF
Gri-Samoied.jpg
PSYCHO1.GIF
ALEX-A~1.GIF
RAVENS~2.GIF
Little Paw #5_0070.webp
GALLOWAY.GIF
cc-invisodom.jpg
Gri-Hdane.jpg
BALLPAD.GIF
Gri-AethanSk.jpg
P-TAIS~1.GIF
Gri-watchyerstepc.jpg
spurt01.png
CH-LI~77.GIF
DAYDRE~1.GIF
CF7-CO~4.GIF
Gri-Comeonc.jpg
CH-LI~63.GIF
RACHEL~3.GIF
Yarf! #39_0046.webp
CF697.JPG
collab.jpg
RIO1.GIF
Little Paw #1_0110.webp
Gri-50K2.jpg
AFURRY7.GIF
Gri-BrokenwingNigel.jpg
Genus - Spotlight On Skunkworks #02_0018.webp
Little Paw #2_0000.webp
MF-BASKT.GIF
FHA-LPD1.GIF
CINO11.GIF
DARLA2.GIF
Divina01-bw.jpg
AFTERBAT.GIF
ARMORF~1.GIF
munkeetigerfox_f.png
2. South Fur Lands #02_0022.webp
Yarf! #02_0025.webp
BCHBUNTF.GIF
CAMWYNNE.GIF
Little Paw #2_0077.webp
MRC.JPG
Hit The Beach #06_0026.webp
CH-LI~88.GIF
Gri-Rosettes.jpg
Gri-Whathef.jpg
CINO13.GIF
Gri-BikSwimsuitc.jpg
FC2003.jpg
DB10.GIF
chiratani-ekiraith.gif
Yarf! #06_0000.webp
Hit The Beach #02_0003.webp
DRBK00RL.GIF
FUSOYA~1.JPG
CH-LI~49.GIF
ROBBER.GIF
MEJEEP~1.GIF
Gri-Amator.jpg
Hit The Beach #08_0008.webp
Gri-wuf2.jpg
cc-mushroom.jpg
BELLE-GW.GIF
Yarf! #4_0031.webp
PHAEDRIA.JPG
Yarf! #39_0031.webp
Anji-Sushi-ruff.jpg
ELVIS.GIF
ROXI2-JB.JPG
CF681.JPG
ASLAN-~1.GIF
CH-LI~75.GIF
ARAN18.GIF
CF7-CO~6.GIF
Katmandu Annual #04_0002.webp
CF656.JPG
spurt03.png
MICE6.GIF
Quack! #03_0000.webp
RACGIRL.GIF
CRITIC.JPG
MH_STA~1.GIF
liger_fel.jpg
LEOPAR~1.GIF
CF454.JPG
Algebar-cock-size1.jpg
CF440.JPG
ARCWOLF1.GIF
ARTIST.GIF
Gri-Gun.jpg
CF468.JPG
BALCON~1.GIF
Little Paw #2_0057.webp
AMY_HI~9.GIF
Hit The Beach #06_0006.webp
cc-coontoy.jpg
RS-ALY~1.JPG
Little Paw #5_0115.webp
BASEBALL.GIF
Gri-Znapshots.jpg
Gri-BradRake.jpg
Yarf! #21_0037.webp
RIPIT.JPG
Gri-GuppySk.jpg
Gri-Yennix.jpg
AYK05.JPG
CRM-GW.GIF
Gri-BikChains.jpg
cc-roomates.jpg
Katmandu Annual #02_0019.webp
ENROUTE.GIF
LD_CLA~1.GIF
Foxtaur-toy-boyfriend.jpg
Gri-BigRatLilRat.jpg
chibi_eq_col.jpg
CALLISTA.GIF
QUIKDIP.GIF
Yarf! #7_0025.webp
orgywip_1.jpg
ALBEDO~1.GIF
PANTXAN.GIF
MORPHT~1.JPG
FAONRU~1.GIF
LIANNA.JPG
LEAP_FOX.GIF
CALLAHAN.JPG
Gri-SouthieBlush.jpg
RaleighPop.jpg
LION-TBK.GIF
GEN-1-GW.GIF
The American Journal of Anthropomorphics #1_0107.webp
FELICI~1.GIF
ABAP.JPG
Gri-Kumamonsleep.jpg
MEL-033.GIF
CH-TOO~1.GIF
EYE_OF_T.GIF
LD_XMA~2.GIF
Skunkworks Reflections_0062.webp
CLUB-A~2.GIF
LITTLE~2.GIF
Gri-Herloffc.jpg
Gri-firststain.jpg
FLAME-ON.GIF
MEL-027.GIF
GRYPHO~1.GIF
Yarf! #8_0037.webp
ANIME-~1.GIF
MAGKAT01.GIF
ROOTH1.GIF
Yarf! #50_0036.webp
FATBOY.GIF
Katmandu Annual #04_0043.webp
COON.GIF
ENOCH.JPG
Gri-C42.jpg
CAPHOOK1.GIF
EKREAL-B.GIF
DRACHM~1.GIF
The American Journal of Anthropomorphics #4_0132.webp
The American Journal of Anthropomorphics #4_0098.webp
Hit The Beach #04_0022.webp
Little Paw #3_0026.webp
fire.png
BY-WOLF5.GIF
KoyotesShorts.jpg
CFE96_47.JPG
AGILITY.JPG
CH-VALEN.GIF
Tigerlady-housecrush.jpg
DEXTER~2.GIF
Wild Side #1_0000.webp
Yarf! #33_0057.webp
APTUG2.GIF
LIONES~2.GIF
DINGOPRA.GIF
K-cugrl1.jpg
Gri-Woulfe.jpg
Little Paw #4_0021.webp
A001735.jpg
BLACKU~1.GIF
Hit The Beach #03_0025.webp
CANDICE.JPG
CUTEAS~1.GIF
eq_bunny_700px.jpg
Hamity-lean.jpg
Gri-Wetwufs.jpg
Yarf! #5_0017.webp
Thunder.jpg
cc-spotty.jpg
CF6G-DR.GIF
DEATHTEA.GIF
Gri-C43.jpg
MSNOVAYA.GIF
LEYAVE~1.GIF
jamey_lihau_sk_f.jpg
AP_DF.GIF
Hit The Beach #08_0032.webp
BELZAR~1.GIF
Little Paw #1_0080.webp
ARYA.GIF
69bw.jpg
Little Paw #4_0076.webp
Gri-yote.jpg
ppg_6.png
MCMAHO~6.GIF
Little Paw #1_0014.webp
Little Paw #2_0041.webp
MELODY~6.GIF
AP_FOX2.GIF
Yarf! #01_0046.webp
Gri-Coils3c.jpg
gm3_oni-hunter_fel.jpg
CENTAUR.GIF
GRI-SIX.jpg
Gri-bartovc.jpg
Vampiric Albino Squirrels in Vinyl #02_0021.webp
office2.png
CHIARO-1.JPG
CF695.JPG
loup.jpg
RACHEL~1.GIF
CH-LI~61.GIF
snuggle.jpg
FOXTON~1.GIF
Gri-Bris.jpg
Guppaw2.jpg
RIO3.GIF
Gri-RacSword.jpg
The American Journal of Anthropomorphics #2_0056.webp
COL-RY~1.GIF
Gri-wabc.jpg
ANGEL-~2.GIF
ROYSHET.GIF
The American Journal of Anthropomorphics #1_0015.webp
BLUE-GW.GIF
MIEL_C~1.GIF
Wild Kingdom #12_0000.webp
CHEER.GIF
Leesa-taps.jpg
BIKNMONG.JPG
CFE96_46.JPG
RCSHEPRD.GIF
BRYCEO~1.GIF
Gri-Negwoof.jpg
Gri-RalphDreams.jpg
Little Paw #1_0106.webp
DAWN.GIF
RAPHAEL.GIF
AP_FLE.GIF
Gri-RogueSk.jpg
RCSELIRA.GIF
imnaked_purple.png
Gri-adragonSk1.jpg
GUPPY.GIF
BW-TIGER.JPG
Little Paw #1_0043.webp
FF-ICE.GIF
Little Paw #2_0016.webp
MCMAHO~7.GIF
LYSOSKI.JPG
Genus - Spotlight On Skunkworks #03_0012.webp
stripes.png
Gri-Anuket.jpg
CYBERS~1.GIF
LARNA01.GIF
MF-BC.GIF
BY-DARK.JPG
ASHFOX~1.GIF
nightcat-01.jpg
Sabrina Online #1_0001.webp
collaboration_dragon__ff.jpg
Gri-Novik.jpg
FEL2.GIF
DEVI-PC.GIF
FANTOM~1.GIF
RABBUCK.GIF
CERVAN~1.GIF
DRAGNT~1.JPG
cc-duncan.jpg
Gri-Caniswufc.jpg
EE-FOX1.GIF
Gri-TalosSk.jpg
CH-EAS~1.JPG
The American Journal of Anthropomorphics #2_0083.webp
DEUCE-~1.GIF
RAT1.GIF
Little Paw #3_0071.webp
Gri-rattail.jpg
LITTLE~3.GIF
Hit The Beach #07_0020.webp
AVENG-PL.GIF
schoolkiss.jpg
2DIEFUR.GIF
RIESHAL.GIF
The American Journal of Anthropomorphics #1_0039.webp
MEL-026.GIF
GREYCU~1.GIF
Gri-DragCroc.jpg
MEL-032.GIF
Juggling-Genet.jpg
CHETA-NB.GIF
DOODLE~1.GIF
CHEETA~1.GIF
Katmandu Annual #04_0038.webp
Yarf! #2_0047.webp
dancin.jpg
The American Journal of Anthropomorphics #3_0027.webp
for-al-20000211.jpg
R-KYOKO.GIF
Yarf! #33_0000.webp
ABSKUNK.JPG
EKREAL-C.GIF
CSWOLFBR.GIF
BF-MORPH.JPG
Gri-Tkit.jpg
DIAMONDB.GIF
GEDDWIMP.JPG
Gri-Dax2.jpg
Gri-H_M.jpg
GF-DALT1.JPG
Yarf! #24_0055.webp
COSMO_~1.GIF
kargic_800kok.jpg
CF455.JPG
AYK10.JPG
DEVIN.GIF
rave_warrnhirobo.jpg
PHESIU~1.GIF
Hit The Beach #05_0028.webp
CRYS.GIF
The American Journal of Anthropomorphics #3_0031.webp
Little Paw #4_0060.webp
RABBIT~1.GIF
GENNA_~1.GIF
LYRIC.JPG
ROYRAKH.GIF
JasmineSketch.png
5000 Fans of Dr.T issue 02_Page_05.webp
ROLAND~1.GIF
turtle_fel.png
Hit The Beach #08_0024.webp
MULTIS~1.GIF
FINEVIXN.GIF
AP_MEME1.GIF
DAYDRE~2.GIF
Yarf! #41_0003.webp
Yarf! #42_0056.webp
Tales of the Fehnnik #00_0027.webp
Yarf! #6_0054.webp
PEGASU~1.GIF
CF7-CO~7.GIF
spurt02.png
CH-LI~74.GIF
BY-SMASH.JPG
BATBAT~1.GIF
CH-LI~60.GIF
MERMD_DW.JPG
CF694.JPG
RIO2.GIF
BUST-JG.GIF
Little Paw #4_0037.webp
Gri-Zexyz.jpg
MERMAI~1.GIF
Little Paw #3_0088.webp
AMY_HI~8.GIF
CC-MYTU.GIF
Yarf! #34_0011.webp
REFLEC~1.GIF
The American Journal of Anthropomorphics #2_0095.webp
page25.jpg
PUNCHCP.GIF
BARB.GIF
CF469.JPG
Yarf! #03_0035.webp
Yarf! #45_0006.webp
Gri-FoxtaurSk1.jpg
Gri-Centipede.jpg
AMY_H~10.GIF
Little Paw #3_0030.webp
MALIA1.JPG
LIRAN_~1.GIF
FLINT8.GIF
Gri-14.jpg
FHAOLAN1.GIF
CAT_LA~1.GIF
BLIGHT.GIF
Yarf! #9_0046.webp
CF657.JPG
PEEKABOO.GIF
LIMBAU~1.GIF
Gri-wuf3.jpg
CHIARO~1.GIF
8. South Fur Lands #08_0005.webp
MOUSE-~1.GIF
The American Journal of Anthropomorphics #3_0066.webp
GB-KEANU.JPG
CH-LI~48.GIF
hbz_snowcat_ero_f.jpg
ROBYN_~1.GIF
Gri-Galonc.jpg
PHAEDL~1.GIF
FOXANG~1.GIF
FOXINA~1.GIF
DB11.GIF
4dalin_f.png
RAVENS~1.GIF
RISH2-JB.JPG
MY-OWN-P.GIF
MIRA.GIF
CH-LI~13.GIF
AP_PUNK.GIF
PACKSIS2.GIF
Yarf! #8_0006.webp
FUZZYF~7.GIF
Gri-ShyDwag2.jpg
LYCANTH1.GIF
Vampiric Albino Squirrels in Vinyl #02_0010.webp
Yarf! #3_0046.webp
CORNERED.GIF
gatonegro_1.jpg
ATM-BR~1.GIF
Gri-Dobies.jpg
Gri-zing.jpg
Hit The Beach #03_0038.webp
Smish.jpg
MIELL_CW.GIF
EVILFOP3.JPG
PHAEDR~2.GIF
MAORI_RL.GIF
CF624.JPG
FOXLOO~1.JPG
Gri-B&W.jpg
StompContest.jpg
Gri-Bowling.jpg
CINO10.GIF
Katmandu Annual #02_0035.webp
Gri-CharonFoxtaur.jpg
Yarf! #18-19_0076.webp
LIONS.JPG
brains.png
CHUN-L~1.JPG
Gri-dracon1.jpg
stainglass.png
deerbutt.jpg
Skunk_0000.webp
Skunkworks Reflections_0004.webp
Gri-spikes.jpg
Yarf! #6_0008.webp
BUNNEL~2.GIF
FOXYAW~1.JPG
FEMBOI~1.GIF
Gri-Berhc.jpg
Gri-rikardc.jpg
Gri-AshETR3c.jpg
Yarf! #4_0041.webp
Gri-Lizard.jpg
LANCE-~2.GIF
Havoc-stalk.jpg
cheshire.png
Gri-BjenPorch.jpg
Little Paw #5_0077.webp
Tigress-Crushes.jpg
AP_DANCE.GIF
Gri-JedGri.jpg
CINO5.GIF
Gri-cheers.jpg
LURKER.GIF
69_c.jpg
Arilin-02.jpg
AP_LEXY2.GIF
AVENGE~1.JPG
BEACH-~2.GIF
PEDRO.GIF
spermin.gif
LCAT.GIF
cc-greentowel.jpg
ISB #03_0007.webp
LARNA01C.GIF
ATM-PEN1.GIF
cc-creation.jpg
Lighthouse.jpg
BOINGD~2.GIF
Gri-PreyfarSk.jpg
Gri-snakewuf4.jpg
DJ941117.GIF
RINGTAIL.GIF
ATM-NO~7.GIF
REDUTI~1.GIF
The American Journal of Anthropomorphics #1_0024.webp
EMILY11C.GIF
Little Paw #2_0031.webp
Genus - Spotlight On Skunkworks #02_0029.webp
MOUSSPAS.GIF
Stamping-Terror.jpg
Yarf! #8_0047.webp
FMAP08.GIF
Gri-AshETR2.jpg
precum2.png
Vampiric Albino Squirrels in Vinyl #01_0004.webp
Robin-n-Shaterri.jpg
Anji-Stroll-C.jpg
Yarf! #3_0007.webp
Chelisse-rest1.jpg
M'DME_~1.GIF
paddle.png
Gri-FerBerb05.jpg
CC-LYON1.GIF
Hit The Beach #08_0039.webp
CFEAST2.JPG
Gri-zJul08.jpg
LLOBACA.JPG
FURGIRL2.GIF
Yarf! #35_0047.webp
COQUETTE.JPG
CC-BEAR.JPG
Gri-Riding.jpg
Skunkworks Reflections_0012.webp
MOONSONG.GIF
9. South Fur Lands #09_0034.webp
MPILOK.JPG
MARILY~1.GIF
MAG1-JBW.JPG
Gri-zAug11.jpg
MIZ-FOXX.GIF
BANZAL~1.GIF
CC-ABC.JPG
MRISST~2.GIF
PAR-FOX.GIF
Gri-Layc.jpg
Yarf! #7_0055.webp
Sabrina Online #4_0044.webp
showtime.jpg
PORTRA~1.GIF
RZARIA~1.GIF
Little Paw #3_0095.webp
Gri-nETR.jpg
Yarf! #21_0051.webp
ROXIAN~1.GIF
MERRY0~2.GIF
The American Journal of Anthropomorphics #2_0088.webp
Hit The Beach #02_0032.webp
The American Journal of Anthropomorphics #1_0032.webp
LEMUR28.JPG
The American Journal of Anthropomorphics #2_0067.webp
OB001135.jpg
MIRAGE.GIF
CH-DRAW.GIF
FLYFX_DW.JPG
GREYWO~7.GIF
DRAGON~4.GIF
Yarf! #39_0000.webp
POTTER~1.GIF
Gri-Hug.jpg
MADRAR~1.GIF
Yarf! #50_0011.webp
RCFAWN.GIF
MAXBACK.GIF
mack.jpg
DP-Advert.jpg
DR-KEITH.GIF
CFE96_08.JPG
C'BOAT~1.GIF
Surewood100101.jpg
RandyPowder-Sketch.gif
FANTAS~7.GIF
Gri-leatherBunny.jpg
MIEL_D~1.GIF
catsailor.jpg
BAMBO-GW.GIF
PRISS-RN.GIF
Gri-Mutt.jpg
BONES.GIF
SkatoulakiColor.jpg
Vampiric Albino Squirrels in Vinyl #02_0006.webp
Gri-Soaranthr.jpg
RASPBER2.GIF
RABBITT.GIF
Little Paw #2_0066.webp
coonbutt.jpg
Little Paw #1_0033.webp
Gri-Bungeec.jpg
Hit The Beach #06_0037.webp
FIGHT.GIF
Gri-SnowCanis.jpg
cc-foxsnack.jpg
CFE96_09.JPG
Katmandu Annual #03_0018.webp
ALENBIKE.GIF
BBunboy_7.jpg
CFE96_21.JPG
MORPHC~1.GIF
ELI-GW.GIF
CANONCOV.GIF
The American Journal of Anthropomorphics #3_0000.webp
DELPHAI3.GIF
Little Paw #1_0048.webp
Genus - Spotlight On Skunkworks #02_0005.webp
CFE96_35.JPG
Yarf! #33_0027.webp
001_ECLP.GIF
CATROO02.GIF
MUSE-AH.JPG
LYNXBOOK.GIF
Little Paw #5_0061.webp
MAXIMI~1.GIF
CATROO03.GIF
Yarf! #21_0006.webp
AZARA.JPG
CFE96_34.JPG
CFE96_20.JPG
Katmandu Annual #02_0028.webp
Mace-vs-Shere-01.jpg
BBunboy_6.jpg
Yarf! #05_0033.webp
Yarf! #06_0066.webp
COPPER~1.GIF
Fifty-foot-Fisher.jpg
Gri-nBandannawuf.jpg
The American Journal of Anthropomorphics #3_0057.webp
MERRY0~3.GIF
CHRISEY.GIF
MOUSEN~1.GIF
DESTIN~1.GIF
MSALIS.GIF
5. South Fur Lands #05_0012.webp
CC-COP.JPG
DRAC1-NB.GIF
RANDI.GIF
FMAP06B.GIF
Gri-zAug04.jpg
drawing_f.png
CLOAKED.GIF
Hit The Beach #07_0007.webp
Heayt-smash.jpg
ALICE_RL.GIF
CYBERT~1.GIF
EE-6GR.GIF
PRSMOCLR.JPG
The American Journal of Anthropomorphics #4_0007.webp
3. South Fur Lands #03_0033.webp
Yarf! #50_0085.webp
BAT-1-GW.GIF
FANTAS~6.GIF
Little Paw #4_0051.webp
Mace-crush.jpg
PSYCHE.GIF
RCBREEPG.GIF
Hit The Beach #08_0015.webp
cc-afterwork.jpg
MEATMS~1.JPG
Hit The Beach #04_0005.webp
Little Paw #5_0108.webp
Yarf! #18-19_0102.webp
CFEAST3.JPG
Yarf! #2_0037.webp
Gri-FerBerb04.jpg
BUNNYFLY.GIF
MNANAS~1.GIF
BY-BRIDD.GIF
1. South Fur Lands #01_0013.webp
BANSIL.GIF
Foxtaur-trample.jpg
Gri-CYMZc.jpg
RL-URI.GIF
ABIGAI~1.GIF
Katmandu Annual #01_0051.webp
BEACHWUF.GIF
Taste_Test.jpg
CLARA-GW.GIF
LIONNAP.GIF
MNACOV~1.JPG
Gri-AshETR3.jpg
FMAP09.GIF
AP_NEWT.GIF
GREYWO~6.GIF
FARTHI~1.GIF
Yarf! #41_0032.webp
DRAGON~5.GIF
cc-storybook.jpg
MMM_TALI.GIF
Quack! #05_0051.webp
BAT-AP~1.GIF
Deidre-sit1b.jpg
Gri-gonz.jpg
The American Journal of Anthropomorphics #4_0046.webp
Gri-MavTush.jpg
Gri-Squeak2.jpg
CABIN_~1.GIF
Gri-Knuxc.jpg
ATM-NO~6.GIF
Little Paw #4_0010.webp
raqnravers_pre.jpg
ALEGANA.GIF
hyenacat2.jpg
Yarf! #04_0042.webp
GUTTER~2.GIF
BOINGD~3.GIF
Yarf! #41_0024.webp
RWA2-STR.GIF
FOXEN-CL.GIF
COON1.GIF
FLAMEKIK.GIF
phonixcomm3.jpg
The American Journal of Anthropomorphics #3_0041.webp
Genus - Spotlight On Skunkworks #01_0011.webp
The American Journal of Anthropomorphics #4_0115.webp
RCJILL.GIF
Gri-RoofusCD.jpg
The American Journal of Anthropomorphics #1_0049.webp
FURGIRL3.GIF
DOEC.GIF
Gri-dobie2c.jpg
MEL-040.GIF
fruitbasket.png
Gri-Here.jpg
CH-LI~12.GIF
Gri-Sylffor.jpg
Sabrina Online #5_0035.webp
FUSION.GIF
Little Paw #4_0047.webp
Arilin-03.jpg
RYN-1-GW.GIF
BEACH-~3.GIF
BLACK-~1.GIF
Little Paw #4_0102.webp
Foreplay1.jpg
LANCE-~3.GIF
CINO4.GIF
POUNCE~2.GIF
sleepy_portrait.jpg
Gri-oGuppyStomp.jpg
PK-SHA~2.GIF
ANGUISH.GIF
BUNNEL~3.GIF
Gri-HighPlaces.jpg
CC-BED.JPG
FFLLY-CK.GIF
RASTERSM.GIF
Little Paw #3_0017.webp
Gri-oPurpleSkunk.jpg
FOX-JR.GIF
CRYSTALL.JPG
ISB #05_0030.webp
The American Journal of Anthropomorphics #4_0103.webp
Yarf! #08_0005.webp
shrooms.png
The American Journal of Anthropomorphics #4_0123.webp
Little Paw #5_0094.webp
PHAEDR~3.GIF
Gri-Bear.jpg
The American Journal of Anthropomorphics #1_0008.webp
EVILFOPS.JPG
cc-pillowfox.jpg
CF625.JPG
CC-LIFE1.JPG
Hit The Beach #07_0011.webp
FL-ZEP~1.GIF
Gri-Creature.jpg
EMILY1.GIF
PAR-SELF.GIF
BOBCAT~1.GIF
cc-lookingforward.jpg
LYCANTH0.GIF
cc-lionpose.jpg
FUZZYF~6.GIF
FURROT~1.GIF
CF619.JPG
DOLONE~1.JPG
The American Journal of Anthropomorphics #4_0011.webp
BOWLOR~1.JPG
LYNX-RL.GIF
Little Paw #3_0105.webp
Gri-BabyShard.jpg
Yarf! #34_0036.webp
Hit The Beach #02_0008.webp
PACKSIS3.GIF
GAMES-DR.GIF
FOGCITY.GIF
bunny.jpg
BEACH-~1.GIF
BOJO-2~1.GIF
Yarf! #07_0037.webp
AP_LEXY1.GIF
ROXYSOMB.JPG
Arilin-01.jpg
FISHRA~1.GIF
swimtrunks.jpg
DRAGON.JPG
FUZZYF~4.GIF
natefinal2b.jpg
Gri-JackalPupSk.jpg
The American Journal of Anthropomorphics #4_0066.webp
LYCANTH2.GIF
PACKSIS1.GIF
ERISSA.GIF
cc-rusty2.jpg
Yarf! #05_0029.webp
BOVINE~1.GIF
CC-LIFE3.JPG
DEVI_C~1.GIF
LOAM.GIF
PHAEDR~1.GIF
The American Journal of Anthropomorphics #4_0089.webp
AMANDA~1.GIF
BUNNELL.GIF
BOBCAT~3.GIF
Gri-byeeSk.jpg
EMILY3.GIF
CF633.JPG
Yarf! #34_0016.webp
Hit The Beach #02_0028.webp
EEEEDI~1.GIF
FF-CONE.GIF
Little Paw #3_0060.webp
CAT_RE~1.GIF
EE-BRWN.GIF
BUNNEL~1.GIF
Hit The Beach #07_0031.webp
DOGFIGHT.JPG
CCF01202008_00019.jpg
pissywolf2_f.png
DPTRLC~1.JPG
Gri-Potoroo.jpg
CINO6.GIF
LANCE-~1.GIF
ARTIST~1.JPG
CNRACOON.GIF
hyenacat.jpg
10. South Fur Lands #10_0000.webp
cc-bforbooga.jpg
CAROUSEL.GIF
Little Paw #1_0029.webp
Genus - Spotlight On Skunkworks #01_0031.webp
MMARE1.GIF
AP_MAGE.GIF
Gri-DrewSk1.jpg
Gri-SamSktch.jpg
Yarf! #33_0046.webp
CH-LI~38.GIF
ARIALZ~1.GIF
CH-LI~10.GIF
CC-LYON2.GIF
CFEAST1.JPG
MAXDHERM.GIF
samoth_f.png
Gri-Skunk.jpg
Gri-Talos.jpg
GRI-BBF.jpg
Little Paw #4_0088.webp
MEGAN-~1.GIF
Katmandu Annual #06_0037.webp
DRAGON.PNG
cc-leathermouse.jpg
RUM-TU~1.GIF
PYRAMID.GIF
Yarf! #04_0035.webp
ATM-NO~4.GIF
HalloSpaceboy2002_06-03.jpg
FOX.GIF
DELPHI~1.GIF
Little Paw #4_0067.webp
BOINGD~1.GIF
Skunkworks Reflections_0008.webp
Little Paw #1_0091.webp
Kit_Stroll.jpg
turtlespoo_f.png
BOUSE-GW.GIF
DAEMON2.GIF
RCBREE.GIF
rest_stop.gif
Gri-dracon2.jpg
The American Journal of Anthropomorphics #2_0092.webp
APHURTS.GIF
MINIGO~1.GIF
teaching.jpg
DRAGON~7.GIF
Little Paw #1_0087.webp
POTTER~2.GIF
BAIJHA.GIF
CENTAU~1.JPG
FARTHI~3.GIF
MOONBATH.GIF
COUCH.JPG
GREYWO~4.GIF
Monique-holds.jpg
cc-buncumc.jpg
Algebar-fun.jpg
Yarf! #5_0047.webp
ROOL.JPG
Big-Tourists.jpg
Little Paw #3_0099.webp
2tails__fel.jpg
MRRELL~5.GIF
Sabrina Online #4_0048.webp
AP_MSKUL.GIF
MEL-042.GIF
FURGIRL1.GIF
Yarf! #45_0017.webp
Yarf! #2_0040.webp
CYMORY~4.GIF
Hit The Beach #07_0027.webp
BAT-FA~1.GIF
foxuni.gif
Gri-EtherSong.jpg
Little Paw #3_0076.webp
Little Paw #4_0026.webp
Skunkworks Reflections_0049.webp
Little Paw #2_0085.webp
FOXNEWS.GIF
REVAR-~4.GIF
Katmandu Annual #02_0024.webp
BUTTHEAD.GIF
Gri-Ringmaster.jpg
Little Paw #5_0082.webp
BOJO-OIL.GIF
Helping-Hand.jpg
GARY-C~1.GIF
imac_style_rabbit_pre.jpg
Little Paw #3_0021.webp
unknown.png
MRISST~1.GIF
AMBER.JPG
ROSEWO~1.JPG
Gri-zAug12.jpg
Nikleen-02.jpg
Gri-wufsk2.jpg
MERRY0~1.GIF
GrrrTyger.jpg
Vampiric Albino Squirrels in Vinyl #01_0008.webp
DARSHAK1.GIF
Katmandu Annual #06_0021.webp
LYNX-F~1.GIF
Yarf! #17_0032.webp
BAT-SH~1.GIF
ROXIAN~2.GIF
4swim_col.jpg
The American Journal of Anthropomorphics #3_0020.webp
CC-COREY.GIF
BBunboy_4.jpg
CFE96_22.JPG
MADRAR~2.GIF
LASTRIAG.GIF
CFE96_23.JPG
The American Journal of Anthropomorphics #3_0077.webp
Gri-Pouch.jpg
QSEAL-~1.GIF
CFE96_37.JPG
Yarf! #02_0038.webp
BSKUNK1.GIF
EXCUSE.GIF
FANTAS~4.GIF
BOYS1-JB.GIF
MIEL_D~2.GIF
Hit The Beach #03_0022.webp
DOGBOTBW.JPG
The American Journal of Anthropomorphics #3_0098.webp
LOTOR.JPG
CFE96_36.JPG
Bennie-Big.jpg
MH_CLEO.JPG
MUSEUM.GIF
CATROO01.GIF
cc-boogafuk.jpg
spear-otter.jpg
MADRAR~3.GIF
QUETZL.JPG
CP_COON.GIF
The American Journal of Anthropomorphics #1_0012.webp
FLECHE~1.GIF
The American Journal of Anthropomorphics #2_0047.webp
FANTAS~5.GIF
Yarf! #4_0020.webp
Gri-Brokensnooze.jpg
DELVIC.GIF
CALMFOX.GIF
Wild Kingdom #15_0000.webp
ISB #04_0000.webp
DRACONIC.GIF
BIKINIMS.GIF
Gri-Squeak3.jpg
DAEMON1.GIF
nm_thundercats_ho.png
Hit The Beach #05_0023.webp
RECLIN~1.GIF
DITZIA~1.GIF
Vampiric Albino Squirrels in Vinyl #01_0012.webp
Gri-Gold.jpg
DAHAN1~1.JPG
RODS9.GIF
AHA!.GIF
FAR-AWAY.GIF
Gri-Smile.jpg
CAT_SW~1.GIF
COWS_DW.JPG
Little Paw #2_0046.webp
Little Paw #1_0013.webp
Hit The Beach #06_0017.webp
Sweet Treats_0113.webp
Gri-RooRompc.jpg
8. South Fur Lands #08_0038.webp
MASK-JR.GIF
Little Paw #5_0104.webp
Gri-SkunkRear.jpg
Hit The Beach #04_0009.webp
DRAGON~6.GIF
GREYWO~5.GIF
BRACKEN.GIF
FARTHI~2.GIF
BUNNY-~1.GIF
MIDORI~1.GIF
PRICKV~1.GIF
BOVINE01.GIF
cc-topwolf.jpg
Katmandu Annual #05_0019.webp
DRACONIA.GIF
2. South Fur Lands #02_0005.webp
Gri-RikardSk.jpg
Genus - Spotlight On Skunkworks #03_0003.webp
GUTTER~1.GIF
Gri-Fereplayc.jpg
ATM-NO~5.GIF
1. South Fur Lands #01_0009.webp
BUSTY_~1.JPG
DACHS.GIF
AROUND~1.GIF
Wolf-Bunny-rgb1a.jpg
Gri-DoFine.jpg
Little Paw #5_0057.webp
DR-HOF~1.GIF
Gri-BoastingBurst.jpg
MEL-057.GIF
Yarf! #35_0030.webp
Gri-SamBadg.jpg
RABBOT.JPG
Gri-Snapshot.jpg
Sabrina Online #3_0034.webp
MRRELL~4.GIF
Yarf! #17_0049.webp
Pathia_Head5.jpg
ROYCONC.GIF
BOBCAT~2.GIF
Skunkworks Reflections_0024.webp
BRANDY.GIF
EMILY2.GIF
CF632.JPG
CC-LIFE2.JPG
PISAHARE.GIF
Gri-Hitchhiker.jpg
RDW-SE~1.GIF
Katmandu Annual #03_0002.webp
LYNXXMAS.GIF
MUTTLSD.GIF
Yarf! #01_0000.webp
LYTEHARE.GIF
Gri-eager.jpg
PERYTO~1.GIF
Little Paw #1_0052.webp
FUZZYF~5.GIF
BACKFIRE.GIF
BEACHMSE.GIF
FELIN_DW.JPG
cc-foxtaur.jpg
Gri-Drake.jpg
Gri-Ripner.jpg
3friends.jpg
Gri-BigLion.jpg
CH-LI~11.GIF
Wild Kingdom #01_0000.webp
The American Journal of Anthropomorphics #2_0051.webp
LORELI~1.GIF
Hit The Beach #02_0005.webp
CH-LI~29.GIF
CINO3.GIF
The American Journal of Anthropomorphics #2_0115.webp
MAXIMUS.GIF
DR-WF1.GIF
stomp.png
Gri-MrNobody.jpg
POOMAH~3.GIF
BEACH_~1.JPG
PHAEDR~4.GIF
Skunkworks Reflections_0025.webp
Quack! #03_0051.webp
PWLSHADO.JPG
FURLOGO.GIF
Yarf! #6_0029.webp
CF636.JPG
EMILY6.GIF
RSHETL~1.GIF
LOTOR-RL.JPG
GUYBRUSH.GIF
M'SHOD~1.GIF
FUR_FRIE.GIF
BOINGD~4.GIF
CHI-N-~1.GIF
PEWERE.JPG
gund.png
Gri-Mirror.jpg
Yarf! #7_0035.webp
ADASTR~1.GIF
DOGHOUSE.GIF
FURRLO~1.JPG
Gri-fatrat2.jpg
Love_Dev.gif
PALACE~1.GIF
FOXANNE.GIF
Rave-of-the-Giants.jpg
Wild Kingdom Annual #01_0000.webp
asb_boytoy.jpg
BUNNEL~4.GIF
MegaMicole-tastes.jpg
EQUEST~1.GIF
RANDY.GIF
Gri-Pinnedc.jpg
MegaHaley-Dance.jpg
MIKA-GW.GIF
LUNTAUR2.GIF
CATROO04.GIF
BBunboy_1.jpg
CFE96_27.JPG
Beatrix #02_0000.webp
Yarf! #02_0039.webp
Gri-Kumamonhug.jpg
BUNNY-GW.GIF
Yarf! #0_0008.webp
buck-colt-foxxfire.jpg
MF-BALON.GIF
cc-centbun.jpg
AP_GROUP.GIF
The American Journal of Anthropomorphics #3_0099.webp
Hit The Beach #03_0023.webp
Little Paw #4_0027.webp
CH-LIM~8.GIF
EMBRACE4.GIF
ISB #02_0000.webp
Little Paw #2_0084.webp
REDNURSE.GIF
FANTAS~1.GIF
Necklass.jpg
The American Journal of Anthropomorphics #1_0013.webp
umbrella.jpg
DULCIE.GIF
CH-LIM~9.GIF
Sabrina Online #2_0029.webp
PANDA-ML.GIF
MAGGIE~1.GIF
CFE96_26.JPG
CATROO11.GIF
The American Journal of Anthropomorphics #2_0103.webp
LILLIA~1.GIF
10. South Fur Lands #10_0017.webp
Gri-Morning.jpg
Analontra-dance.jpg
Gri-PinenRat.jpg
CCA-ES~1.GIF
CFE96_33.JPG
Gri-wufsk3.jpg
Puc-Pleasure.jpg
MFMNAA~1.GIF
DOJO.GIF
Katmandu Annual #03_0014.webp
Hit The Beach #08_0019.webp
Nikleen-03.jpg
BUBBLINA.JPG
EETEEL~1.GIF
Little Paw #1_0044.webp
2FLOWER.GIF
CEMBRAC2.JPG
birthdayspanking_nm.png
Katmandu Annual #03_0043.webp
Gri-wolfen.jpg
AP-POS~1.JPG
CCF01202008_00018.jpg
AIRSHI~1.GIF
Quack! #03_0007.webp
CYCLE.GIF
LYNZIE~1.GIF
FULGAN2.GIF
FF-TURTL.GIF
Gri-Mirkoc.jpg
BW-FOX.GIF
Little Paw #2_0050.webp
Can-can-crush.jpg
MASONB~1.JPG
Gri-Fereplay.jpg
DSTEVE~1.GIF
Gri-Leap.jpg
Little Paw #2_0006.webp
Little Paw #1_0053.webp
Gri-Tanuki.jpg
The American Journal of Anthropomorphics #2_0050.webp
Yarf! #50_0071.webp
Gri-MiniPortraits2.jpg
BAT-DA~1.GIF
Gri-DarinKoopa.jpg
Little Paw #5_0040.webp
QSEAL-GW.GIF
ERMAFE~2.GIF
Hit The Beach #06_0041.webp
Little Paw #2_0010.webp
REVAR-~1.GIF
cc-skittles.jpg
MALCHUS.GIF
Big_Job.jpg
Gri-SkyCroc.jpg
GREYWO~1.GIF
DRAGON~2.GIF
Uaxac-Stroke.jpg
Hit The Beach #04_0008.webp
Little Paw #5_0105.webp
The American Journal of Anthropomorphics #3_0076.webp
DANIEL~1.GIF
Little Paw #1_0101.webp
Gri-Jake.jpg
DIGITA~1.GIF
PK-SHA~1.GIF
Gri-CrynTowel.jpg
ANDELIN.JPG
CH-LI~39.GIF
RCSTRIPE.GIF
CATHERI0.GIF
The American Journal of Anthropomorphics #2_0114.webp
LYIN-B~1.GIF
CINO7.GIF
POUNCE~1.GIF
Dragon_Queen.jpg
Yarf! #06_0007.webp
Yarf! #4_0036.webp
Yarf! #8_0027.webp
Gri-Squeak5.jpg
ELENA-~1.GIF
GETFAM~3.GIF
Wook09.jpg
LINEAR~1.GIF
2. South Fur Lands #02_0004.webp
CCF01202008_00020.jpg
shop.png
Little Paw #2_0051.webp
RCBLUBLK.GIF
DRBK01RL.GIF
CATROO05.GIF
Little Paw #5_0017.webp
Gri-Dingoc.jpg
CFE96_32.JPG
APRIL_~1.GIF
Katmandu Annual #03_0015.webp
MF-CCVIX.GIF
ROWAN-~3.GIF
Little Paw #1_0100.webp
FELICIA2.GIF
CARICA~1.GIF
vault.png
BAX&RNNA.GIF
PUNICO~1.GIF
FUZZYF~1.GIF
RADJAH~1.GIF
Yarf! #39_0037.webp
ARLENE.GIF
CH-LI~15.GIF
AEMBER~1.GIF
MISHKA.GIF
DR-SASTA.GIF
MUTTBEAV.GIF
CC-CATS.GIF
LONE-W01.GIF
FURGIRL4.GIF
9. South Fur Lands #09_0042.webp
cc-lateagain.jpg
Gri-SamDrag.jpg
Little Paw #2_0102.webp
Monique-looms.jpg
DUOBABS.GIF
Gri-FerBerb03.jpg
Gri-FirKlaw.jpg
ROYDRAG.GIF
CFEAST4.JPG
CYMORY~1.GIF
Gri-Ash.jpg
Gri-zong.jpg
DOLTHR~1.JPG
REDWINE.GIF
Hit The Beach #05_0014.webp
gun.png
Little Paw #1_0069.webp
Heayt-01.jpg
9. South Fur Lands #09_0039.webp
Little Paw #4_0070.webp
slugfoot.png
aiw_cheshirecat.jpg
MF-WACHR.GIF
ALYSHA~1.GIF
CH-DOZED.JPG
DRAGON~3.GIF
MIKESGRL.GIF
LIONPRD.GIF
greykitty.jpg
Katmandu Annual #02_0025.webp
bannerjurrel_1103_final_fel.jpg
CYBER-~1.GIF
BIGMOUSE.GIF
ARIEL-GW.GIF
MRMAD_DW.JPG
The American Journal of Anthropomorphics #1_0087.webp
Little Paw #5_0083.webp
The American Journal of Anthropomorphics #1_0068.webp
CUGARS02.GIF
CC-PRIDE.JPG
Hit The Beach #04_0024.webp
ROWAN-~2.GIF
Gri-SydTonneauSB.jpg
Yarf! #1_0043.webp
BARBTIGR.JPG
LOOK-TO.GIF
Gri-Snakewuf3.jpg
Skunkworks Reflections_0009.webp
Little Paw #1_0090.webp
Gri-ropesk.jpg
Gri-Dobiec.jpg
wingedfox_digital.jpg
DRACWING.GIF
MOONCA~1.GIF
Yarf! #18-19_0070.webp
Yarf! #05_0028.webp
Yarf! #7_0019.webp
ROCH5W1.GIF
EMILY7.GIF
CHOW-'68.JPG
Gri-dracon3.jpg
Gri-CoonTug.jpg
BLUEFO~2.GIF
CLOAKING.JPG
GENDEVIC.GIF
PRISMO.JPG
LANCE-~4.GIF
LYSSA-GW.GIF
CELINE~1.GIF
bluewolf_ravpre_fel.jpg
Yarf! #41_0029.webp
PHAED1.JPG
28days_monkey_f.png
ZU #00_0047.webp
The American Journal of Anthropomorphics #3_0109.webp
BAT-RE~1.GIF
Sabrina Online #3_0035.webp
The Mean, Green, Bondo Machine_0020.webp
CHAMPI~1.GIF
Vampiric Albino Squirrels in Vinyl #02_0027.webp
Robin04a.jpg
CC-PEEK.JPG
Little Paw #1_0012.webp
LOSING~1.GIF
Knght3.jpg
Hit The Beach #06_0016.webp
Gri-AshETR4.jpg
Gri-BigBite.jpg
ATM-NO~1.GIF
LARNA02I.GIF
PROXIMA.GIF
FOXHUNTC.GIF
The American Journal of Anthropomorphics #1_0044.webp
The American Journal of Anthropomorphics #2_0085.webp
MRRELL~1.GIF
Gri-ginz.jpg
ERIC-L2.GIF
Knght2.jpg
Little Paw #3_0098.webp
cc-corset.jpg
Katmandu Annual #01_0027.webp
EF2_TL~1.GIF
Gri-Doc.jpg
cc-gupnal.jpg
BAXJOBGG.JPG
FLINT-~1.GIF
CFEAST5.JPG
Gri-FerBerb02.jpg
GRI-BOOC.jpg
CHRIST~1.GIF
Yarf! #1_0014.webp
ARMRWO~1.GIF
cc-bigdick.jpg
FOOFANG.GIF
Gri-terbak.jpg
DIKEWA~1.GIF
CCHEET~1.GIF
EE-CYTE.GIF
Beatrix #01_0002.webp
Vampiric Albino Squirrels in Vinyl #01_0009.webp
LION1-AR.GIF
FEELNICE.GIF
batcouple.jpg
The American Journal of Anthropomorphics #3_0021.webp
REECHAE.JPG
SquealSketch.jpg
MILES-RL.JPG
PSYGIT.GIF
The American Journal of Anthropomorphics #3_0037.webp
FURRYM~1.GIF
Little Paw #4_0089.webp
Katmandu Annual #06_0036.webp
Gri-Fatrat3.jpg
EF2_ME~1.GIF
DEVON.GIF
ROXIKAT1.JPG
BOINGD~5.GIF
COLABEAR.GIF
MIDI2.GIF
BADGE.GIF
AFITAMY.GIF
DARWIN.GIF
MAJOR-~1.GIF
Yarf! #33_0047.webp
CH-LI~28.GIF
ADVERT2.GIF
Little Paw #2_0092.webp
booga.png
demo.png
CYTH.GIF
forzen.png
LILFOX~1.GIF
Yarf! #5_0007.webp
CITYFOPS.JPG
Yarf! #07_0036.webp
Yarf! #41_0005.webp
Aloha1.jpg
CH-LI~14.GIF
GENIAL1.GIF
RASTER.JPG
The American Journal of Anthropomorphics #4_0030.webp
ALYTMONA.GIF
Gri-Squeak4.jpg
Hit The Beach #02_0029.webp
FAUST.GIF
CLYDSDLE.JPG
joust_sm.jpg
EF2_FO~1.GIF
Gri-JedLom.jpg
The American Journal of Anthropomorphics #1_0009.webp
BADGERS.GIF
EMILY5.GIF
LEKAI-GW.GIF
Hit The Beach #07_0010.webp
BIBBITY.JPG
Gri-CadDeath.jpg
RIKER-~1.GIF
0010_Page.webp
Katmandu Annual #04_0008.webp
BLUEFO~1.GIF
fel_sketches.jpg
CHEWFIT.GIF
GAUSS.GIF
Kitana.jpg
DEVILISH.JPG
Gri-McQuadeSk.jpg
FUZZYF~2.GIF
BLACKM~1.GIF
MIEL_V0.GIF
ROYBUCK.GIF
Hit The Beach #02_0009.webp
Little Paw #3_0104.webp
REVERSAL.GIF
The American Journal of Anthropomorphics #1_0091.webp
PSYFUR2.GIF
Deep_Throat.jpg
DERMOTT1.JPG
Hit The Beach #04_0012.webp
FF02-0~1.GIF
BUNNEL~7.GIF
CITYFOXP.GIF
ISB #05_0031.webp
present.png
RAHZR-JB.GIF
Gri-CoonSk2.jpg
LOQUAX.GIF
BGHOOTRS.GIF
Kitana-n-Mace.jpg
Gri-FlagsFood.jpg
Gri-Dracon4.jpg
Yarf! #7_0039.webp
BGBENFOX.GIF
Gri-wuf.jpg
Gri-HappyOtterc.jpg
MF-SDNY1.GIF
DESERT~1.GIF
Gri-Fereplay2.jpg
Genus - Spotlight On Skunkworks #01_0010.webp
Gri-DoubleA.jpg
QSEALM~1.GIF
Gri-Bungee2.jpg
Chelisse-play1.jpg
BRWNLAGO.JPG
Yarf! #9_0017.webp
!CYBER~1.GIF
The American Journal of Anthropomorphics #1_0029.webp
MORPHL~2.JPG
BIKING~1.JPG
Little Paw #3_0061.webp
Hit The Beach #07_0030.webp
CCF01202008_00009.jpg
BUNNEL~5.GIF
Gri-Fatfox.jpg
Yarf! #03_0033.webp
Yarf! #45_0000.webp
lowangle.png
GETFAM~2.GIF
DEMURE~1.GIF
BSMFH.GIF
BSMFH2.GIF
undone.jpg
Wook08.jpg
LUPEGARG.GIF
Dre-sextoy.jpg
AMARAK~1.GIF
CH-HKITN.JPG
LALA.GIF
CF623.JPG
Little Paw #5_0095.webp
PHOTON-F.GIF
FUR.GIF
CHERCHEZ.GIF
RAVEN-~1.GIF
Gri-Tickle2.jpg
Gri-Tickles.jpg
GENECNT2.JPG
LIMBO.GIF
AL-N-S~1.GIF
MISHAE~1.GIF
Gri-PPMP1.jpg
CINO2.GIF
Hit The Beach #04_0032.webp
MF-VIXN2.GIF
PHAEDR~5.GIF
POOMAH~2.GIF
Yarf! #2_0000.webp
1. South Fur Lands #01_0012.webp
CH-DREAM.GIF
Gri-AbeNightSk.jpg
MRRELL~3.GIF
AVALIA.JPG
The American Journal of Anthropomorphics #4_0051.webp
DANCERS.GIF
Wild Kingdom #07_0000.webp
CALIFO~1.GIF
Little Paw #4_0011.webp
Hit The Beach #03_0015.webp
ARCANE.JPG
MH_KIT~1.JPG
PAIRC.GIF
ATM-NO~2.GIF
BADGER.GIF
Gri-McQuade.jpg
Gri-Nightmarec.jpg
FHA-GAW1.GIF
MUCHA.GIF
The American Journal of Anthropomorphics #3_0040.webp
FHA-NAT1.GIF
DR-WF2.GIF
Yarf! #17_0005.webp
The American Journal of Anthropomorphics #3_0017.webp
BUNNICOR.GIF
Sabrina Online #5_0034.webp
CH-LI~16.GIF
cc-marlos.jpg
Little Paw #4_0046.webp
Skunkworks Reflections_0029.webp
AP_COUGR.GIF
ROCKKATS.GIF
ASHLEY~1.GIF
PURPLE~1.GIF
LEILA_~1.JPG
Little Paw #3_0057.webp
DRINKING.GIF
DEMONV~1.GIF
Tyrnn.jpg
MRISS-~1.GIF
Quack! #02_0000.webp
Aloha.jpg
Gri-Aha.jpg
REVAR-~2.GIF
GDFUR-BH.GIF
Yarf! #50_0084.webp
ERMAFE~1.GIF
BEAR.GIF
FURNIS~1.GIF
ROXIPET1.GIF
BLITZ-~1.GIF
Yarf! #41_0033.webp
Yarf! #07_0000.webp
Yarf! #5_0031.webp
RELAXING.GIF
ABFREEZ.JPG
MOM-AN~1.JPG
Gri-Fatrat1.jpg
BOMBER-F.GIF
Gri-Doubletie.jpg
CATSAR~1.GIF
8. South Fur Lands #08_0023.webp
Yarf! #18-19_0115.webp
EQUEST~2.GIF
EQUIBO~1.GIF
FIRE-NB.GIF
OB001118.jpg
COFFEE~1.GIF
CYMORY~2.GIF
torrence.jpg
The American Journal of Anthropomorphics #1_0048.webp
ATM-KA~1.GIF
MF-SLUGR.GIF
Genus - Spotlight On Skunkworks #03_0018.webp
2F-TWERP.GIF
MEL-050.GIF
Little Paw #5_0109.webp
Hit The Beach #07_0051.webp
CFEAST7.JPG
Sabrina Online #1_0027.webp
Yarf! #2_0036.webp
CAPPY.JPG
Gri-oCoonAss.jpg
Yarf! #18-19_0103.webp
DISTAN~1.GIF
BAMBO-~1.GIF
Yarf! #6_0064.webp
DRAGON~1.GIF
Hit The Beach #03_0003.webp
GREYWO~2.GIF
The American Journal of Anthropomorphics #3_0113.webp
10. South Fur Lands #10_0037.webp
Gri-Jon.jpg
Gri-coils2.jpg
Takenshi-Delay.jpg
5. South Fur Lands #05_0013.webp
Gri-Bungee.jpg
LYONZ-AH.JPG
MADRAR~4.GIF
CFE96_25.JPG
BBunboy_3.jpg
Little Paw #1_0049.webp
Hit The Beach #05_0018.webp
Gri-Tablec.jpg
Yarf! #33_0026.webp
1. South Fur Lands #01_0045.webp
Yarf! #45_0036.webp
Nikleen-04.jpg
MINIMAY.GIF
Hit The Beach #07_0006.webp
GARGOYLE.GIF
ABLUFOXY.GIF
REDARMY.GIF
CATROO06.GIF
CFE96_31.JPG
Gri-cream.jpg
DNCRMOUS.GIF
BIOT.GIF
FANTAS~2.GIF
Katmandu Annual #03_0019.webp
CFE96_19.JPG
Gri-crunch.jpg
MF-MJRTE.GIF
Bun-Tig-Stroll1.jpg
cc-cape.jpg
LUNA2_CL.GIF
Little Paw #2_0088.webp
AP_BILBY.GIF
ALTOON~1.GIF
ATM-SA~1.GIF
Skunkworks Reflections_0044.webp
PICNIC.GIF
ROWAN-~1.GIF
LKOALA~1.GIF
DEADMECH.GIF
The American Journal of Anthropomorphics #3_0095.webp
BTTNS_LG.GIF
MF-CHRSY.GIF
FREE.GIF
BADDAY.GIF
Little Paw #5_0060.webp
DRAGONH.GIF
BBunboy_2.jpg
CFE96_24.JPG
DRACHMAP.GIF
FELICIA1.GIF
Katmandu Annual #02_0029.webp
CFE96_30.JPG
KS-yiff01.jpg
Yarf! #05_0032.webp
Gri-Lutra.jpg
ASPIRI~1.JPG
Gri-TigerRear.jpg
CFE96_18.JPG
FANTAS~3.GIF
PERSONAL.GIF
Hit The Beach #04_0028.webp
CYMORY~3.GIF
CHRIST~2.GIF
CFEAST6.JPG
Gri-FerBerb01.jpg
GF-SWAT.JPG
LUM.GIF
MEL-051.GIF
9. South Fur Lands #09_0035.webp
BIGKITTY.GIF
METALH~1.GIF
Tales of the Fehnnik #01_0027.webp
FUZWOLF1.GIF
LAFEMME.GIF
Bigger.jpg
Little Paw #3_0094.webp
Hit The Beach #02_0033.webp
BARBAR~1.GIF
The American Journal of Anthropomorphics #2_0089.webp
The American Journal of Anthropomorphics #2_0066.webp
The American Journal of Anthropomorphics #1_0033.webp
CARPTCAT.GIF
AA13FP.GIF
dkmixa.jpg
Little Paw #3_0082.webp
PEGZBRCN.GIF
CRAYON~1.GIF
jackalope.jpg
RAILEE~1.GIF
Yarf! #50_0051.webp
ATM-NO~3.GIF
The American Journal of Anthropomorphics #1_0025.webp
The American Journal of Anthropomorphics #2_0070.webp
MF-FOX1.GIF
MODEST.JPG
MF-SNOWL.GIF
JasmineTopless.png
ROBODE~1.GIF
Little Paw #4_0093.webp
CNBUN-GS.GIF
BDGRHA~1.GIF
Vampiric Albino Squirrels in Vinyl #01_0005.webp
Macro_OSHA.jpg
CSBRIDGE.GIF
MRRELL~2.GIF
ERIC-L1.GIF
MEK-4-GW.GIF
Gri-Circleflame.jpg
Gri-SamSk2.jpg
Little Paw #5_0099.webp
Aloha2.jpg
Gri-BrobeyFiskSk.jpg
MATING~1.GIF
CERBERUS.GIF
BEACH-AH.JPG
DJ951102.GIF
Gri-Dracon5.jpg
FENDER.GIF
BY-RED.JPG
CRT-AD~1.GIF
Vampiric Albino Squirrels in Vinyl #01_0013.webp
ARCFOX1.GIF
AP_DRAGN.GIF
CCF01202008_00022.jpg
PK-BLAZE.GIF
CORAL_~1.GIF
cheetahlionyank.gif
GETFAM~1.GIF
Little Paw #1_0073.webp
socks.png
Hit The Beach #05_0022.webp
Gri-CoonSk3.jpg
7. South Fur Lands #07_0009.webp
PLATINUM.GIF
Skunkworks Reflections_0005.webp
EQUEST~3.GIF
BUNNEL~6.GIF
MORPHL~1.JPG
Gri-feel.jpg
4. South Fur Lands #04_0005.webp
ROXIKAT2.JPG
BYECLIFF.GIF
LLEW.GIF
hyena.png
AMYAWARD.GIF
Rogue98-1.jpg
Yarf! #35_0046.webp
AP_SLEEP.GIF
Naniyo-frenum-rgb-ruff2.jpg
DOTING.GIF
Gri-PPMP2.jpg
Yarf! #4_0040.webp
CINO1.GIF
ADVERT1.GIF
CHASTITY.JPG
EE-YOW.GIF
cc-mucha.jpg
MISS-YOU.GIF
pylon_sk2.jpg
DJ951116.GIF
CH-LI~17.GIF
GENIAL2.GIF
CC-WAGON.JPG
The Mean, Green, Bondo Machine_0016.webp
PSYFUR1.GIF
siamese_val.jpg
purplebunny.png
Gri-Wire.jpg
MF-VIXN1.GIF
MELCHI~1.GIF
Gri-lyceus.jpg
POOMAH~1.GIF
BOBCAT~4.GIF
POGO.GIF
cc-lastsupper.jpg
EMILY4.GIF
CF634.JPG
DBZ.GIF
puppy_f.png
LIONM-BW.GIF
POWR.JPG
CH-LI~32.GIF
DALE-GW.GIF
The American Journal of Anthropomorphics #4_0013.webp
Gri-Cuffedc.jpg
PLAYSA~1.GIF
FOXMUNCH.GIF
LIA-RL.GIF
RIFFRA~2.GIF
CATCHPHR.GIF
PANDORA3.GIF
Gri-Pain03.jpg
ROOREC.JPG
DB6.GIF
Katmandu Annual #02_0047.webp
EMILY9.GIF
Sabrina Online #2_0030.webp
Gri-46.jpg
Gri-BjenPounce.jpg
CORNAL~1.GIF
Gri-tiger+rat.jpg
ASHTOR~1.GIF
FOXXFO~1.GIF
GREYWO~3.GIF
MF-CANUS.GIF
Heayt-02.jpg
EMILY10C.GIF
REVAR-~3.GIF
Yarf! #02_0035.webp
CYBER-~2.GIF
Little Paw #1_0032.webp
bear_fel.jpg
cc-product.jpg
good_clean_fun.jpg
FUZZYF~3.GIF
CF608.JPG
CYGER-1.GIF
LADYCT~1.GIF
Gri-WagStriderc.jpg
BY-CURT.JPG
Yarf! #08_0007.webp
ISB #05_0032.webp
LOBSTE~1.JPG
Everest-lounge.jpg
Wook06.jpg
CUISINRT.GIF
Yarf! #03_0047.webp
Yarf! #18-19_0116.webp
MATCH-~1.GIF
Yarf! #2_0023.webp
cc-bunnybutt.jpg
Katmandu Annual #05_0040.webp
FENDER~1.JPG
Gri-Elksplorer.jpg
greenbunny.gif
Gri-BikHarnessc.jpg
RUBY-GW.GIF
GDBM_Tacoma.jpg
Natural-disasters.jpg
Little Paw #4_0100.webp
CH-BORED.GIF
DRAG1-NB.GIF
The American Journal of Anthropomorphics #3_0014.webp
MF-OTTR.GIF
Cat-n-Mouse.jpg
CH-LI~26.GIF
MIKE-C~1.GIF
Gri-MeetingSk.jpg
pepper.png
CF611.JPG
AP_FIGHT.GIF
Little Paw #3_0042.webp
loyalty.png
Hit The Beach #06_0020.webp
SAFEsex_grrr_pre.jpg
EE-VIXN2.GIF
FURGOYL1.GIF
Gri-DobieDinoc.jpg
PEGARA.GIF
BOJO-JR.GIF
MONICA-J.GIF
BUSTYFOX.GIF
BY-THINK.GIF
PORT.GIF
Yarf! #04_0040.webp
sumocutie_f.png
HaloSpaceboyColor.jpg
BOJO-JE.GIF
Little Paw #4_0012.webp
cc-felzan1.jpg
Hit The Beach #03_0016.webp
Katmandu Annual #02_0010.webp
DESERT.GIF
LEAPWOLF.GIF
Yarf! #34_0063.webp
CORNER~1.GIF
Latexfox.jpg
CCF01202008_00013.jpg
Little Paw #5_0059.webp
The American Journal of Anthropomorphics #4_0044.webp
MECHDRAG.GIF
Yarf! #41_0030.webp
Yarf! #5_0032.webp
cc-chair2.jpg
Kaylin_R-4.jpg
FOXCOON6.GIF
PALEFO~1.GIF
2F-PATRL.GIF
The American Journal of Anthropomorphics #4_0052.webp
MASONS~1.JPG
Gri-Boom.jpg
moon.png
Yarf! #2_0035.webp
Yarf! #18-19_0100.webp
Yarf! #45_0062.webp
Gri-Creaturew.jpg
ALEEOOP.GIF
GRI-ART.jpg
EE-JAX.GIF
PNE-URI.GIF
1. South Fur Lands #01_0011.webp
FMAP01.GIF
PUMA.GIF
Little Paw #3_0003.webp
MEL-060.GIF
CC-WALDO.JPG
Doral-poses.jpg
DELVARAN.GIF
AKAIRY~2.GIF
Gri-SamBlank.jpg
Gri-bjensoar.jpg
QTZAIN~1.GIF
FINGER~1.JPG
CH-LIM~6.GIF
CFE96_15.JPG
Gri-SwimsuitBikc1.jpg
Quack! #06_0051.webp
RIMKRYT.GIF
GAELIF~1.GIF
Crystal-Stroll-bw.jpg
CFE96_01.JPG
ENVOY-~3.GIF
purrrfect.jpg
tentacle1.png
FUZZPROB.GIF
PSI-FOX.GIF
Gri-gunwuf1.jpg
CFE96_29.JPG
DPARTY.GIF
PSI-FOX4.GIF
Little Paw #4_0053.webp
BAT-GY~1.GIF
CF4_GU~1.JPG
LUFYBW.GIF
Gri-Bout.jpg
M-CHRO~2.GIF
Gri-99Perspiration.jpg
Gri-Fox.jpg
DUMONT~1.GIF
Tales of the Fehnnik #01_0008.webp
DEUCE-~5.JPG
Hit The Beach #04_0011.webp
CASIUS-J.GIF
LYNX-N~2.GIF
FENTHE~3.GIF
Gri-Herbie.jpg
EXEC_ROO.GIF
BLINDATE.JPG
Tight-Fit.jpg
Pathia_Loom3.jpg
Hit The Beach #07_0005.webp
DANDEL~1.GIF
LEA-FOX.GIF
BIKER-~1.GIF
GEMIRA.GIF
DMITRI~1.GIF
DIXIE.JPG
COUPLEGG.GIF
MOUSE2~1.JPG
RAMSEY~3.GIF
FF-ARGUE.GIF
ML_KIN~1.JPG
Gri-Jonathan.jpg
A_BAD_~2.GIF
MHARI-RL.GIF
10. South Fur Lands #10_0034.webp
Little Paw #2_0048.webp
roof.jpg
BY-TOONS.GIF
The American Journal of Anthropomorphics #3_0055.webp
TickleTigerC_CU02.jpg
Hit The Beach #03_0000.webp
Little Paw #4_0004.webp
CYINTH~1.JPG
FINKY1.GIF
GB-ARCAD.GIF
LOVERS2.JPG
Gri-DaveQat.jpg
Gri-cougarrear.jpg
AP_BEADY.GIF
3D_VERA.JPG
Naughty-milking.jpg
Yarf! #34_0022.webp
Little Paw #5_0018.webp
The Mean, Green, Bondo Machine_0003.webp
LV_LES.GIF
DEUCE-~4.JPG
The American Journal of Anthropomorphics #4_0091.webp
Gri-Mess.jpg
battle06.jpg
Gri-SnarlDisp.jpg
ROCKY2.GIF
FOX2-AH.GIF
BAT-PO~1.GIF
CMDR-P~4.GIF
CFE96_28.JPG
Fox_Resting_Unfinished.jpg
Gri-postit.jpg
ENVOY-~2.GIF
EVADANCE.GIF
DGMEAT~1.JPG
DREW-GW.GIF
Yarf! #18-19_0069.webp
CHE-BH.GIF
Yarf! #05_0031.webp
Yarf! #7_0000.webp
CH-LIM~7.GIF
bannerjurrel_pre.jpg
ATM-N~11.GIF
CF6IDX1.JPG
Gri-Dierdrolf.jpg
CFE96_14.JPG
ROBIN.GIF
Gri-StarSighting.jpg
DEVI-3~1.GIF
ATM-N~10.GIF
CATNIP.GIF
CHILI.GIF
Gri-Sexecutioner.jpg
BOOJUM1.GIF
Hit The Beach #07_0029.webp
Little Paw #3_0097.webp
PowerWalk.jpg
cc-sir.jpg
Gri-BlueEdition.jpg
MAL-CMON.JPG
Little Paw #5_0034.webp
Hit The Beach #02_0030.webp
Sabrina Online #4_0046.webp
Gri-GrphnFlight.jpg
COMFORT.GIF
RAMSEY~2.GIF
Algebar_1a.jpg
HaloSpaceboySketchCU01.jpg
MAZA.JPG
Kagedream.jpg
DARCON.GIF
BBWOLF.GIF
LYNX-3~1.GIF
MEGANE.GIF
Little Paw #4_0028.webp
ARIC.GIF
The American Journal of Anthropomorphics #3_0096.webp
ROXY.JPG
Little Paw #2_0064.webp
FOXY1.GIF
Hit The Beach #06_0035.webp
DELIA.GIF
RIGELC~1.GIF
yatta.png
Yarf! #34_0018.webp
Gri-SmokieMaarken.jpg
Gri-Lace.jpg
Da_Boom-01.jpg
Skunkworks Reflections_0010.webp
LARNA2.GIF
RAFEKI.GIF
Gri-gryphHeadSk.jpg
BAZAAR~1.GIF
cc-fennecdad.jpg
MIRIAM~2.GIF
wha.png
DALTON~1.GIF
PRRELL~1.GIF
BETHAN~1.GIF
ANIELL~1.GIF
ARIAND~1.JPG
AVBUFF.GIF
Little Paw #1_0066.webp
BIGGUN.GIF
Little Paw #2_0033.webp
BOOGAROO.GIF
BOOKWY~1.GIF
Gri-aaargh.jpg
Lollipop.jpg
Yarf! #45_0019.webp
CYBRSK~1.GIF
cc-chair3.jpg
FOXNUDE.GIF
Gri-snakewuf2c.jpg
Skunkworks Reflections_0006.webp
LIGHT-~1.GIF
GRIFFI~1.GIF
Little Paw #4_0069.webp
LOCKEH~1.GIF
Yarf! #35_0053.webp
CCF01202008_00012.jpg
AMONGU~1.GIF
Little Paw #2_0025.webp
ac_commissions__fel.gif
cc-venus.jpg
Hit The Beach #05_0021.webp
MEK-1-GW.GIF
hirobotaka_1003_final_fel.jpg
LUNA_NK.GIF
Katmandu Annual #06_0039.webp
BSFOX_DW.JPG
RAYGRO~1.GIF
Locke_Dev.gif
Xavier112301.jpg
Yarf! #50_0052.webp
Yarf! #39_0014.webp
CPEG.GIF
MOM-ROO.GIF
Gri-Self.jpg
DUH.GIF
LUNA_CL.GIF
EG_DABUN.GIF
EE-FLYFX.GIF
CC-FRA~1.GIF
Yarf! #18-19_0028.webp
helpingpaw.gif
HaloSpaceboySketch.jpg
LV_BESS.GIF
Yarf! #39_0043.webp
Yarf! #18-19_0090.webp
CH-LI~33.GIF
FOXINA-T.GIF
discipline.png
Mace-snax.jpg
CH-LI~27.GIF
DOLTWO~1.JPG
The American Journal of Anthropomorphics #1_0071.webp
CRISTA~1.GIF
The American Journal of Anthropomorphics #4_0087.webp
Gri-SouthclawBruinc.jpg
Little Paw #5_0075.webp
LOCKES~1.GIF
Gri-Kurtbatz.jpg
Gri-Squeak.jpg
Yarf! #4_0043.webp
DOZER86.GIF
Gri-BanzukeGuys.jpg
Gri-EarlyWereSk.jpg
FF-BUNNY.GIF
MOUSE.JPG
MORRIG~1.GIF
Wook07.jpg
DRACMOON.GIF
KipCumCU1.jpg
REDSHI~1.GIF
FREDDI~1.JPG
BEERRAT.GIF
FENTHE~2.GIF
Skunkworks Reflections_0051.webp
CRAGGEN.GIF
Gri-GrifterRed13.jpg
Uaxac-Step.jpg
pissywolf_f.png
Tank Vixens Portfolio_0003.webp
CF610.JPG
BASEBA~1.GIF
CATMAN.GIF
LORIKE~1.GIF
LOVEJOY2.GIF
Yarf! #07_0039.webp
LYNX-L~1.GIF
Gri-SnarlPortrait.jpg
MIEL_WO.GIF
CHROMJCK.GIF
MF-TIGRS.GIF
sketch_foxies.jpg
EMILY8.GIF
The Mean, Green, Bondo Machine_0015.webp
Sabrina Online #3_0000.webp
Hit The Beach #06_0023.webp
Yarf! #33_0048.webp
Little Paw #2_0072.webp
AA5.JPG
ROYDOOD.GIF
Little Paw #1_0027.webp
RUNIF.GIF
RICKBLAS.JPG
CALDERA.GIF
Gri-KindarSk2.jpg
gryph-sktch.jpg
CH-LI~19.GIF
FENDER~2.JPG
CH-LI~31.GIF
DJ951130.GIF
EE-VIXN1.GIF
BAKERST.JPG
GLADIA~1.JPG
Yarf! #50_0072.webp
3D-BEACH.JPG
CREG.GIF
CH-LI~25.GIF
FOXONA~1.GIF
Yarf! #09_0017.webp
DB5.GIF
The American Journal of Anthropomorphics #3_0018.webp
LEMURZ.JPG
raqnz_pre_f.jpg
PI-SHEMA.GIF
Little Paw #1_0050.webp
RIFFRA~1.GIF
PAIR.GIF
BOXFOX~1.GIF
EF2_SH~1.GIF
LUNA_CL2.GIF
ultimus_sk3.jpg
Gri-WolfWear.jpg
9. South Fur Lands #09_0000.webp
CEA.GIF
Little Paw #4_0049.webp
ultimus_sk1.jpg
ARIASS~1.JPG
Talos-krs-01-A.jpg
Gri-Kibc.jpg
LARNA01I.GIF
Little Paw #3_0019.webp
Little Paw #5_0110.webp
Wild Kingdom #02_0000.webp
EFLTOWER.GIF
Gri-DogRear2.jpg
ALEGAN~1.GIF
Gri-Sweat.jpg
Yarf! #02_0000.webp
MYK_RL.GIF
CCF01202008_00010.jpg
2. South Fur Lands #02_0007.webp
Hit The Beach #06_0003.webp
ALEXTAUR.GIF
Little Paw #2_0052.webp
Gri-whisker.jpg
CARABACK.GIF
KipCumCU3.jpg
Wook05.jpg
Wook11.jpg
BAT-MA~1.GIF
LOVECAT.GIF
Yarf! #07_0019.webp
LYNX-N~1.GIF
CRITAS~1.JPG
rosco.png
MORPHR~1.GIF
1SIDEF~1.GIF
CAT-AH.GIF
Hit The Beach #02_0006.webp
Gri-surprise.jpg
Analontra-philly.jpg
BATBIKE.GIF
PUZZLE~1.GIF
Gri-JeffTheClerk.jpg
Gri-Shadey.jpg
LYNX-1~1.GIF
MMMBARN.GIF
FMAP02.GIF
ELF_ST~1.GIF
GB-AUSTN.JPG
GB-SKATE.GIF
showerdoggy.jpg
Havoc-stand1.jpg
BWOLF2.GIF
Little Paw #2_0101.webp
Pathia_Beach.jpg
LOGGIN~1.GIF
The American Journal of Anthropomorphics #4_0048.webp
QTZAIN~2.GIF
FLAME-R.GIF
FURGOYL2.GIF
Yarf! #7_0036.webp
Yarf! #05_0007.webp
AKAIRY~1.GIF
CMKLION.GIF
ALICE.GIF
Katmandu Annual #01_0049.webp
Gri-Substance.jpg
cc-bedsnug.jpg
RISH1-JB.JPG
LEOPARD.GIF
FOX-DR.GIF
Yarf! #50_0033.webp
DSLED.GIF
LOVERS1.JPG
TickleTigerC_CU01.jpg
Yarf! #00_0008.webp
AAARROOO.GIF
DELPHA~1.GIF
S000033.png
Gri-JesseSk1.jpg
Little Paw #1_0011.webp
Genus - Spotlight On Skunkworks #01_0009.webp
PRRELL~3.GIF
Little Paw #2_0044.webp
CAPYDREM.JPG
Hit The Beach #06_0015.webp
The Mean, Green, Bondo Machine_0023.webp
Yarf! #01_0043.webp
Vampiric Albino Squirrels in Vinyl #02_0024.webp
FOXCOON5.GIF
FERRET.GIF
MIK_TS~1.GIF
Tales of the Fehnnik #02_0006.webp
Yarf! #34_0079.webp
HaloSpaceboySketchCU03.jpg
Little Paw #5_0043.webp
!FOX8.JPG
FURLUP.GIF
Gri-Wastrel.jpg
PRETZEL.GIF
Little Paw #5_0106.webp
PUFFRBUN.GIF
The American Journal of Anthropomorphics #1_0047.webp
CC-2SUCK.JPG
DEERLADY.JPG
POOLRA~1.JPG
Yarf! #18-19_0049.webp
A_BAD_~1.GIF
MM-RBTOR.GIF
CAMELGAL.GIF
Katmandu Annual #03_0016.webp
DANDEL~2.GIF
MONA12BR.GIF
DOOMPT~1.GIF
BEN_MO~4.GIF
Gri-Truce.jpg
PSYCHO.GIF
Genus - Spotlight On Skunkworks #01_0025.webp
ENVOY-~1.GIF
CFE96_03.JPG
bungee.png
MYTU2-JR.GIF
BUNNSHIP.GIF
M-CHRO~1.GIF
ISB #04_0034.webp
leatherboots_f.jpg
Gri-Wolfgirl.jpg
Senergy-Run.jpg
Easter-Ranalir.jpg
BENMOUSE.GIF
BY-MORN.GIF
Hit The Beach #08_0037.webp
EF2_VD~1.GIF
Stormfront2a.jpg
LARNA1.GIF
FMAP03.GIF
MIK_PIC.GIF
ALONE.GIF
ALGIERS1.GIF
FOXCOON4.GIF
HAmity-tailswat.jpg
CATLADY.JPG
serat.png
BIGVEGAN.GIF
Yarf! #39_0022.webp
Stupid-bug.jpg
DAPHNIE.GIF
Mega-Alyssa.jpg
Gri-Skritchies.jpg
DRAGONHE.GIF
Gri-CoonRear.jpg
PICKUP.GIF
Hit The Beach #06_0042.webp
Little Paw #1_0046.webp
Little Paw #2_0087.webp
CROSSU~1.GIF
greenmonkey.png
Yarf! #42_0045.webp
Gri-ScalePaintedSpandex.jpg
Gri-zTryptic.jpg
MADARUA1.JPG
GOBLYN~1.GIF
RESTSTOP.GIF
Vampiric Albino Squirrels in Vinyl #02_0008.webp
CF6IDX2.JPG
AKI-CW.GIF
CFE96_17.JPG
CH-LIM~4.GIF
MNEMAR~1.GIF
Yarf! #17_0026.webp
Gri-Arakaraath.jpg
office.png
EGSCM-ML.GIF
Ni-Snax-bw.jpg
ROYWHIFF.GIF
Little Paw #2_0029.webp
FURGOYL3.GIF
Gri-CouchDragon.jpg
Gri-RalphBlownUp.jpg
BLIND-~1.GIF
uhhhh.jpg
AP_JERRY.GIF
Hit The Beach #07_0025.webp
MF-BNZAI.GIF
AP_ME.GIF
MIRIAM~1.GIF
CCSSC-GW.GIF
Gri-RooWuf.jpg
gm_onbed.jpg
Gri-Hrairoo.jpg
Gri-Drainc.jpg
BELL01.GIF
FF-ROOS.GIF
DB4.GIF
Little Paw #5_0079.webp
Gri-Martyr.jpg
MAJESTA.GIF
BREA-GW.GIF
EEEE-1~1.GIF
Gri-BearBrawl.jpg
CRISTA~2.GIF
Yarf! #5_0004.webp
CH-LI~24.GIF
DOE.GIF
Little Paw #2_0091.webp
CH-COMP.GIF
CH-LI~30.GIF
EILEEN.GIF
roof2.jpg
Yarf! #35_0008.webp
Hit The Beach #03_0036.webp
DARWIGS.GIF
Gri-RikInvite.jpg
The American Journal of Anthropomorphics #3_0063.webp
RACHE~10.GIF
CH-LI~18.GIF
AHWTSHSD.GIF
Yarf! #33_0044.webp
CF617.JPG
FUZZYF~8.GIF
DEERFI~1.GIF
LUNDBSLM.GIF
DONTFIT.GIF
wet-gup.png
The American Journal of Anthropomorphics #4_0065.webp
ROMANO~2.GIF
Hit The Beach #04_0031.webp
Little Paw #3_0035.webp
ultimus_sk2.jpg
Gri-Borni.jpg
Renee-Kong.jpg
Yarf! #45_0054.webp
BIGHYENA.GIF
Gri-Nuzzle.jpg
Yarf! #08_0026.webp
RALEIG~1.GIF
CARAMNNK.GIF
Yarf! #24_0006.webp
Little Paw #2_0028.webp
ALYTLUNA.GIF
DW1.GIF
DONATIEN.JPG
Gri-PlatAardBatFrog.jpg
ATM-NO~8.GIF
FEHNNIK.GIF
CRYOSA~1.GIF
DUESEN~1.GIF
RRRAOUL.GIF
BOOGA3.GIF
ferretcat_squish_pre_fel.jpg
ML_MEL~2.GIF
Gri-FootJerk.jpg
Little Paw #3_0063.webp
CHANNA~1.GIF
Everest-03.jpg
Hit The Beach #07_0032.webp
The American Journal of Anthropomorphics #2_0091.webp
Yarf! #34_0015.webp
FOXBAR~1.JPG
CF429.JPG
CAREJOIN.GIF
PIRATE2.GIF
Gri-Brokenquake.jpg
RATLASS.GIF
Kali-01.jpg
Yarf! #17_0027.webp
GrrrPortrait04.jpg
Katmandu Annual #06_0034.webp
cc-twinkmouse.jpg
ultimus_sk1a.jpg
Yarf! #33_0012.webp
DRPROC~1.JPG
Little Paw #1_0084.webp
Gri-RatDwag.jpg
BANANA3D.JPG
BUNROG.GIF
The American Journal of Anthropomorphics #3_0023.webp
555-MEEP.JPG
toepiss.png
DAYTON~1.GIF
EF2_OR~1.GIF
MALCOM~1.JPG
AZURE-~2.GIF
GREYWO~8.GIF
Beatrix #01_0000.webp
COYOTE~1.GIF
PunkerFox.jpg
cc-squirrel.jpg
Yarf! #04_0020.webp
Mousie-pinned.jpg
DRONON~1.GIF
Katmandu Annual #02_0027.webp
Sabrina Online #5_0000.webp
CUTCAT.GIF
Yarf! #45_0043.webp
MYRNA-BO.GIF
LBRTYMMM.GIF
FULTON.GIF
Little Paw #5_0081.webp
CHAD-ATH.GIF
AP_RACC1.GIF
Gri-Chosen.jpg
unfin_comm2.jpg
Little Paw #3_0022.webp
FANTAS~8.GIF
Yarf! #18-19_0121.webp
Hit The Beach #06_0043.webp
Gri-darkiec.jpg
Hit The Beach #05_0016.webp
Little Paw #2_0012.webp
ilovejeanz_rose.jpg
BUNNY_DW.JPG
REN.GIF
Yarf! #09_0000.webp
Little Paw #1_0102.webp
Gri-Loud-and-clear.jpg
Gri-DrDrewSk.jpg
DANDEL~6.GIF
Gri-ThickFurredMitts.jpg
BRUSHING.GIF
Katmandu Annual #03_0017.webp
Gri-zAug23.jpg
CH-LIM~1.GIF
BOINK.GIF
The American Journal of Anthropomorphics #2_0101.webp
Gri-Boots.jpg
The American Journal of Anthropomorphics #4_0008.webp
FANTAS~9.GIF
CHIFFO~1.GIF
sk_blkpanther.jpg
CFE96_12.JPG
Gri-Dirty.jpg
CFE96_06.JPG
LIONUNI1.GIF
Gri-Tape-OnWhiskers.jpg
BEN_MO~1.GIF
Gri-TalosEatSun.jpg
RF-AND~1.GIF
Navajo-22ft.jpg
AUSTSU~1.GIF
The American Journal of Anthropomorphics #1_0103.webp
Camp-ground.jpg
PAND_RL1.GIF
Kit_Nap.jpg
1STBASE.GIF
Yarf! #50_0032.webp
Algie-Ban-01a.jpg
LARETT~1.GIF
FIELDH~1.GIF
MNEMOR~1.GIF
DEUCE-~2.JPG
Yarf! #02_0040.webp
Gri-PandaSk.jpg
Yarf! #01_0015.webp
BY-MUZ.GIF
Gri-simfeet.jpg
FMAP06.GIF
vampire-boi.jpg
REDPANDA.GIF
CAT_AN~1.JPG
Gri-Baklaw.jpg
MAXDRESS.GIF
CH-LIM~5.GIF
CFE96_16.JPG
CFE96_02.JPG
Tigrants-01.jpg
Little Paw #5_0080.webp
BondageBat.gif
Little Paw #3_0023.webp
COUGAR.GIF
Ranalir-H3a.jpg
ASPHOD~1.GIF
Hit The Beach #04_0027.webp
MARC.GIF
Gri-ratbak.jpg
DRGNPTGR.GIF
balloon.png
Yarf! #18-19_0065.webp
Hit The Beach #03_0020.webp
Gri-ShyDwag.jpg
Little Paw #4_0024.webp
GEN-2-GW.GIF
Gri-Rik2c.jpg
CCCCC-GW.GIF
LILLIAN.GIF
RAMSEY~1.GIF
MegaVixen-02.jpg
MF-MSU.GIF
DANDEL~3.GIF
BUNNIE.GIF
BestFriends.jpg
CENTR_DW.JPG
MIRAGE2.GIF
REIKODRN.GIF
AP_MONTA.GIF
ISB #05_0004.webp
BRUSHP~1.JPG
Kitana-Tail.jpg
XavierSketch.jpg
COLORVIX.JPG
Ranalir-ala-Gideon01.jpg
MNASAT~1.JPG
HaloSpaceboySketchCU02.jpg
Yarf! #8_0049.webp
ASHFOX.GIF
Little Paw #4_0073.webp
Little Paw #1_0085.webp
The Mean, Green, Bondo Machine_0019.webp
Gri-EbonWolfy.jpg
Wook10.jpg
EARSCRCH.GIF
FIREXTNG.GIF
FENTHE~1.GIF
MFMNAI~1.GIF
KipCumCU2.jpg
marat_unfinished.jpg
Wook04.jpg
AHWTSHFR.GIF
Hit The Beach #07_0033.webp
Yarf! #21_0049.webp
MIKESTRI.GIF
PANDEIR1.GIF
Yarf! #34_0014.webp
sombraro.png
Yarf! #06_0029.webp
Ranalir-Rump.jpg
MARVIN.GIF
RACHELOC.GIF
CCF01202008_00011.jpg
RTBDAFIT.GIF
Gri-MafiaAngel.jpg
LNXSM-BH.GIF
GINA-animecon.jpg
PRIZEDOE.GIF
Little Paw #1_0093.webp
GERRI1BW.GIF
MYNX.GIF
RODENTT.GIF
Katmandu Annual #06_0035.webp
CUHCU.JPG
cc-snotiger.jpg
PRRELL~2.GIF
Big-Showdown.jpg
COFFEE.GIF
Little Paw #5_0038.webp
CARAMNCL.GIF
Little Paw #2_0090.webp
CH-LI~20.GIF
Little Paw #4_0033.webp
PunkerFoxCU01.jpg
10. South Fur Lands #10_0003.webp
DJ951109.GIF
GAN-WI~2.GIF
LUNA_AT3.GIF
Gri-BjenCloth.jpg
PIRATES.GIF
LAUNCHER.GIF
DUSTY-~2.GIF
Hit The Beach #07_0024.webp
AHA-AH.GIF
Little Paw #3_0075.webp
FMAP07.GIF
Gri-snarlbjen.jpg
Yarf! #50_0049.webp
PURTHY~1.GIF
COON_FOX.GIF
FOXFLYTE.GIF
CH-SKTCH.GIF
Gri-bjenkrad.jpg
LENNYFOX.GIF
DJ941124.GIF
Little Paw #4_0064.webp
Gri-RooCarSk.jpg
BOJO-JC.GIF
RASTER~2.GIF
5000 Fans of Dr.T issue 02_Page_01.webp
Hit The Beach #08_0020.webp
RACHEL~2.JPG
FALCON~1.GIF
CH-MLOGO.GIF
GALLOW~1.GIF
PSI-FOX2.GIF
Little Paw #4_0025.webp
CPTLHARE.GIF
BART_F~2.GIF
Little Paw #2_0086.webp
EG_CJ1.GIF
CMDR-P~3.GIF
CFE96_07.JPG
FATHER~1.GIF
Vampiric Albino Squirrels in Vinyl #02_0009.webp
RZARIT~1.GIF
CHEYYA~2.GIF
Hit The Beach #06_0038.webp
BLOODLIN.GIF
cc-dragonchow.jpg
Little Paw #2_0069.webp
Gri-Orion.jpg
Yarf! #39_0023.webp
CMDR-P~2.GIF
Wild Kingdom #09_0000.webp
Katmandu Annual #04_0010.webp
The American Journal of Anthropomorphics #1_0011.webp
PSI-FOX3.GIF
Little Paw #3_0059.webp
FELIX2~1.GIF
BART_F~3.GIF
APRIVER.JPG
FURIAN~1.GIF
9. South Fur Lands #09_0040.webp
Gri-OldSchool.jpg
Little Paw #4_0009.webp
BIANCA3.GIF
AZURE-~3.GIF
FERRIS.GIF
Gri-CanisSk2.jpg
LOTUS1.JPG
Gri-Hanging.jpg
EN_GARDE.GIF
AP_NEXT.GIF
MACAVITY.GIF
Yarf! #34_0078.webp
Gri-ClawSk.jpg
CATHRN1-.GIF
Little Paw #5_0042.webp
ANTOIN~1.GIF
Genus - Spotlight On Skunkworks #01_0008.webp
Hit The Beach #06_0014.webp
FOXBATA.GIF
ARCTIC~1.GIF
Vampiric Albino Squirrels in Vinyl #02_0025.webp
measurments.jpg
Tales of the Fehnnik #00_0019.webp
Little Paw #2_0045.webp
Halava-lay1.jpg
CAVAL1.GIF
GAN-WI~3.GIF
PM-FOX.GIF
Gri-Bronze.jpg
Hit The Beach #02_0007.webp
Gri-Energy.jpg
LOVE-TZ.GIF
CH-LI~21.GIF
Gri-Spacecat.jpg
The American Journal of Anthropomorphics #1_0007.webp
Gri-sitting.jpg
Big_Bobbi_Boobs.jpg
Yarf! #50_0073.webp
CH-GOOSE.GIF
BAT-PI~1.GIF
CH-LI~35.GIF
Guppy-01.jpg
FELIN-~1.GIF
Gri-Brophey2.jpg
RIFKIN.GIF
ATM-NO~9.GIF
Yarf! #7_0037.webp
Yarf! #06_0053.webp
foxlounge.png
CF603.JPG
Gri-Twinesc.jpg
Little Paw #5_0097.webp
Yarf! #41_0007.webp
CH-LI~34.GIF
TickleTigerC_V1.jpg
Gri-EarlyWereSk2.jpg
CCF01202008_00015.jpg
MF-CNS1.GIF
LV_GOS~1.GIF
Quack! #02_0034.webp
APLMAGIC.GIF
Hit The Beach #04_0026.webp
Gri-RatRooLiz.jpg
REYNARD.GIF
Big_Mousie-1.jpg
Yarf! #34_0054.webp
AAWED2.JPG
ERWYN-BO.GIF
cc-rhino.jpg
gup.png
DEUCE-~3.JPG
MASON-SL.GIF
CFE96_13.JPG
S000036.jpg
EG_SKUNK.GIF
BY-DEER.GIF
Gri-Onyx.jpg
CHANUR.GIF
EE-OUCH.GIF
Thunder-Upshot.jpg
AENTON~1.GIF
GIMME.JPG
Yarf! #34_0081.webp
LORI2.GIF
fel_catnmouse2.jpg
FOXCOON1.GIF
MANEDW~1.GIF
Yarf! #8_0033.webp
bk4g_fel.png
The American Journal of Anthropomorphics #3_0058.webp
PHILOB~1.GIF
Gri-Gruff's.jpg
Gri-SephRat.jpg
CCF01202008_00014.jpg
Little Paw #2_0053.webp
MH_THO~1.JPG
Everest-02.jpg
Wook01.jpg
FL-HOV~1.GIF
fruitbowl.png
BOOGA2.GIF
The Mean, Green, Bondo Machine_0014.webp
Gri-DeckerMilk.jpg
FOXHUNT.GIF
ARIALT~1.GIF
DB3.GIF
Little Paw #2_0073.webp
LUNASIDE.GIF
Gri-BCForest.jpg
Gri-SitBackRelax.jpg
The American Journal of Anthropomorphics #3_0019.webp
AA3.JPG
Little Paw #1_0051.webp
Gri-ShowoffLion.jpg
Gri-BlackDragon.jpg
LUMI2.GIF
Gri-ncbw.jpg
ROXI-C01.GIF
MADBUNNY.GIF
Doral-Butt-bw1.jpg
PETEROO.GIF
DB1.GIF
LADYSW~1.GIF
Gri-Alleywayc.jpg
Yarf! #42_0029.webp
FUZZYF~9.GIF
CHRISG~1.GIF
DARKIN~1.GIF
Stormfront-1b-bw.jpg
DOESITHU.GIF
CF602.JPG
MNASTR~1.GIF
ETEN.JPG
cover.jpg
CH-LI~37.GIF
DARSGAME.GIF
PIRATE1.GIF
Powder_Dev.gif
Little Paw #3_0038.webp
REPTILE.JPG
phonixcomm.jpg
Gri-danz3.jpg
cc-widow.jpg
GAN-WI~1.GIF
LARVA-~1.GIF
ROBERTO.GIF
Little Paw #5_0074.webp
BRAX-H~1.GIF
Tales of the Fehnnik #02_0031.webp
Yarf! #4_0042.webp
CHIP-G~1.GIF
mouse_cool_c.jpg
Skunkworks Reflections_0050.webp
Tank Vixens Portfolio_0002.webp
CRISSA.JPG
CF614.JPG
BUTRCUP1.JPG
CYELLE~1.GIF
RALEIG~2.GIF
MNASNO~1.GIF
Vampiric Albino Squirrels in Vinyl #02_0013.webp
ROMANO~1.GIF
SummerSwim.jpg
REN-TN.GIF
CF628.JPG
RUBY.GIF
DW2.GIF
munkeeview_f.png
Gri-Skull.jpg
LV_TESS.GIF
Jhonpeak.jpg
Little Paw #5_0023.webp
Kali-02.jpg
FURGOYL4.GIF
Little Paw #3_0080.webp
CHANNA~2.GIF
LAMASU.GIF
LITEHARE.GIF
ML_MEL~1.GIF
Rounceval.jpg
Wook03.jpg
The American Journal of Anthropomorphics #3_0039.webp
cc-gupshoot.jpg
Little Paw #1_0071.webp
BRUSH.GIF
Little Paw #2_0024.webp
Vampiric Albino Squirrels in Vinyl #01_0011.webp
PALOSKOO.JPG
Jess-Raving-bw.jpg
TickleTigerC_V2.jpg
Katmandu Annual #06_0038.webp
GWENET~1.GIF
CINO9.GIF
LANYA-GW.GIF
Yarf! #18-19_0091.webp
CH-LI~23.GIF
cc-gupsuck.jpg
EHLANA~1.GIF
FMAP04.GIF
CASEY-31.GIF
Gri-SilverDragon.jpg
Vampiric Albino Squirrels in Vinyl #01_0007.webp
APRIKAL1.GIF
LILLAN~1.GIF
Grrrpuppy.jpg
FOXCOON3.GIF
Yarf! #3_0004.webp
GB-PUNK.GIF
Little Paw #2_0032.webp
Little Paw #1_0067.webp
MEL-059.GIF
RAPTOR3.GIF
Gri-HornySnarl.jpg
ARCTIC~3.GIF
Little Paw #4_0091.webp
dribble.png
Gri-Bar.jpg
FURCOUCH.GIF
Gri-DraTail.jpg
LINE-GW.GIF
LUPEGRG2.GIF
Gri-Cfriends.jpg
ARAGH-FH.JPG
DUSTY.GIF
Little Paw #3_0096.webp
COYOTE~2.GIF
MARILYN.GIF
DISTRACT.GIF
FOX-4-~1.GIF
Little Paw #5_0035.webp
DRAGON~8.GIF
BIANCA1.GIF
AZURE-~1.GIF
MS_SIL~1.GIF
Sabrina Online #4_0047.webp
MF-MIRRA.GIF
FELICI~1.JPG
CHEYYA~1.GIF
Little Paw #5_0062.webp
BEN_MO~3.GIF
javafox_f.jpg
CFE96_04.JPG
EROTICA.GIF
DANDEL~4.GIF
AP_RACC2.GIF
unfin_comm1.jpg
Gri-Pinned.jpg
CAPNHOOK.JPG
MH_REB~1.GIF
LEAP'N.GIF
DOLPHIN.GIF
Little Paw #4_0029.webp
with_mayo.gif
Gri-dwags.jpg
The American Journal of Anthropomorphics #3_0097.webp
nanimouse.png
FCENTRL.GIF
MECHAB~1.GIF
Little Paw #2_0065.webp
Little Paw #1_0030.webp
Gri-14c.jpg
ARILIN.GIF
BIGCAT~1.GIF
AAWED1.JPG
Yarf! #02_0037.webp
Vampiric Albino Squirrels in Vinyl #02_0005.webp
BY-BLAKE.JPG
LAURACAT.GIF
BIKERM~1.GIF
CH-LIM~2.GIF
bunny2.jpg
AP_LOVE.GIF
EG_CJ3.GIF
Ppglogo1a-78.gif
Yarf! #04_0000.webp
FELIX2~2.GIF
Hit The Beach #08_0016.webp
CFE96_39.JPG
OB001460.jpg
CMDR-P~1.GIF
Little Paw #4_0052.webp
The American Journal of Anthropomorphics #4_0090.webp
Gri-RatWuf.jpg
The American Journal of Anthropomorphics #1_0066.webp
ISB #05_0009.webp
LOONEY.GIF
FELIX2~3.GIF
BART_F~1.GIF
Yarf! #39_0054.webp
EG_CJ2.GIF
FURIAN~2.GIF
CFE96_38.JPG
CFE96_10.JPG
Yarf! #05_0030.webp
cc-bigtabby.jpg
CH-LIM~3.GIF
cc-roochair.jpg
inyourarms.jpg
volaircol_finished.jpg
ERIN-GW.GIF
Hit The Beach #08_0041.webp
Gri-SimFeet-c.jpg
Yarf! #41_0031.webp
FOXFOLIO.GIF
DREAMW.GIF
Gri-Nite.jpg
AP_BEAST.GIF
MIRBEAR.GIF
ALYSTIN.JPG
DEUCE-~1.JPG
Wild Kingdom #04_0000.webp
LIONESS_.GIF
Little Paw #5_0019.webp
Up_Yours_Buddy.png
EE-NAGEL.GIF
Hit The Beach #07_0004.webp
Little Paw #3_0055.webp
The American Journal of Anthropomorphics #2_0048.webp
Yarf! #08_0047.webp
ARAGH_BN.JPG
DANDEL~5.GIF
Yarf! #03_0007.webp
DIVERSNS.JPG
BEN_MO~2.GIF
Gri-Bjen.jpg
RASPBR~1.GIF
CFE96_05.JPG
Genus - Spotlight On Skunkworks #02_0006.webp
LIONUNI2.GIF
ANGLWEEP.GIF
DESTINY.GIF
FCENTBOW.GIF
FLYNGFOX.GIF
Gri-tattoo.jpg
The American Journal of Anthropomorphics #2_0072.webp
The American Journal of Anthropomorphics #1_0027.webp
RACHEL~1.JPG
RASTER~1.GIF
BANDGF~1.GIF
Yarf! #39_0015.webp
BUNJEE.GIF
FASCINAT.GIF
ALARI.JPG
Gri-Skewer.jpg
noexceptions.jpg
Katmandu Annual #01_0029.webp
Gri-akel95.jpg
cc-puddin.jpg
cc-dimensio.jpg
BIKER-GW.GIF
FOX-HUNK.GIF
Little Paw #1_0088.webp
cc-spiritwolf.jpg
ERIN-C~1.GIF
DUSTY-~1.GIF
CHIFFO~2.GIF
CFE96_11.JPG
RADAR-GW.GIF
Sabrina Online #1_0025.webp
MEL-064.GIF
FMAP05.GIF
B_LUNC~1.GIF
The American Journal of Anthropomorphics #4_0116.webp
Ron-Looming.jpg
Gri-zHug2.jpg
MNABET~1.GIF
Gri-Whispers.jpg
REV-HE~1.GIF
Hit The Beach #04_0006.webp
Katmandu Annual #05_0000.webp
Gri-AngelClose.jpg
BLOCKADE.GIF
Beatrix #02_0022.webp
Vampiric Albino Squirrels in Vinyl #02_0029.webp
Raligal1.jpg
Gri-RaptoRat.jpg
3PTAILS.GIF
Gri-CanisSk1.jpg
Hit The Beach #06_0018.webp
cc-bluedragon.jpg
10. South Fur Lands #10_0035.webp
Little Paw #2_0049.webp
DRAGON~9.GIF
LEMUR19.JPG
BRIDGE~1.GIF
CULTFI~1.JPG
Gri-Wyvern.jpg
Trashing-the-troops.jpg
DELICA~1.GIF
Little Paw #3_0014.webp
Wook02.jpg
Gri-negkc.jpg
FL-HOV~2.GIF
ISB #05_0033.webp
Yarf! #08_0006.webp
The American Journal of Anthropomorphics #4_0100.webp
CORAL1~1.GIF
Yarf! #03_0046.webp
Yarf! #18-19_0117.webp
Gri-Yeehaw.jpg
Hallavadon-01.jpg
LYCANT~1.GIF
The American Journal of Anthropomorphics #3_0042.webp
FLYER-~1.GIF
DRABEK~1.GIF
REN-TN-C.GIF
Yarf! #04_0041.webp
RODENTR.GIF
Little Paw #4_0013.webp
RENGEB~1.GIF
dogsuck.jpg
FULGAN.GIF
RAPTOR2.GIF
MEL-058.GIF
The American Journal of Anthropomorphics #4_0053.webp
FEEDER.GIF
ARCTIC~2.GIF
CAVAL2.GIF
MEK-3-GW.GIF
FOXCOON2.GIF
Yarf! #18-19_0101.webp
Katmandu Annual #05_0041.webp
Blitzy3Color.jpg
MNASTR~2.GIF
Genus - Spotlight On Skunkworks #02_0010.webp
Gri-FoxSkunkSk.jpg
DAISY-GW.GIF
Gri-Dragon.jpg
D_KIRA2S.GIF
Hit The Beach #03_0040.webp
Little Paw #4_0044.webp
CH-LI~36.GIF
BREETIE.JPG
roof4.jpg
Gri-Danz2.jpg
MF-BWC.GIF
EDF2GRY.GIF
7. South Fur Lands #07_0027.webp
Siblings.gif
vampirebat.jpg
Hit The Beach #08_0000.webp
DJ951123.GIF
CH-LI~22.GIF
CINO8.GIF
Katmandu Annual #02_0011.webp
CAMPFI~1.GIF
AMAZON1.GIF
MF-WARFX.GIF
CCF01202008_00017.jpg
ALLEN-GW.GIF
Gri-DogRear.jpg
The American Journal of Anthropomorphics #4_0045.webp
LIONS.GIF
CF666.JPG
Katmandu Annual #03_0006.webp
LUNDBSID.GIF
MOLYXMAS.GIF
Silfur_and_Competition.jpg
DB2.GIF
Gri-AshETR.jpg
FRIEND~1.GIF
156TIG~1.GIF
Gri-RikPaint.jpg
Gri-BlueTiger.jpg
Little Paw #3_0106.webp
PPG_AD01.JPG
Yarf! #18-19_0005.webp
FIRE-N~1.GIF
DEVRONIS.GIF
Katmandu Annual #01_0013.webp
Gri-MavJon.jpg
RALEIG~3.GIF
Sabrina Online #2_0031.webp
CF601.JPG
Gri-shower.jpg
ultimus_sk4.jpg
snowleapord.jpg
EBONY.GIF
GOLDRU~1.GIF
CAPT_D~1.GIF
CHRISG~2.GIF
PK-SHO~1.GIF
Yarf! #9_0035.webp
eatme.png
Hit The Beach #07_0012.webp
PHIL.GIF
B_ROBBOT.GIF
CH-LI~45.GIF
RCORCHID.GIF
PSYCHMOR.GIF
PAIRCAPT.GIF
Yarf! #45_0029.webp
DRACSWRD.GIF
CH-LI~51.GIF
FOX-AD~1.GIF
The American Journal of Anthropomorphics #1_0000.webp
MUKRAK03.GIF
The American Journal of Anthropomorphics #2_0055.webp
RN15.GIF
Yarf! #01_0004.webp
FOX1.GIF
LIONMAN.GIF
CINO21.GIF
CHTAKA~1.GIF
RECLIN~1.JPG
CINO35.GIF
ARIALS~1.GIF
CERI.JPG
RN01.GIF
Little Paw #1_0056.webp
ZU #00_0015.webp
XavierGold_2002-04-22.jpg
LOVE-K.GIF
CH-LI~86.GIF
RL-HORSE.GIF
FANTA~15.GIF
ADMRL_NK.GIF
Nappus-Interuptus.jpg
GRYN-GW.GIF
Sabrina Online #3_0026.webp
Katmandu Annual #03_0051.webp
AMY_HI~5.GIF
FF-DIG.GIF
AMINA-~1.GIF
PHAEDRBW.GIF
Little Paw #4_0018.webp
PBEAR-RL.GIF
Gri-Illumination.jpg
REDNUDE.GIF
CF464.JPG
Gri-Wine.jpg
teh_furry_nm.png
LEONIE~2.GIF
Gri-wolfremote.jpg
RIMA.GIF
The American Journal of Anthropomorphics #2_0110.webp
MH_CAC~1.JPG
CATHWI~1.GIF
The American Journal of Anthropomorphics #4_0019.webp
cc-winetaste.jpg
CH-LI~79.GIF
CF699.JPG
Yarf! #4_0032.webp
KS-roxi2.jpg
BUFFSILV.GIF
Yarf! #50_0074.webp
GMBH-M~2.GIF
ADMRL_CL.GIF
sk_tigergirl_fel.jpg
ISB #02_0029.webp
Jase.jpg
BAXTRR~4.GIF
GRI-SIT.jpg
MEL-017.GIF
Little Paw #2_0107.webp
RATNCAT.GIF
ANDREA~1.GIF
MEL-003.GIF
Katmandu Annual #03_0047.webp
D-CON05.JPG
Yarf! #06_0054.webp
ERIDANI2.GIF
PIZZAUGH.GIF
RTBDA-~2.GIF
Little Paw #5_0053.webp
The American Journal of Anthropomorphics #1_0057.webp
CHERYLYN.GIF
6. South Fur Lands #06_0000.webp
Gri-Sephwuf.jpg
Gri-TheKing.jpg
AYK09.JPG
Navajo.jpg
Little Paw #2_0054.webp
Genus - Spotlight On Skunkworks #01_0019.webp
Hit The Beach #06_0005.webp
DANESO~1.GIF
BLONMARE.GIF
Yarf! #09_0046.webp
The American Journal of Anthropomorphics #3_0049.webp
Gri-Romc.jpg
rivet-hedge-col.jpg
AzdorSketch.jpg
REYNAR~2.GIF
Tales of the Fehnnik #02_0000.webp
cc-eggplant07.jpg
Gri-Foxt.jpg
CYB-TO~1.GIF
Yarf! #05_0017.webp
sketch_otter.jpg
DEANZA~1.GIF
Gri-Sandwich.jpg
Yarf! #50_0035.webp
CYGER1.GIF
6. South Fur Lands #06_0016.webp
Gri-OrcRear.jpg
Little Paw #3_0009.webp
Dre-cockbash.jpg
Genus - Spotlight On Skunkworks #03_0011.webp
ARIC3.GIF
Gri-Shriek.jpg
The American Journal of Anthropomorphics #1_0041.webp
Yarf! #01_0045.webp
Sabrina Online #3_0030.webp
2. South Fur Lands #02_0017.webp
The Mean, Green, Bondo Machine_0025.webp
RIBBON~1.GIF
ACHEN-~1.GIF
Vampiric Albino Squirrels in Vinyl #02_0022.webp
ALEXEI01.GIF
CAPALWT.JPG
Gri-GoingAway.jpg
Little Paw #1_0017.webp
Skunkworks Reflections_0061.webp
Gri-HrairooSk.jpg
DRAGO~10.GIF
Little Paw #5_0012.webp
Gri-wfr2.jpg
DRAGON~4.JPG
6. South Fur Lands #06_0041.webp
CENTAU~2.GIF
CCBEAN~1.JPG
CUTEFOPS.JPG
Gri-HukkaFeet.jpg
Hit The Beach #05_0011.webp
MDRAG.GIF
CYBERD~1.GIF
APCAT.GIF
MKATHENA.GIF
ARISTA~1.GIF
RWA_BACK.GIF
Katmandu Annual #03_0010.webp
RESURECT.GIF
MEL-055.JPG
AMYCLRCT.GIF
MF-LIVE.GIF
POINTS~3.GIF
Little Paw #4_0059.webp
ERYCH-GW.GIF
Little Paw #1_0105.webp
Yarf! #35_0063.webp
Drac-Stroll.jpg
MMOUSE1.GIF
cc-eggplant13.jpg
COKEBEAR.GIF
PWOLF-~1.GIF
LIONNAP.JPG
Gri-EdWolfy.jpg
Gri-Draggor.jpg
DRAGON~5.JPG
Gri-GryphRearSk.jpg
Redpanda-squishin.jpg
ROOCOUCH.GIF
GREYFOX1.GIF
MORGANA.GIF
Blitzy3ColorCU2.jpg
CHTATIGR.GIF
pinkbunny.gif
MFOX1.GIF
DRAGO~11.GIF
LAZULI~2.GIF
The American Journal of Anthropomorphics #3_0073.webp
RORI1.GIF
FURRAER.GIF
Beatrix #02_0005.webp
CF6G2-DR.GIF
The Mean, Green, Bondo Machine_0009.webp
FEONA.GIF
sk_p_spot.jpg
ROXANN~1.GIF
CHEETAHG.GIF
CANDY1.GIF
The Yiffy Guide to Safer Sex_0000.webp
Iridium-krs01-Final.jpg
The American Journal of Anthropomorphics #2_0106.webp
Hit The Beach #02_0016.webp
joker_prelim.jpg
LOCKLE~2.GIF
LETTERS.JPG
REYNAR~3.GIF
BARONA~1.GIF
Gri-FeetJerk.jpg
Ranalir-h1.jpg
cc-eggplant06.jpg
ECELON~2.GIF
Gri-armax.jpg
MORPHC~1.JPG
CC-FU1.JPG
cc-eggplant12.jpg
DSALYA~1.GIF
LIL-ALLY.GIF
Little Paw #2_0039.webp
FF-BATS.GIF
The American Journal of Anthropomorphics #2_0038.webp
Little Paw #5_0086.webp
Yarf! #08_0037.webp
Hit The Beach #04_0021.webp
Little Paw #3_0025.webp
Gri-Discovery.jpg
Gri-Gref.jpg
B-AND-~1.GIF
Gri-OrangeTiger.jpg
Carmen.jpg
POINTS~2.GIF
MEL-054.JPG
shea_valentine.jpg
Gri-MoDwagSk.jpg
The American Journal of Anthropomorphics #4_0074.webp
Gri-Bjmt.jpg
The American Journal of Anthropomorphics #1_0082.webp
BAST_NK.GIF
ERIDANI3.GIF
Katmandu Annual #06_0033.webp
MEL-002.GIF
Feeding-the-Kittydemon.jpg
Gri-Tongues.jpg
RIVERO~2.GIF
AP_MICE2.GIF
DROOL.GIF
Little Paw #3_0072.webp
BRISTO~1.GIF
Hit The Beach #07_0023.webp
AJ-N-C~1.GIF
ERICA-GW.GIF
RONINS.GIF
Gri-SnowCoat.jpg
MEL-016.GIF
MYTU-JR.GIF
MIYALA~1.GIF
BERLIN~1.JPG
alexcover_f.jpg
LUM-BW.GIF
Sweet Treats_0029.webp
Gri-Gizbo.jpg
Gri-lutherSk.jpg
Yarf! #06_0039.webp
PHOENI~1.GIF
5000 Fans of Dr.T issue 02_Page_10.webp
Little Paw #4_0075.webp
ARIC2.GIF
Rouncy-Interview2.jpg
Hit The Beach #08_0031.webp
Hit The Beach #06_0029.webp
Little Paw #2_0078.webp
Little Paw #3_0064.webp
AMY_HI~4.GIF
CNFUSCOL.GIF
Yarf! #1_0007.webp
AP-DON~1.GIF
AFT_HE~1.JPG
Gri-IHaveNoMirror.jpg
Making_Tracks.jpg
devonfox.jpg
BAST_CL.GIF
ME-AND~1.GIF
Gri-BadgerRear.jpg
The American Journal of Anthropomorphics #2_0096.webp
Little Paw #5_0028.webp
AYSHANTU.GIF
Hit The Beach #08_0027.webp
Gri-AshShower.jpg
Gri-ryethere.jpg
Yarf! #6_0000.webp
AYK08.JPG
FRUIT-~1.JPG
Yarf! #04_0031.webp
Little Paw #4_0063.webp
ROYNBM.GIF
5000 Fans of Dr.T issue 02_Page_06.webp
Little Paw #1_0095.webp
RAYAAR~1.GIF
RTBDA-~3.GIF
POUNCEBW.GIF
The American Journal of Anthropomorphics #3_0032.webp
MONAHAIR.GIF
Yarf! #18-19_0075.webp
CH-LI~50.GIF
MF-LITTR.GIF
ALEGANA.JPG
BERIOS~1.GIF
cc-selfportrait.jpg
MUKRAK02.GIF
Hit The Beach #03_0030.webp
cc-ratfuck.jpg
BEERWOLF.GIF
ROOTHF~1.GIF
CHIN-FOX.GIF
CH-LI~44.GIF
BOBCT-SR.GIF
CAT_FANG.GIF
MANTIC~1.JPG
RABBITFM.GIF
CF698.JPG
Divina-01.jpg
PAINT.GIF
MOUSE1~1.JPG
Katmandu Annual #05_0031.webp
DAWGIE2.GIF
PK-IMP~1.GIF
cc-bunnylick.jpg
PARANOID.GIF
Gri-Otterfun.jpg
MERYOTE1.GIF
CH-LI~78.GIF
Yarf! #33_0042.webp
Gri-gryph+rat.jpg
LOW3C.GIF
The American Journal of Anthropomorphics #2_0059.webp
DOGFIGHT.GIF
PRELUDE.GIF
LIFTOFF.JPG
Hit The Beach #07_0015.webp
Gri-FennecSk.jpg
ALYT2.GIF
CH-LI~85.GIF
LOZETT~1.GIF
2F-INNOG.GIF
CF667.JPG
Yarf! #39_0049.webp
ROYNGERM.GIF
EDA-1-~1.GIF
FANTA~14.GIF
CHARCO~1.GIF
POUPON1.GIF
DRLYSO2.JPG
Little Paw #3_0033.webp
Little Paw #5_0090.webp
CH-LI~87.GIF
Yarf! #9_0045.webp
Yarf! #24_0001.webp
The American Journal of Anthropomorphics #1_0094.webp
AN.JPG
CHEVY-~1.GIF
The American Journal of Anthropomorphics #4_0062.webp
CINO34.GIF
FLINT4.GIF
CINO20.GIF
RN14.GIF
Hit The Beach #08_0007.webp
FOXPL_DW.JPG
FOX.JPG
MINO1-DS.JPG
MECHAFOX.GIF
Gri-BrownDog.jpg
BERIOS~3.GIF
CH-LI~52.GIF
Yarf! #42_0022.webp
CH-LI~46.GIF
Little Paw #4_0043.webp
CHIKNFOX.GIF
LIONMA~1.GIF
MINOTA~1.GIF
GMBH-M~1.GIF
BARB-FL.GIF
ARIALS~2.GIF
CINO36.GIF
RK-MECH.JPG
RN02.GIF
Katmandu Annual #01_0014.webp
CF659.JPG
PUDLMOUS.GIF
RYOKO.GIF
A_FILL~1.GIF
Syber-Husk-Hump-B.jpg
The American Journal of Anthropomorphics #4_0015.webp
Gri-Snow.jpg
RN16.GIF
FOX2.GIF
Sym.jpg
CINO22.GIF
FLINT9C.GIF
cc-lilbooga.jpg
CC-LSD.GIF
preg-gup.png
page03.jpg
DRAGON.GIF
Katmandu Annual #01_0043.webp
Katmandu Annual #02_0016.webp
Gri-BigRottie.jpg
GEIN.GIF
CF467.JPG
MKSTRIKR.GIF
Gri-BiK.jpg
LEONIE~1.GIF
Yarf! #2_0025.webp
8. South Fur Lands #08_0026.webp
AVENGER1.GIF
PIXYSTIX.GIF
Little Paw #3_0013.webp
Hit The Beach #04_0017.webp
Hit The Beach #07_0042.webp
Quack! #04_0008.webp
The American Journal of Anthropomorphics #4_0107.webp
EE-WOLF2.GIF
AMY_HI~6.GIF
KS-roxi1.jpg
Competition1.jpg
Gri-SamBelt.jpg
stare.jpg
washington_twins.jpg
Yarf! #17_0000.webp
CF7-CO~9.GIF
Gri-tthand.jpg
MEL-014.GIF
Sabrina Online #1_0022.webp
QUICKPAW.GIF
BRAVE-JW.JPG
Yarf! #50_0039.webp
ARTIST~1.GIF
5. South Fur Lands #05_0000.webp
RTBDA-~1.GIF
Gri-RalphBrob.jpg
The American Journal of Anthropomorphics #3_0045.webp
ATM-WI~1.GIF
Gri-AnotherMouse.jpg
KRS-HTB-grey.jpg
D-CON06.JPG
ALMACKEY.GIF
Genus - Spotlight On Skunkworks #01_0015.webp
Little Paw #2_0058.webp
FOXYROXY.GIF
BUNNY.GIF
EG_BICAT.GIF
ISB #02_0033.webp
EE_WILD.JPG
Gri-BigCoon.jpg
Little Paw #4_0014.webp
FHA-TIG1.GIF
EE-WER~1.GIF
Yarf! #6_0077.webp
Gri-Early.jpg
MIDKNGHT.GIF
MILES-DR.GIF
cc-gund.jpg
Yarf! #8_0038.webp
REYNAR~1.GIF
MF-GDNIT.GIF
BY-FOX.GIF
RYLAN.GIF
cc-eggplant10.jpg
AP_GDZIL.GIF
Little Paw #4_0002.webp
Hit The Beach #03_0006.webp
The American Journal of Anthropomorphics #3_0116.webp
ESOTER~1.GIF
ANGEL.GIF
Katmandu Annual #02_0000.webp
FCENT.JPG
MEL-028.GIF
LYNXKO~1.GIF
Gri-Invention.jpg
Gri-RingTail.jpg
Little Paw #5_0049.webp
Gri-kissc.jpg
Komatsu-rests.jpg
The American Journal of Anthropomorphics #4_0111.webp
Yarf! #08_0017.webp
ANDREA~2.GIF
FOXPER~1.GIF
Gri-undies.jpg
BEDTIME.GIF
Little Paw #3_0052.webp
PATTI.GIF
MEL-056.JPG
ABSOLUT.GIF
Yarf! #08_0040.webp
CC-JAZ.JPG
4TAD.GIF
CYBBUNN.GIF
cc-eggplant04.jpg
Quack! #06_0000.webp
Gri-BadgHusk.jpg
PEARLP~1.JPG
Yarf! #06_0019.webp
FMAP02B.GIF
LUMPY_~1.GIF
CENTAURS.GIF
Yarf! #1_0031.webp
CENTAUR2.GIF
Yarf! #03_0000.webp
precum.png
REAH-GW.GIF
LTAILWVR.GIF
blowup.png
CHRIS.GIF
CFE96_49.JPG
RN05.GIF
Gri-Angel.jpg
Gri-ShootingStars.jpg
CINO31.GIF
FRNKZK2.GIF
Gri-divec.jpg
Gri-RalphInhale.jpg
Hit The Beach #05_0006.webp
Gri-Senko.jpg
Yarf! #33_0038.webp
FOX5.GIF
CINO25.GIF
FLINT1.GIF
RN11.GIF
Little Paw #1_0057.webp
Little Paw #2_0002.webp
CONNECT.GIF
LYC&KIRI.GIF
Gri-Strap.jpg
Gri-Parkbench.jpg
AEONIA~1.GIF
CF662.JPG
Gri-FireFight.jpg
FANTA~11.GIF
BADPUN.GIF
ravecat_pre_fel.jpg
CH-LI~82.GIF
FOXINCHA.GIF
CINO19.GIF
MF-DEVON.GIF
DRAGHATC.JPG
PORQPINE.GIF
Robin-01.jpg
jamey_lihau_f.jpg
2on1.jpg
The American Journal of Anthropomorphics #4_0018.webp
CH-LI~69.GIF
RACHEL~9.GIF
silence.png
ATM-CO~1.GIF
MIEL_R~2.GIF
MERWOLF1.GIF
PUMA-MW.GIF
Yarf! #50_0075.webp
CH-LI~55.GIF
FWUMPED.GIF
BERIOS~4.GIF
Gri-Deerc.jpg
WyndchaserConBadge.jpg
CH-LI~41.GIF
Hit The Beach #07_0018.webp
DUEL.GIF
The American Journal of Anthropomorphics #2_0054.webp
Little Paw #2_0055.webp
RED-SH~1.GIF
Hit The Beach #06_0004.webp
The American Journal of Anthropomorphics #3_0048.webp
Wild Kingdom #16_0011.webp
ROYGER.GIF
Gri-XanderShale.jpg
MORGAN-G.GIF
Sabrina Online #3_0027.webp
LAZYHORS.JPG
EDERYN~1.GIF
2. South Fur Lands #02_0000.webp
REVERS~1.GIF
Yarf! #02_0007.webp
Gri-XanderAvatar.jpg
EE-EE.GIF
Algebar_Dance.jpg
QUICKS~1.GIF
DJ950921.GIF
DBLINU~1.GIF
Little Paw #2_0110.webp
Wild Kingdom #05_0000.webp
BUNNIEC.GIF
savanna_boy.jpg
MOLLYXMC.GIF
AMY_HI~1.GIF
BOOGA1B.GIF
EDA-1-GW.GIF
Gri-RandyRodent.jpg
Yarf! #06_0055.webp
Gri-nAshDDR.jpg
Yarf! #05_0000.webp
MUNGRUMP.GIF
LYNX-P~1.GIF
GodGreymon-01.jpg
ASTRDOME.GIF
MADMOLLY.GIF
BIGHUG.GIF
Stormfront1.jpg
Gri-Road.jpg
Little Paw #5_0052.webp
D-CON01.JPG
Gri-Couch.jpg
The American Journal of Anthropomorphics #1_0056.webp
Gri-ReFurbished.jpg
MIEL_REN.GIF
Gri-Caniswuf.jpg
FF-SQRRL.GIF
BLUEBA~1.GIF
ASHCHT~1.GIF
BLOODT~2.GIF
LETTER~1.JPG
Gri-Coils1c.jpg
Yarf! #02_0011.webp
Yarf! #01_0044.webp
Leesa-01.jpg
cc-kirk.jpg
The Mean, Green, Bondo Machine_0024.webp
Sabrina Online #3_0031.webp
AZAG_O~1.GIF
BIRDBOT2.GIF
MF-BRZ50.GIF
Hit The Beach #06_0012.webp
REVENGE1.GIF
Little Paw #2_0043.webp
LIGHTNIN.GIF
Little Paw #1_0016.webp
MEL-007.GIF
BRIDGET1.GIF
BEA-AD-1.GIF
Yarf! #5_0039.webp
MEL-013.GIF
FOXKIT~1.JPG
Arilin-poses.jpg
Little Paw #5_0044.webp
cc-eggplant03.jpg
ROXI-C.GIF
Hit The Beach #02_0040.webp
CAEALBRI.GIF
cc-cowboy.jpg
Gri-Problem.jpg
Yarf! #21_0023.webp
The American Journal of Anthropomorphics #4_0059.webp
CF7-C~10.GIF
Gri-Tealfox.jpg
LISA_LIL.JPG
FOX_BEAR.GIF
PANTHER.GIF
FENCIN~2.GIF
Kilotonne-krs.jpg
cc-leatherwuff.jpg
EY_2034.GIF
cc-eggplant17.jpg
MSTUD1.GIF
RS-THING.GIF
Katmandu Annual #04_0041.webp
Yarf! #50_0034.webp
LUNAJRDN.GIF
ASPIRI~1.GIF
FIELD-~1.GIF
Genus - Spotlight On Skunkworks #03_0010.webp
Little Paw #5_0101.webp
EE-WOLF.GIF
Little Paw #2_0014.webp
Hit The Beach #05_0010.webp
AP_TTRO.GIF
BAXTRR01.GIF
Gri-Wlko1.jpg
cc-posers.jpg
003_ECLP.GIF
BigWuff-ruff4.jpg
DAPHNI~1.GIF
CYANNF~1.JPG
Little Paw #4_0058.webp
PIG-N-~1.GIF
CYBERS~8.GIF
Little Paw #1_0104.webp
002_ECLP.GIF
APSNAKE.GIF
Gri-Mine.jpg
Skunkworks Reflections_0037.webp
Yarf! #05_0041.webp
Gri-Louie.jpg
CF7-DI~1.GIF
CATRE2.GIF
charref_3.jpg
DP-Snarl.jpg
The American Journal of Anthropomorphics #2_0107.webp
LIGHTN~1.GIF
ROXANN~4.GIF
4. South Fur Lands #04_0037.webp
FIREBA~2.GIF
Hit The Beach #02_0017.webp
EE-HAR~1.GIF
The American Journal of Anthropomorphics #2_0042.webp
DJ951020.GIF
LCASTRIA.GIF
Gri-ChipSk1.jpg
AZHTAR~1.GIF
MIDIAN2.GIF
DASHIN~1.GIF
CC-ROAR.JPG
Gri-Familiar.jpg
Gri-Soda.jpg
Little Paw #4_0023.webp
soulfox_gift.jpg
DRAGONB5.GIF
M-O'DOUR.GIF
Gri-SepiaHug.jpg
DRAGON~1.JPG
Little Paw #2_0080.webp
Gri-arturoSk1.jpg
ROXANN~5.GIF
Yarf! #33_0055.webp
charref_2.jpg
GB-BGBUN.GIF
The American Journal of Anthropomorphics #3_0072.webp
FRISBEE.GIF
5. South Fur Lands #05_0037.webp
Gri-Omega.jpg
ATM-MP~1.GIF
Little Paw #5_0087.webp
The American Journal of Anthropomorphics #4_0130.webp
PYXXEL~1.JPG
ATM-KA~1.JPG
Little Paw #3_0024.webp
MNAWAI~1.GIF
MURDER.GIF
Gri-KindarRelax.jpg
Yarf! #50_0018.webp
CAT-PE~1.GIF
cc-purpleblob.jpg
Maelstrom.jpg
BWOLFCAR.GIF
REN-1-GW.GIF
RCQUICK.GIF
Little Paw #5_0068.webp
Little Paw #1_0082.webp
LISADOG.GIF
Gri-Showering.jpg
Gri-Wufly.jpg
Yarf! #5_0042.webp
CYBER-NB.GIF
ATM-CUTE.GIF
Hit The Beach #08_0030.webp
Spit-or-Swallow.jpg
FY-NIK~1.JPG
CF7-C~11.GIF
Fennec_by_Grrrwolf.jpg
cc-eggplant16.jpg
The American Journal of Anthropomorphics #3_0025.webp
unstrapped.gif
cc-eggplant02.jpg
ravefolio_preview_fel.jpg
Gri-nGriRalph.jpg
Little Paw #2_0038.webp
RYLA_T~1.GIF
BAXTRR~1.GIF
Yarf! #39_0009.webp
EE-FOX9.GIF
MEL-012.GIF
Gri-3Horses.jpg
kite.png
Yarf! #1_0010.webp
ERYCH-~1.GIF
Yarf! #03_0021.webp
ANIME-P3.GIF
!COVER_0000.webp
Little Paw #3_0073.webp
Gri-Hardhump.jpg
MEL-006.GIF
Gri-Dawgz2.jpg
FOXEN.GIF
Gri-Aethan.jpg
BIG-TYGR.GIF
FAQ_WOLF.GIF
Pedestrian_Crossing.jpg
Yarf! #06_0038.webp
Hit The Beach #08_0026.webp
Little Paw #4_0062.webp
BEASTM~1.GIF
GAN-PDC.GIF
EM-GRY~1.GIF
Little Paw #1_0094.webp
5000 Fans of Dr.T issue 02_Page_07.webp
MIEL_P~1.GIF
LYNX2.JPG
GB-BBPNK.JPG
Gri-DinoRear.jpg
ANN-SW~1.GIF
BRISCO.JPG
Wild Side #1_0043.webp
blackkitty.png
MONICA~1.GIF
AURORA.GIF
Yarf! #01_0029.webp
Yarf! #24_0057.webp
ROCKET~1.GIF
Gri-BunnyRear.jpg
The American Journal of Anthropomorphics #2_0078.webp
CC-MINE.JPG
EE-WOLF4.GIF
CS3EYE~1.GIF
cc-gupspoo.jpg
BOMBER~1.GIF
oekaki1.jpg
BUNBD-KB.JPG
Little Paw #5_0029.webp
DJ950908.GIF
CH-LI~40.GIF
The American Journal of Anthropomorphics #3_0121.webp
Tank Vixens Portfolio_0008.webp
ROHO-C~1.GIF
DIANAS2.GIF
MOLLY_~1.GIF
RCTEMPST.GIF
FOXHEAD.GIF
LONGDAY.GIF
MH_KIT~1.GIF
CRYSTA~1.JPG
DAVMES~1.GIF
CH-LI~54.GIF
CF688.JPG
toast.png
BEGONIA.GIF
FERRO1~1.GIF
The American Journal of Anthropomorphics #3_0064.webp
BADBUNNY.GIF
easter.jpg
Hit The Beach #06_0028.webp
RACHEL~8.GIF
CH-LI~68.GIF
Little Paw #2_0079.webp
ROXIKAT3.GIF
BEARPAWS.GIF
MATHUE~1.GIF
cc-success.jpg
CH-LI~83.GIF
CINO18.GIF
Yarf! #2_0004.webp
FoxBros2.gif
8. South Fur Lands #08_0007.webp
LESSON.GIF
FOODFIGT.GIF
Little Paw #3_0032.webp
MEME-PO.GIF
ALICIA~1.GIF
Gri-SittingFoxt1.jpg
REINPO~1.GIF
CC-DRINK.JPG
FANTA~10.GIF
equisfox1.jpg
APPANTS.GIF
RCCOURIE.GIF
Yarf! #9_0044.webp
CF663.JPG
RN10.GIF
CINO24.GIF
FOX4.GIF
g-girl.gif
The American Journal of Anthropomorphics #4_0063.webp
Gri-SilDrag.jpg
ZU #01_0024.webp
CINO30.GIF
MORGAN~1.JPG
Katmandu Annual #02_0037.webp
CAL.GIF
RN04.GIF
digi.jpg
FRNKZK3.GIF
FOX6.GIF
zixalus_f.png
CINO26.GIF
RN12.GIF
LUPEGARG.JPG
EUROPA.GIF
BUNBALL.JPG
MULBERRY.GIF
AMICUE~1.GIF
RN06.GIF
Little Paw #3_0100.webp
PICT-DR.GIF
Little Paw #5_0009.webp
CINO32.GIF
CATHY.GIF
ARMOR.GIF
CH-LI~81.GIF
CF675.JPG
RZARIL~1.GIF
FANTA~12.GIF
LUNDBDR.GIF
cc-poorfox.jpg
AEONIA~2.GIF
RUMALLIK.JPG
DANDE-~1.GIF
Little Paw #4_0107.webp
foxiehound.jpg
The American Journal of Anthropomorphics #3_0013.webp
APDETECT.GIF
FHA-CAT1.GIF
LYRICS.GIF
ROO&FOX.GIF
Hit The Beach #08_0006.webp
Rogue-snax.jpg
gift_otter600_f.jpg
Yarf! #04_0010.webp
CH-LI~42.GIF
CH-LI~56.GIF
MORRIG.GIF
ATM-CO~2.GIF
CLIP.GIF
MUKRAK04.GIF
DAVEPE~1.GIF
MIEL_R~1.GIF
MERWOLF2.GIF
EDERYN~2.GIF
cc-chebadge.jpg
MIEL_K2.GIF
The American Journal of Anthropomorphics #4_0043.webp
MILILAN1.JPG
ATM-AR~1.GIF
batto.jpg
RED-SH~2.GIF
AMY_HI~2.GIF
AHWTSHBK.GIF
QUICKS~2.GIF
Yarf! #2_0024.webp
RAFEKI1.GIF
8. South Fur Lands #08_0027.webp
Pit_Stop.jpg
ROCKET~3.GIF
kitties.png
Little Paw #3_0012.webp
MISTER~1.GIF
Gri-oWannaplay.jpg
Gri-PorchDawgsSk.jpg
ALIKSA~1.GIF
Ral-93.jpg
AP_ARMA.GIF
The American Journal of Anthropomorphics #4_0106.webp
Yarf! #08_0000.webp
RTBDA-~5.GIF
Gri-bjentail.jpg
REAH.GIF
Hit The Beach #06_0008.webp
D-CON16.JPG
Aleina-01.jpg
Gri-Okay.jpg
BLOODT~1.GIF
The American Journal of Anthropomorphics #3_0101.webp
Little Paw #4_0015.webp
Tales of the Fehnnik #00_0005.webp
FOUNTA~1.GIF
CITYFOPS.GIF
BBOUNTY.GIF
Cougr-04.jpg
AINEN-GW.GIF
The American Journal of Anthropomorphics #4_0055.webp
BIRDBOT1.GIF
LSD.GIF
MEL-038.GIF
Gri-Fennec.jpg
FILLY-MD.GIF
AMY-FOX.GIF
maxnben.png
Gri-LionCouch.jpg
GM-DOU~1.GIF
The American Journal of Anthropomorphics #4_0110.webp
RTBDANAP.GIF
CINOSA~1.GIF
Hit The Beach #04_0000.webp
MEL-010.GIF
BAXTRR~3.GIF
MEL-004.GIF
Yarf! #45_0065.webp
8. South Fur Lands #08_0031.webp
Sabrina Online #1_0023.webp
Yarf! #50_0038.webp
DEL-THYU.GIF
FENCIN~1.GIF
DEVI-GW.GIF
10. South Fur Lands #10_0033.webp
RACCOON2.GIF
pumpkin.png
cc-eggplant14.jpg
0000_Cover.webp
Yarf! #8_0039.webp
AP-HIG~1.GIF
Missin_Lil_Key.jpg
GAN-B-PD.GIF
Gri-Cad.jpg
RTALMEID.JPG
Yarf! #07_0004.webp
Yarf! #04_0051.webp
RENGEC~1.GIF
Little Paw #4_0003.webp
ASPIRI~2.GIF
Hit The Beach #03_0007.webp
ALYT-GW.GIF
FIFI-GW.GIF
RYLAN2.JPG
CECFAITH.GIF
Gri-TagTee.jpg
Quack! #01_0051.webp
FPAIR.GIF
COSMO4.GIF
Gri-wlko2.jpg
3. South Fur Lands #03_0036.webp
play.jpg
BAXJOBGG.GIF
RADSHA~1.GIF
BUNATIVE.GIF
eclipse.jpg
Yarf! #1_0030.webp
MEL-052.JPG
MEL-046.JPG
Little Paw #3_0053.webp
Yarf! #9_0025.webp
FIREBA~1.GIF
REDJCK2.GIF
5. South Fur Lands #05_0040.webp
Gri-AnotherGref.jpg
LIGHTN~2.GIF
DOOMVI~1.GIF
LEMUR07.GIF
The American Journal of Anthropomorphics #3_0005.webp
Gri-Badgerc.jpg
BLUE_S~1.GIF
cc-cooler-twins.jpg
Genus - Spotlight On Skunkworks #02_0000.webp
MF-MF.GIF
Little Paw #2_0018.webp
FOXINA.GIF
FMUCK01.GIF
RAFTIN~1.GIF
REAH-JC.GIF
Gri-PorchWolf.jpg
FOXBRI~1.GIF
Little Paw #4_0054.webp
AZHTAR~2.GIF
DRAGON~3.JPG
Gri-Oscar.jpg
Gri-RatSk.jpg
Hit The Beach #08_0010.webp
DANDS.GIF
DRAGON~2.JPG
PARAGNNK.GIF
FOXEY2.GIF
Gri-XyMongoose.jpg
CONEJA.JPG
CHANGE4.JPG
Gri-BigHusky.jpg
ROO.GIF
Little Paw #5_0064.webp
Gri-Pounce.jpg
2F-SKETC.GIF
LONE-W01.JPG
CHEETAHA.GIF
REDFRANC.GIF
MEGANEA1.GIF
CC-COW.GIF
AP-POL~1.GIF
ROXANN~6.GIF
HalloSpaceboy2002_09-29.jpg
Yarf! #7_0007.webp
Yarf! #06_0063.webp
charref_1.jpg
Skunkworks Reflections_0040.webp
MEL-047.JPG
FOXSUI~1.GIF
Gri-RopeBunny.jpg
FoxComic.gif
FF-BABY.GIF
Yarf! #35_0015.webp
AKI-N-~1.GIF
CHIRIK.GIF
MEL-053.JPG
PARAGNCL.GIF
PYXXEL~2.JPG
Gri-Shot.jpg
The Mean, Green, Bondo Machine_0004.webp
Yarf! #0_0000.webp
nightcat-02b.jpg
MEOWMIX.GIF
MF-J&H.GIF
Hit The Beach #06_0032.webp
Gri-Wlko3.jpg
BIGBUN.GIF
Little Paw #2_0063.webp
Little Paw #1_0036.webp
PARENTHO.GIF
The American Journal of Anthropomorphics #2_0062.webp
AETHAN~1.JPG
EE-CAT.GIF
LSGL-MU.GIF
ARIALN~1.GIF
GB-HPHOP.GIF
Gri-BlackWolf.jpg
cc-cent-drink.jpg
PORTIA~1.GIF
Gri-Deacon.jpg
Weeding.jpg
Yarf! #18-19_0039.webp
CH-CAT~1.JPG
jackalope2.jpg
cc-eggplant01.jpg
cc-eggplant15.jpg
CC-BLUES.JPG
Little Paw #3_0090.webp
POSSUM~1.GIF
AKELA-GG.GIF
FY-NIK~2.JPG
Gri-HappyOtter.jpg
MEL-005.GIF
BAT-2-GW.GIF
Little Paw #4_0078.webp
RACCOON.GIF
DP-140-Ranalir-scale-ruff.jpg
BAXTRR~2.GIF
MEL-011.GIF
huskypornstuff.jpg
Robin-Stroll.jpg
Little Paw #2_0034.webp
Gri-Sha.jpg
MEL-039.GIF
CBROCK~1.GIF
Little Paw #4_0097.webp
Yarf! #09_0026.webp
Yarf! #8_0042.webp
The American Journal of Anthropomorphics #3_0029.webp
ROXIANTH.GIF
BTTNS_SM.GIF
Gri-Sorinth.jpg
Yarf! #01_0033.webp
FUR-LOW1.GIF
AMY.GIF
LYNX1.JPG
Yarf! #50_0055.webp
BETH-S~1.GIF
CRTD-GW.GIF
Gri-Blackwolf1.jpg
Little Paw #3_0069.webp
POLEKI~1.GIF
Gri-Bassoonist.jpg
The American Journal of Anthropomorphics #2_0074.webp
The American Journal of Anthropomorphics #1_0021.webp
LOWCOL~1.GIF
Gri-rubber.jpg
Gri-GryphonRain.jpg
Little Paw #5_0025.webp
EE-COUG.GIF
Hit The Beach #02_0021.webp
RTBDA-~4.GIF
Little Paw #3_0086.webp
D-CON17.JPG
msx.png
ERIDANI4.GIF
Meg-a-tonne.jpg
home.gif
Gri-Yennixc.jpg
BOMBER~2.GIF
oekaki2.jpg
MTORRN~1.GIF
Little Paw #1_0098.webp
CF462.JPG
CS3EYE~2.GIF
three_by_sea.gif
EF-VIXEN.GIF
LYNX-I~1.GIF
EE-WOLF7.GIF
AMY_HI~3.GIF
ROCKET~2.GIF
Gri-Dawgz.jpg
Gri-LionRear.jpg
MORPHN~1.GIF
Gri-BikRock.jpg
play_w_mouse.jpg
Everest-rampages.jpg
RED-SH~3.GIF
Gri-BikLunar.jpg
PACKSIS4.JPG
Little Paw #4_0081.webp
BANDITJN.GIF
Hit The Beach #05_0026.webp
Gri-Hanging2.jpg
Gri-TheTameTalkShowc.jpg
MIEL_K3.GIF
MacroCD-Nav.gif
Little Paw #1_0077.webp
The American Journal of Anthropomorphics #2_0023.webp
AETOBA~1.GIF
Gri-Squirt.jpg
CH-LI~57.GIF
EE-FTWLF.GIF
Gri-2001.jpg
MUKRAK05.GIF
ATM-CO~3.GIF
DEMO_NK.GIF
BURAN-AH.JPG
FAWN-TZ.GIF
CH-LI~43.GIF
Yarf! #39_0044.webp
dragon_unfinished.jpg
Yarf! #18-19_0078.webp
LOSTBOY.GIF
Anji-01-C.jpg
MATHUE~2.GIF
Yarf! #4_0044.webp
Gri-soarhedz.jpg
FOXMAGE.JPG
Yarf! #21_0015.webp
MBAT-CK.GIF
Little Paw #5_0072.webp
kick.png
BAT-BO~1.GIF
FHA-HAW1.GIF
ROXANN~2.GIF
RORI2.GIF
Cougr-crush.jpg
Rounce-n-Algebar.jpg
MFOX2.GIF
Missy01.jpg
DRAGO~12.GIF
LAZULI~1.GIF
BARONB.GIF
glass.png
dragonnite.jpg
Yarf! #4_0053.webp
LOCKLE~1.GIF
cc-walks26.jpg
LUNAOVER.GIF
CH-LXM~1.JPG
The American Journal of Anthropomorphics #3_0090.webp
ATHENANK.GIF
EE-FOXME.GIF
Yarf! #5_0018.webp
Megajhon1.jpg
BRYCE-ER.GIF
Renee-ruff1.jpg
The Mean, Green, Bondo Machine_0005.webp
FOXYLADY.GIF
Vampiric Albino Squirrels in Vinyl #02_0002.webp
ATM-HA~1.GIF
PFERUSAG.GIF
RIO1-16.GIF
Yarf! #33_0058.webp
Competition2Magnet.jpg
Hit The Beach #06_0033.webp
2003porno2.jpg
Little Paw #1_0037.webp
Gri-Dino.jpg
Little Paw #2_0062.webp
LNXMC-BH.GIF
REDPAN~1.JPG
cc-lambcannon.jpg
MEL-001.GIF
Gri-RooSk.jpg
RIVERO~1.GIF
AP_MICE1.GIF
MEL-029.GIF
Little Paw #2_0035.webp
Little Paw #4_0096.webp
Vampiric Albino Squirrels in Vinyl #01_0000.webp
PANAMAGR.GIF
AARON1.JPG
AILEEN~1.GIF
BY-CHAR.JPG
Gri-She.jpg
AP_EVIL.GIF
ACeXCAT_sketch.jpg
MONA.GIF
Rouncy-Interview1.jpg
ADOODLE.JPG
Hermott1.jpg
CHEETLPD.JPG
cc-t-rape.jpg
ANDEE.JPG
Gri-FingerMountedClaws.jpg
CATRE.GIF
BARB-MDC.GIF
ACeXCAT-color.jpg
AZYUR.GIF
Little Paw #4_0080.webp
DSQURL1.GIF
PTCHOBLK.JPG
CH-LI~47.GIF
The American Journal of Anthropomorphics #4_0081.webp
MUKRAK01.GIF
CHESTN~1.GIF
Gri-Slingc.jpg
PILLOW~1.GIF
CH-LI~53.GIF
CANYON.GIF
MIEL_K&L.GIF
Yarf! #39_0045.webp
BERIOS~2.GIF
Gri-Draggor2.jpg
Yarf! #18-19_0079.webp
BNL-FRAN.GIF
Yarf! #4_0045.webp
Gri-badmemory.jpg
CF7-CO~8.GIF
Gri-Bronzec.jpg
GENMA.JPG
RODENT~1.GIF
Tigrant-EVA.jpg
LUAGHABW.GIF
Gri-torture.jpg
Little Paw #1_0099.webp
Ferdiad.jpg
cc-drawinroo.jpg
AMY_HI~7.GIF
Yarf! #35_0055.webp
EE-WOLF3.GIF
EXPRESS.GIF
FoxBros1.gif
Tank Vixens Portfolio_0004.webp
CF674.JPG
CH-LI~80.GIF
Gri-TheCheater.jpg
AP_LEXRO.GIF
Little Paw #1_0020.webp
ddr.gif
ABE12.GIF
Gri-TwoWoov.jpg
ARAGH.JPG
CINO33.GIF
RN07.GIF
MEK-5-GW.GIF
RN13.GIF
CINO27.GIF
PANDA.GIF
FANTA~13.GIF
Gri-Doral.jpg
CF660.JPG
Tales of the Fehnnik #00_0029.webp
Gri-SittingFoxt2.jpg
ALICIA~2.GIF
Gri-Foxen.jpg
RN03.GIF
The Mean, Green, Bondo Machine_0013.webp
Yarf! #02_0026.webp
CF658.JPG
Yarf! #9_0049.webp
CINO23.GIF
FOX3.GIF
Little Paw #2_0074.webp
ROXANN~3.GIF
CUHSM.JPG
COUNCLGR.GIF
Gri-Blood.jpg
Little Paw #2_0019.webp
FOXDUDE.GIF
ALTONA~1.JPG
MAGIC-NB.GIF
Little Paw #1_0109.webp
Little Paw #4_0055.webp
CENTAU~1.GIF
Gri-Marty.jpg
Gri-wfr1.jpg
Blitzy3ColorCU1.jpg
Yarf! #50_0015.webp
ATHENACL.GIF
6. South Fur Lands #06_0036.webp
CFE96_48.JPG
AP_RUDE.GIF
The American Journal of Anthropomorphics #4_0097.webp
Timba-crush.jpg
The American Journal of Anthropomorphics #1_0061.webp
ISB #02_0009.webp
COME_H~1.GIF
Gri-Mavrick.jpg
Gri-BerWuf.jpg
LOOPY-NB.GIF
Rogue-says-hello.jpg
MICKEY~1.GIF
Robin03.jpg
FOXX-STR.GIF
FOXRYSS.GIF
Yarf! #39_0004.webp
BRITTANY.GIF
CC-FU2.JPG
cc-eggplant11.jpg
cc-eggplant05.jpg
MOUSPN~1.GIF
ECELON~1.GIF
Little Paw #3_0091.webp
Yarf! #50_0054.webp
onthechair2.jpg
AP_PATCH.GIF
Hit The Beach #07_0039.webp
cc-pikafel.jpg
The American Journal of Anthropomorphics #1_0020.webp
Little Paw #5_0024.webp
Tornado1.jpg
4. South Fur Lands #04_0000.webp
Little Paw #3_0087.webp
The American Journal of Anthropomorphics #4_0039.webp
Yarf! #21_0043.webp
LYIN-B~1.JPG
MEL-015.GIF
Yarf! #42_0018.webp
LUNAWIDE.GIF
Hit The Beach #05_0027.webp
Little Paw #2_0023.webp
Little Paw #1_0076.webp
CORNNOCT.GIF
ROBERT~1.GIF
POINTS~1.GIF
Hit The Beach #02_0036.webp
FOX7.GIF
Algebar-fun2.jpg
Yarf! #3_0043.webp
The Mean, Green, Bondo Machine_0012.webp
Yarf! #02_0027.webp
BIANCA~1.GIF
LYNX-2~1.GIF
CH-LI~84.GIF
LOUISE.GIF
R-KIYOMI.GIF
interruption.jpg
Little Paw #4_0038.webp
DJ940922.GIF
bythefire02.jpg
EAGLNDLE.GIF
DEMO_CL.GIF
Gri-LucienTom.jpg
CF664.JPG
AELFIN~1.GIF
Tank Vixens Portfolio_0005.webp
Gri-BjenRik.jpg
